Archive member included to satisfy reference by file (symbol)

c:/st/stm32cubeide_1.5.1/stm32cubeide/plugins/com.st.stm32cube.ide.mcu.externaltools.gnu-tools-for-stm32.9-2020-q2-update.win32_1.5.0.202011040924/tools/bin/../lib/gcc/arm-none-eabi/9.3.1/../../../../arm-none-eabi/lib/thumb/v7-m/nofp\libc_nano.a(lib_a-errno.o)
                              Core/Src/syscalls.o (__errno)
c:/st/stm32cubeide_1.5.1/stm32cubeide/plugins/com.st.stm32cube.ide.mcu.externaltools.gnu-tools-for-stm32.9-2020-q2-update.win32_1.5.0.202011040924/tools/bin/../lib/gcc/arm-none-eabi/9.3.1/../../../../arm-none-eabi/lib/thumb/v7-m/nofp\libc_nano.a(lib_a-exit.o)
                              c:/st/stm32cubeide_1.5.1/stm32cubeide/plugins/com.st.stm32cube.ide.mcu.externaltools.gnu-tools-for-stm32.9-2020-q2-update.win32_1.5.0.202011040924/tools/bin/../lib/gcc/arm-none-eabi/9.3.1/../../../../arm-none-eabi/lib/thumb/v7-m/nofp/crt0.o (exit)
c:/st/stm32cubeide_1.5.1/stm32cubeide/plugins/com.st.stm32cube.ide.mcu.externaltools.gnu-tools-for-stm32.9-2020-q2-update.win32_1.5.0.202011040924/tools/bin/../lib/gcc/arm-none-eabi/9.3.1/../../../../arm-none-eabi/lib/thumb/v7-m/nofp\libc_nano.a(lib_a-impure.o)
                              c:/st/stm32cubeide_1.5.1/stm32cubeide/plugins/com.st.stm32cube.ide.mcu.externaltools.gnu-tools-for-stm32.9-2020-q2-update.win32_1.5.0.202011040924/tools/bin/../lib/gcc/arm-none-eabi/9.3.1/../../../../arm-none-eabi/lib/thumb/v7-m/nofp\libc_nano.a(lib_a-exit.o) (_global_impure_ptr)
c:/st/stm32cubeide_1.5.1/stm32cubeide/plugins/com.st.stm32cube.ide.mcu.externaltools.gnu-tools-for-stm32.9-2020-q2-update.win32_1.5.0.202011040924/tools/bin/../lib/gcc/arm-none-eabi/9.3.1/../../../../arm-none-eabi/lib/thumb/v7-m/nofp\libc_nano.a(lib_a-init.o)
                              c:/st/stm32cubeide_1.5.1/stm32cubeide/plugins/com.st.stm32cube.ide.mcu.externaltools.gnu-tools-for-stm32.9-2020-q2-update.win32_1.5.0.202011040924/tools/bin/../lib/gcc/arm-none-eabi/9.3.1/../../../../arm-none-eabi/lib/thumb/v7-m/nofp/crt0.o (__libc_init_array)
c:/st/stm32cubeide_1.5.1/stm32cubeide/plugins/com.st.stm32cube.ide.mcu.externaltools.gnu-tools-for-stm32.9-2020-q2-update.win32_1.5.0.202011040924/tools/bin/../lib/gcc/arm-none-eabi/9.3.1/../../../../arm-none-eabi/lib/thumb/v7-m/nofp\libc_nano.a(lib_a-memcpy-stub.o)
                              Middlewares/Third_Party/FreeRTOS/Source/CMSIS_RTOS_V2/cmsis_os2.o (memcpy)
c:/st/stm32cubeide_1.5.1/stm32cubeide/plugins/com.st.stm32cube.ide.mcu.externaltools.gnu-tools-for-stm32.9-2020-q2-update.win32_1.5.0.202011040924/tools/bin/../lib/gcc/arm-none-eabi/9.3.1/../../../../arm-none-eabi/lib/thumb/v7-m/nofp\libc_nano.a(lib_a-memmove.o)
                              Core/Src/microrl.o (memmove)
c:/st/stm32cubeide_1.5.1/stm32cubeide/plugins/com.st.stm32cube.ide.mcu.externaltools.gnu-tools-for-stm32.9-2020-q2-update.win32_1.5.0.202011040924/tools/bin/../lib/gcc/arm-none-eabi/9.3.1/../../../../arm-none-eabi/lib/thumb/v7-m/nofp\libc_nano.a(lib_a-memset.o)
                              c:/st/stm32cubeide_1.5.1/stm32cubeide/plugins/com.st.stm32cube.ide.mcu.externaltools.gnu-tools-for-stm32.9-2020-q2-update.win32_1.5.0.202011040924/tools/bin/../lib/gcc/arm-none-eabi/9.3.1/../../../../arm-none-eabi/lib/thumb/v7-m/nofp/crt0.o (memset)
c:/st/stm32cubeide_1.5.1/stm32cubeide/plugins/com.st.stm32cube.ide.mcu.externaltools.gnu-tools-for-stm32.9-2020-q2-update.win32_1.5.0.202011040924/tools/bin/../lib/gcc/arm-none-eabi/9.3.1/../../../../arm-none-eabi/lib/thumb/v7-m/nofp\libc_nano.a(lib_a-strcmp.o)
                              Core/Src/microrl_cmd.o (strcmp)

Allocating common symbols
Common symbol       size              file

hUsbDeviceFS        0x2c4             USB_DEVICE/App/usb_device.o
d3231_mem           0x13              Core/Src/d3231.o
defaultTaskHandle   0x4               Core/Src/freertos.o
hspi2               0x58              Core/Src/spi.o
hi2c1               0x54              Core/Src/i2c.o
LEDheartbeatHandle  0x4               Core/Src/freertos.o
compl_word          0x40              Core/Src/microrl_cmd.o
muI2CHandle         0x4               Core/Src/d3231.o
UARTtaskHandle      0x4               Core/Src/freertos.o
uwTick              0x4               Drivers/STM32F1xx_HAL_Driver/Src/stm32f1xx_hal.o
xQueueRegistry      0x40              Middlewares/Third_Party/FreeRTOS/Source/queue.o
pFlash              0x20              Drivers/STM32F1xx_HAL_Driver/Src/stm32f1xx_hal_flash.o
UserRxBufferFS      0x3e8             USB_DEVICE/App/usbd_cdc_if.o
mcrl                0x54              Core/Src/microrl_cmd.o
UserTxBufferFS      0x3e8             USB_DEVICE/App/usbd_cdc_if.o
taskUSB_rcvHandle   0x4               Core/Src/freertos.o
htim1               0x48              Core/Src/stm32f1xx_hal_timebase_tim.o
qUSB_rcvHandle      0x4               Core/Src/freertos.o
qVFDHandle          0x4               Core/Src/d3231.o
huart2              0x44              Core/Src/usart.o
[...]
Memory Configuration

Name             Origin             Length             Attributes
RAM              0x0000000020000000 0x0000000000005000 xrw
FLASH            0x0000000008000000 0x0000000000010000 xr
*default*        0x0000000000000000 0xffffffffffffffff

Linker script and memory map

LOAD c:/st/stm32cubeide_1.5.1/stm32cubeide/plugins/com.st.stm32cube.ide.mcu.externaltools.gnu-tools-for-stm32.9-2020-q2-update.win32_1.5.0.202011040924/tools/bin/../lib/gcc/arm-none-eabi/9.3.1/thumb/v7-m/nofp/crti.o
LOAD c:/st/stm32cubeide_1.5.1/stm32cubeide/plugins/com.st.stm32cube.ide.mcu.externaltools.gnu-tools-for-stm32.9-2020-q2-update.win32_1.5.0.202011040924/tools/bin/../lib/gcc/arm-none-eabi/9.3.1/thumb/v7-m/nofp/crtbegin.o
LOAD c:/st/stm32cubeide_1.5.1/stm32cubeide/plugins/com.st.stm32cube.ide.mcu.externaltools.gnu-tools-for-stm32.9-2020-q2-update.win32_1.5.0.202011040924/tools/bin/../lib/gcc/arm-none-eabi/9.3.1/../../../../arm-none-eabi/lib/thumb/v7-m/nofp/crt0.o
LOAD Core/Src/d3231.o
LOAD Core/Src/freertos.o
LOAD Core/Src/gpio.o
LOAD Core/Src/i2c.o
LOAD Core/Src/main.o
LOAD Core/Src/microrl.o
LOAD Core/Src/microrl_cmd.o
LOAD Core/Src/spi.o
LOAD Core/Src/stm32f1xx_hal_msp.o
LOAD Core/Src/stm32f1xx_hal_timebase_tim.o
LOAD Core/Src/stm32f1xx_it.o
LOAD Core/Src/syscalls.o
LOAD Core/Src/sysmem.o
LOAD Core/Src/system_stm32f1xx.o
LOAD Core/Src/usart.o
LOAD Core/Src/vfd.o
LOAD Core/Startup/startup_stm32f103c8tx.o
LOAD Drivers/STM32F1xx_HAL_Driver/Src/stm32f1xx_hal.o
LOAD Drivers/STM32F1xx_HAL_Driver/Src/stm32f1xx_hal_cortex.o
LOAD Drivers/STM32F1xx_HAL_Driver/Src/stm32f1xx_hal_dma.o
LOAD Drivers/STM32F1xx_HAL_Driver/Src/stm32f1xx_hal_exti.o
LOAD Drivers/STM32F1xx_HAL_Driver/Src/stm32f1xx_hal_flash.o
LOAD Drivers/STM32F1xx_HAL_Driver/Src/stm32f1xx_hal_flash_ex.o
LOAD Drivers/STM32F1xx_HAL_Driver/Src/stm32f1xx_hal_gpio.o
LOAD Drivers/STM32F1xx_HAL_Driver/Src/stm32f1xx_hal_gpio_ex.o
LOAD Drivers/STM32F1xx_HAL_Driver/Src/stm32f1xx_hal_i2c.o
LOAD Drivers/STM32F1xx_HAL_Driver/Src/stm32f1xx_hal_pcd.o
LOAD Drivers/STM32F1xx_HAL_Driver/Src/stm32f1xx_hal_pcd_ex.o
LOAD Drivers/STM32F1xx_HAL_Driver/Src/stm32f1xx_hal_pwr.o
LOAD Drivers/STM32F1xx_HAL_Driver/Src/stm32f1xx_hal_rcc.o
LOAD Drivers/STM32F1xx_HAL_Driver/Src/stm32f1xx_hal_rcc_ex.o
LOAD Drivers/STM32F1xx_HAL_Driver/Src/stm32f1xx_hal_spi.o
LOAD Drivers/STM32F1xx_HAL_Driver/Src/stm32f1xx_hal_tim.o
LOAD Drivers/STM32F1xx_HAL_Driver/Src/stm32f1xx_hal_tim_ex.o
LOAD Drivers/STM32F1xx_HAL_Driver/Src/stm32f1xx_hal_uart.o
LOAD Drivers/STM32F1xx_HAL_Driver/Src/stm32f1xx_ll_usb.o
LOAD Middlewares/ST/STM32_USB_Device_Library/Class/CDC/Src/usbd_cdc.o
LOAD Middlewares/ST/STM32_USB_Device_Library/Core/Src/usbd_core.o
LOAD Middlewares/ST/STM32_USB_Device_Library/Core/Src/usbd_ctlreq.o
LOAD Middlewares/ST/STM32_USB_Device_Library/Core/Src/usbd_ioreq.o
LOAD Middlewares/Third_Party/FreeRTOS/Source/CMSIS_RTOS_V2/cmsis_os2.o
LOAD Middlewares/Third_Party/FreeRTOS/Source/croutine.o
LOAD Middlewares/Third_Party/FreeRTOS/Source/event_groups.o
LOAD Middlewares/Third_Party/FreeRTOS/Source/list.o
LOAD Middlewares/Third_Party/FreeRTOS/Source/queue.o
LOAD Middlewares/Third_Party/FreeRTOS/Source/stream_buffer.o
LOAD Middlewares/Third_Party/FreeRTOS/Source/tasks.o
LOAD Middlewares/Third_Party/FreeRTOS/Source/timers.o
LOAD Middlewares/Third_Party/FreeRTOS/Source/portable/GCC/ARM_CM3/port.o
LOAD Middlewares/Third_Party/FreeRTOS/Source/portable/MemMang/heap_4.o
LOAD USB_DEVICE/App/usb_device.o
LOAD USB_DEVICE/App/usbd_cdc_if.o
LOAD USB_DEVICE/App/usbd_desc.o
LOAD USB_DEVICE/Target/usbd_conf.o
START GROUP
LOAD c:/st/stm32cubeide_1.5.1/stm32cubeide/plugins/com.st.stm32cube.ide.mcu.externaltools.gnu-tools-for-stm32.9-2020-q2-update.win32_1.5.0.202011040924/tools/bin/../lib/gcc/arm-none-eabi/9.3.1/../../../../arm-none-eabi/lib/thumb/v7-m/nofp\libc_nano.a
LOAD c:/st/stm32cubeide_1.5.1/stm32cubeide/plugins/com.st.stm32cube.ide.mcu.externaltools.gnu-tools-for-stm32.9-2020-q2-update.win32_1.5.0.202011040924/tools/bin/../lib/gcc/arm-none-eabi/9.3.1/../../../../arm-none-eabi/lib/thumb/v7-m/nofp\libm.a
END GROUP
START GROUP
LOAD c:/st/stm32cubeide_1.5.1/stm32cubeide/plugins/com.st.stm32cube.ide.mcu.externaltools.gnu-tools-for-stm32.9-2020-q2-update.win32_1.5.0.202011040924/tools/bin/../lib/gcc/arm-none-eabi/9.3.1/thumb/v7-m/nofp\libgcc.a
LOAD c:/st/stm32cubeide_1.5.1/stm32cubeide/plugins/com.st.stm32cube.ide.mcu.externaltools.gnu-tools-for-stm32.9-2020-q2-update.win32_1.5.0.202011040924/tools/bin/../lib/gcc/arm-none-eabi/9.3.1/../../../../arm-none-eabi/lib/thumb/v7-m/nofp\libc_nano.a
END GROUP
START GROUP
LOAD c:/st/stm32cubeide_1.5.1/stm32cubeide/plugins/com.st.stm32cube.ide.mcu.externaltools.gnu-tools-for-stm32.9-2020-q2-update.win32_1.5.0.202011040924/tools/bin/../lib/gcc/arm-none-eabi/9.3.1/thumb/v7-m/nofp\libgcc.a
LOAD c:/st/stm32cubeide_1.5.1/stm32cubeide/plugins/com.st.stm32cube.ide.mcu.externaltools.gnu-tools-for-stm32.9-2020-q2-update.win32_1.5.0.202011040924/tools/bin/../lib/gcc/arm-none-eabi/9.3.1/../../../../arm-none-eabi/lib/thumb/v7-m/nofp\libc_nano.a
LOAD c:/st/stm32cubeide_1.5.1/stm32cubeide/plugins/com.st.stm32cube.ide.mcu.externaltools.gnu-tools-for-stm32.9-2020-q2-update.win32_1.5.0.202011040924/tools/bin/../lib/gcc/arm-none-eabi/9.3.1/../../../../arm-none-eabi/lib/thumb/v7-m/nofp\libnosys.a
END GROUP
START GROUP
LOAD c:/st/stm32cubeide_1.5.1/stm32cubeide/plugins/com.st.stm32cube.ide.mcu.externaltools.gnu-tools-for-stm32.9-2020-q2-update.win32_1.5.0.202011040924/tools/bin/../lib/gcc/arm-none-eabi/9.3.1/thumb/v7-m/nofp\libgcc.a
LOAD c:/st/stm32cubeide_1.5.1/stm32cubeide/plugins/com.st.stm32cube.ide.mcu.externaltools.gnu-tools-for-stm32.9-2020-q2-update.win32_1.5.0.202011040924/tools/bin/../lib/gcc/arm-none-eabi/9.3.1/../../../../arm-none-eabi/lib/thumb/v7-m/nofp\libc_nano.a
LOAD c:/st/stm32cubeide_1.5.1/stm32cubeide/plugins/com.st.stm32cube.ide.mcu.externaltools.gnu-tools-for-stm32.9-2020-q2-update.win32_1.5.0.202011040924/tools/bin/../lib/gcc/arm-none-eabi/9.3.1/../../../../arm-none-eabi/lib/thumb/v7-m/nofp\libnosys.a
END GROUP
LOAD c:/st/stm32cubeide_1.5.1/stm32cubeide/plugins/com.st.stm32cube.ide.mcu.externaltools.gnu-tools-for-stm32.9-2020-q2-update.win32_1.5.0.202011040924/tools/bin/../lib/gcc/arm-none-eabi/9.3.1/thumb/v7-m/nofp/crtend.o
LOAD c:/st/stm32cubeide_1.5.1/stm32cubeide/plugins/com.st.stm32cube.ide.mcu.externaltools.gnu-tools-for-stm32.9-2020-q2-update.win32_1.5.0.202011040924/tools/bin/../lib/gcc/arm-none-eabi/9.3.1/thumb/v7-m/nofp/crtn.o
                0x0000000020005000                _estack = (ORIGIN (RAM) + LENGTH (RAM))
                0x0000000000000200                _Min_Heap_Size = 0x200
                0x0000000000000400                _Min_Stack_Size = 0x400

.isr_vector     0x0000000008000000      0x10c
                0x0000000008000000                . = ALIGN (0x4)
 *(.isr_vector)
 .isr_vector    0x0000000008000000      0x10c Core/Startup/startup_stm32f103c8tx.o
                0x0000000008000000                g_pfnVectors
                0x000000000800010c                . = ALIGN (0x4)

.text           0x0000000008000110     0xeca0
                0x0000000008000110                . = ALIGN (0x4)
 *(.text)
 .text          0x0000000008000110       0x40 c:/st/stm32cubeide_1.5.1/stm32cubeide/plugins/com.st.stm32cube.ide.mcu.externaltools.gnu-tools-for-stm32.9-2020-q2-update.win32_1.5.0.202011040924/tools/bin/../lib/gcc/arm-none-eabi/9.3.1/thumb/v7-m/nofp/crtbegin.o
 .text          0x0000000008000150       0x14 c:/st/stm32cubeide_1.5.1/stm32cubeide/plugins/com.st.stm32cube.ide.mcu.externaltools.gnu-tools-for-stm32.9-2020-q2-update.win32_1.5.0.202011040924/tools/bin/../lib/gcc/arm-none-eabi/9.3.1/../../../../arm-none-eabi/lib/thumb/v7-m/nofp\libc_nano.a(lib_a-strcmp.o)
                0x0000000008000150                strcmp
 *(.text*)
 .text.d3231_get_time
                0x0000000008000164       0x50 Core/Src/d3231.o
                0x0000000008000164                d3231_get_time
 .text.d3231_set
                0x00000000080001b4       0x58 Core/Src/d3231.o
                0x00000000080001b4                d3231_set
 .text.MX_FREERTOS_Init
                0x000000000800020c       0xe4 Core/Src/freertos.o
                0x000000000800020c                MX_FREERTOS_Init
 .text.StartDefaultTask
                0x00000000080002f0       0x38 Core/Src/freertos.o
                0x00000000080002f0                StartDefaultTask
 .text.StartLEDheartbeat
                0x0000000008000328       0x44 Core/Src/freertos.o
                0x0000000008000328                StartLEDheartbeat
 .text.StartUSB_rcv
                0x000000000800036c       0x48 Core/Src/freertos.o
                0x000000000800036c                StartUSB_rcv
 .text.StartUARTtask
                0x00000000080003b4       0x3c Core/Src/freertos.o
                0x00000000080003b4                StartUARTtask
 .text.StartEncoder
                0x00000000080003f0      0x838 Core/Src/freertos.o
                0x00000000080003f0                StartEncoder
 .text.HAL_UART_RxCpltCallback
                0x0000000008000c28       0x50 Core/Src/freertos.o
                0x0000000008000c28                HAL_UART_RxCpltCallback
 .text.process_encoder
                0x0000000008000c78      0x108 Core/Src/freertos.o
                0x0000000008000c78                process_encoder
 .text.MX_GPIO_Init
                0x0000000008000d80      0x150 Core/Src/gpio.o
                0x0000000008000d80                MX_GPIO_Init
 .text.MX_I2C1_Init
                0x0000000008000ed0       0x5c Core/Src/i2c.o
                0x0000000008000ed0                MX_I2C1_Init
 .text.HAL_I2C_MspInit
                0x0000000008000f2c       0x7c Core/Src/i2c.o
                0x0000000008000f2c                HAL_I2C_MspInit
 .text.main     0x0000000008000fa8       0x2a Core/Src/main.o
                0x0000000008000fa8                main
 .text.SystemClock_Config
                0x0000000008000fd2       0xb6 Core/Src/main.o
                0x0000000008000fd2                SystemClock_Config
 .text.HAL_TIM_PeriodElapsedCallback
                0x0000000008001088       0x24 Core/Src/main.o
                0x0000000008001088                HAL_TIM_PeriodElapsedCallback
 .text.Error_Handler
                0x00000000080010ac        0xa Core/Src/main.o
                0x00000000080010ac                Error_Handler
 .text.split    0x00000000080010b6       0x92 Core/Src/microrl.o
 .text.print_prompt
                0x0000000008001148       0x1c Core/Src/microrl.o
 .text.terminal_backspace
                0x0000000008001164       0x1c Core/Src/microrl.o
 .text.terminal_newline
                0x0000000008001180       0x1c Core/Src/microrl.o
 .text.u16bit_to_str
                0x000000000800119c       0xa0 Core/Src/microrl.o
 .text.terminal_move_cursor
                0x000000000800123c       0x9c Core/Src/microrl.o
 .text.terminal_reset_cursor
                0x00000000080012d8       0x70 Core/Src/microrl.o
 .text.terminal_print_line
                0x0000000008001348       0x6c Core/Src/microrl.o
 .text.microrl_init
                0x00000000080013b4       0x50 Core/Src/microrl.o
                0x00000000080013b4                microrl_init
 .text.microrl_set_execute_callback
                0x0000000008001404       0x1a Core/Src/microrl.o
                0x0000000008001404                microrl_set_execute_callback
 .text.microrl_set_sigint_callback
                0x000000000800141e       0x1a Core/Src/microrl.o
                0x000000000800141e                microrl_set_sigint_callback
 .text.escape_process
                0x0000000008001438       0xf4 Core/Src/microrl.o
 .text.microrl_insert_text
                0x000000000800152c       0xc4 Core/Src/microrl.o
 .text.microrl_backspace
                0x00000000080015f0       0x68 Core/Src/microrl.o
 .text.new_line_handler
                0x0000000008001658       0x84 Core/Src/microrl.o
                0x0000000008001658                new_line_handler
 .text.microrl_insert_char
                0x00000000080016dc      0x22c Core/Src/microrl.o
                0x00000000080016dc                microrl_insert_char
 .text.microrl_print_char
                0x0000000008001908       0x24 Core/Src/microrl_cmd.o
                0x0000000008001908                microrl_print_char
 .text.print    0x000000000800192c       0x90 Core/Src/microrl_cmd.o
                0x000000000800192c                print
 .text.find_color_by_name
                0x00000000080019bc       0x48 Core/Src/microrl_cmd.o
                0x00000000080019bc                find_color_by_name
 .text.print_color
                0x0000000008001a04       0x4c Core/Src/microrl_cmd.o
                0x0000000008001a04                print_color
 .text.str_length
                0x0000000008001a50       0x2c Core/Src/microrl_cmd.o
                0x0000000008001a50                str_length
 .text.print_help
                0x0000000008001a7c      0x1cc Core/Src/microrl_cmd.o
                0x0000000008001a7c                print_help
 .text.execute  0x0000000008001c48      0x1a0 Core/Src/microrl_cmd.o
                0x0000000008001c48                execute
 .text.sigint   0x0000000008001de8       0x64 Core/Src/microrl_cmd.o
                0x0000000008001de8                sigint
 .text.init_microrl
                0x0000000008001e4c       0x3c Core/Src/microrl_cmd.o
                0x0000000008001e4c                init_microrl
 .text.clear_screen
                0x0000000008001e88       0x28 Core/Src/microrl_cmd.o
                0x0000000008001e88                clear_screen
 .text.set_CDC_ready
                0x0000000008001eb0       0x18 Core/Src/microrl_cmd.o
                0x0000000008001eb0                set_CDC_ready
 .text.color_toggle
                0x0000000008001ec8       0x34 Core/Src/microrl_cmd.o
                0x0000000008001ec8                color_toggle
 .text.color_on
                0x0000000008001efc       0x34 Core/Src/microrl_cmd.o
                0x0000000008001efc                color_on
 .text.color_off
                0x0000000008001f30       0x34 Core/Src/microrl_cmd.o
                0x0000000008001f30                color_off
 .text.color_show
                0x0000000008001f64       0x44 Core/Src/microrl_cmd.o
                0x0000000008001f64                color_show
 .text.nema_toggle
                0x0000000008001fa8       0x34 Core/Src/microrl_cmd.o
                0x0000000008001fa8                nema_toggle
 .text.vfd      0x0000000008001fdc       0x84 Core/Src/microrl_cmd.o
                0x0000000008001fdc                vfd
 .text.get_nema
                0x0000000008002060       0x14 Core/Src/microrl_cmd.o
                0x0000000008002060                get_nema
 .text.set_td   0x0000000008002074       0xc0 Core/Src/microrl_cmd.o
                0x0000000008002074                set_td
 .text.MX_SPI2_Init
                0x0000000008002134       0x6c Core/Src/spi.o
                0x0000000008002134                MX_SPI2_Init
 .text.HAL_SPI_MspInit
                0x00000000080021a0       0x98 Core/Src/spi.o
                0x00000000080021a0                HAL_SPI_MspInit
 .text.HAL_MspInit
                0x0000000008002238       0x70 Core/Src/stm32f1xx_hal_msp.o
                0x0000000008002238                HAL_MspInit
 .text.HAL_InitTick
                0x00000000080022a8       0xac Core/Src/stm32f1xx_hal_timebase_tim.o
                0x00000000080022a8                HAL_InitTick
 .text.NMI_Handler
                0x0000000008002354        0x6 Core/Src/stm32f1xx_it.o
                0x0000000008002354                NMI_Handler
 .text.HardFault_Handler
                0x000000000800235a        0x6 Core/Src/stm32f1xx_it.o
                0x000000000800235a                HardFault_Handler
 .text.MemManage_Handler
                0x0000000008002360        0x6 Core/Src/stm32f1xx_it.o
                0x0000000008002360                MemManage_Handler
 .text.BusFault_Handler
                0x0000000008002366        0x6 Core/Src/stm32f1xx_it.o
                0x0000000008002366                BusFault_Handler
 .text.UsageFault_Handler
                0x000000000800236c        0x6 Core/Src/stm32f1xx_it.o
                0x000000000800236c                UsageFault_Handler
 .text.DebugMon_Handler
                0x0000000008002372        0xc Core/Src/stm32f1xx_it.o
                0x0000000008002372                DebugMon_Handler
 .text.EXTI0_IRQHandler
                0x000000000800237e        0xe Core/Src/stm32f1xx_it.o
                0x000000000800237e                EXTI0_IRQHandler
 .text.USB_LP_CAN1_RX0_IRQHandler
                0x000000000800238c       0x14 Core/Src/stm32f1xx_it.o
                0x000000000800238c                USB_LP_CAN1_RX0_IRQHandler
 .text.TIM1_UP_IRQHandler
                0x00000000080023a0       0x14 Core/Src/stm32f1xx_it.o
                0x00000000080023a0                TIM1_UP_IRQHandler
 .text.USART2_IRQHandler
                0x00000000080023b4       0x14 Core/Src/stm32f1xx_it.o
                0x00000000080023b4                USART2_IRQHandler
 .text.SystemInit
                0x00000000080023c8        0xc Core/Src/system_stm32f1xx.o
                0x00000000080023c8                SystemInit
 .text.MX_USART2_UART_Init
                0x00000000080023d4       0x54 Core/Src/usart.o
                0x00000000080023d4                MX_USART2_UART_Init
 .text.HAL_UART_MspInit
                0x0000000008002428       0xa4 Core/Src/usart.o
                0x0000000008002428                HAL_UART_MspInit
 .text.get_char
                0x00000000080024cc       0xd8 Core/Src/vfd.o
                0x00000000080024cc                get_char
 .text.Reset_Handler
                0x00000000080025a4       0x48 Core/Startup/startup_stm32f103c8tx.o
                0x00000000080025a4                Reset_Handler
 .text.Default_Handler
                0x00000000080025ec        0x2 Core/Startup/startup_stm32f103c8tx.o
                0x00000000080025ec                RTC_Alarm_IRQHandler
                0x00000000080025ec                EXTI2_IRQHandler
                0x00000000080025ec                TIM1_CC_IRQHandler
                0x00000000080025ec                PVD_IRQHandler
                0x00000000080025ec                EXTI3_IRQHandler
                0x00000000080025ec                I2C2_EV_IRQHandler
                0x00000000080025ec                ADC1_2_IRQHandler
                0x00000000080025ec                SPI1_IRQHandler
                0x00000000080025ec                TAMPER_IRQHandler
                0x00000000080025ec                DMA1_Channel4_IRQHandler
                0x00000000080025ec                USART3_IRQHandler
                0x00000000080025ec                RTC_IRQHandler
                0x00000000080025ec                DMA1_Channel7_IRQHandler
                0x00000000080025ec                CAN1_RX1_IRQHandler
                0x00000000080025ec                TIM4_IRQHandler
                0x00000000080025ec                I2C1_EV_IRQHandler
                0x00000000080025ec                DMA1_Channel6_IRQHandler
                0x00000000080025ec                TIM3_IRQHandler
                0x00000000080025ec                RCC_IRQHandler
                0x00000000080025ec                TIM1_TRG_COM_IRQHandler
                0x00000000080025ec                DMA1_Channel1_IRQHandler
                0x00000000080025ec                Default_Handler
                0x00000000080025ec                EXTI15_10_IRQHandler
                0x00000000080025ec                EXTI9_5_IRQHandler
                0x00000000080025ec                SPI2_IRQHandler
                0x00000000080025ec                DMA1_Channel5_IRQHandler
                0x00000000080025ec                EXTI4_IRQHandler
                0x00000000080025ec                USB_HP_CAN1_TX_IRQHandler
                0x00000000080025ec                DMA1_Channel3_IRQHandler
                0x00000000080025ec                WWDG_IRQHandler
                0x00000000080025ec                TIM2_IRQHandler
                0x00000000080025ec                TIM1_BRK_IRQHandler
                0x00000000080025ec                EXTI1_IRQHandler
                0x00000000080025ec                I2C2_ER_IRQHandler
                0x00000000080025ec                DMA1_Channel2_IRQHandler
                0x00000000080025ec                CAN1_SCE_IRQHandler
                0x00000000080025ec                FLASH_IRQHandler
                0x00000000080025ec                USART1_IRQHandler
                0x00000000080025ec                I2C1_ER_IRQHandler
                0x00000000080025ec                USBWakeUp_IRQHandler
 *fill*         0x00000000080025ee        0x2 
 .text.HAL_Init
                0x00000000080025f0       0x2c Drivers/STM32F1xx_HAL_Driver/Src/stm32f1xx_hal.o
                0x00000000080025f0                HAL_Init
 .text.HAL_IncTick
                0x000000000800261c       0x24 Drivers/STM32F1xx_HAL_Driver/Src/stm32f1xx_hal.o
                0x000000000800261c                HAL_IncTick
 .text.HAL_GetTick
                0x0000000008002640       0x14 Drivers/STM32F1xx_HAL_Driver/Src/stm32f1xx_hal.o
                0x0000000008002640                HAL_GetTick
 .text.__NVIC_SetPriorityGrouping
                0x0000000008002654       0x48 Drivers/STM32F1xx_HAL_Driver/Src/stm32f1xx_hal_cortex.o
 .text.__NVIC_GetPriorityGrouping
                0x000000000800269c       0x1c Drivers/STM32F1xx_HAL_Driver/Src/stm32f1xx_hal_cortex.o
 .text.__NVIC_EnableIRQ
                0x00000000080026b8       0x38 Drivers/STM32F1xx_HAL_Driver/Src/stm32f1xx_hal_cortex.o
 .text.__NVIC_SetPriority
                0x00000000080026f0       0x54 Drivers/STM32F1xx_HAL_Driver/Src/stm32f1xx_hal_cortex.o
 .text.NVIC_EncodePriority
                0x0000000008002744       0x64 Drivers/STM32F1xx_HAL_Driver/Src/stm32f1xx_hal_cortex.o
 .text.HAL_NVIC_SetPriorityGrouping
                0x00000000080027a8       0x16 Drivers/STM32F1xx_HAL_Driver/Src/stm32f1xx_hal_cortex.o
                0x00000000080027a8                HAL_NVIC_SetPriorityGrouping
 .text.HAL_NVIC_SetPriority
                0x00000000080027be       0x38 Drivers/STM32F1xx_HAL_Driver/Src/stm32f1xx_hal_cortex.o
                0x00000000080027be                HAL_NVIC_SetPriority
 .text.HAL_NVIC_EnableIRQ
                0x00000000080027f6       0x1c Drivers/STM32F1xx_HAL_Driver/Src/stm32f1xx_hal_cortex.o
                0x00000000080027f6                HAL_NVIC_EnableIRQ
 .text.HAL_DMA_Abort
                0x0000000008002812       0x74 Drivers/STM32F1xx_HAL_Driver/Src/stm32f1xx_hal_dma.o
                0x0000000008002812                HAL_DMA_Abort
 *fill*         0x0000000008002886        0x2 
 .text.HAL_DMA_Abort_IT
                0x0000000008002888       0xec Drivers/STM32F1xx_HAL_Driver/Src/stm32f1xx_hal_dma.o
                0x0000000008002888                HAL_DMA_Abort_IT
 .text.HAL_GPIO_Init
                0x0000000008002974      0x308 Drivers/STM32F1xx_HAL_Driver/Src/stm32f1xx_hal_gpio.o
                0x0000000008002974                HAL_GPIO_Init
 .text.HAL_GPIO_ReadPin
                0x0000000008002c7c       0x2e Drivers/STM32F1xx_HAL_Driver/Src/stm32f1xx_hal_gpio.o
                0x0000000008002c7c                HAL_GPIO_ReadPin
 .text.HAL_GPIO_WritePin
                0x0000000008002caa       0x30 Drivers/STM32F1xx_HAL_Driver/Src/stm32f1xx_hal_gpio.o
                0x0000000008002caa                HAL_GPIO_WritePin
 .text.HAL_GPIO_TogglePin
                0x0000000008002cda       0x32 Drivers/STM32F1xx_HAL_Driver/Src/stm32f1xx_hal_gpio.o
                0x0000000008002cda                HAL_GPIO_TogglePin
 .text.HAL_GPIO_EXTI_IRQHandler
                0x0000000008002d0c       0x30 Drivers/STM32F1xx_HAL_Driver/Src/stm32f1xx_hal_gpio.o
                0x0000000008002d0c                HAL_GPIO_EXTI_IRQHandler
 .text.HAL_GPIO_EXTI_Callback
                0x0000000008002d3c       0x14 Drivers/STM32F1xx_HAL_Driver/Src/stm32f1xx_hal_gpio.o
                0x0000000008002d3c                HAL_GPIO_EXTI_Callback
 .text.HAL_I2C_Init
                0x0000000008002d50      0x288 Drivers/STM32F1xx_HAL_Driver/Src/stm32f1xx_hal_i2c.o
                0x0000000008002d50                HAL_I2C_Init
 .text.HAL_I2C_Mem_Write
                0x0000000008002fd8      0x1f4 Drivers/STM32F1xx_HAL_Driver/Src/stm32f1xx_hal_i2c.o
                0x0000000008002fd8                HAL_I2C_Mem_Write
 .text.HAL_I2C_Mem_Read
                0x00000000080031cc      0x4d0 Drivers/STM32F1xx_HAL_Driver/Src/stm32f1xx_hal_i2c.o
                0x00000000080031cc                HAL_I2C_Mem_Read
 .text.I2C_RequestMemoryWrite
                0x000000000800369c      0x12c Drivers/STM32F1xx_HAL_Driver/Src/stm32f1xx_hal_i2c.o
 .text.I2C_RequestMemoryRead
                0x00000000080037c8      0x1d0 Drivers/STM32F1xx_HAL_Driver/Src/stm32f1xx_hal_i2c.o
 .text.I2C_WaitOnFlagUntilTimeout
                0x0000000008003998       0xae Drivers/STM32F1xx_HAL_Driver/Src/stm32f1xx_hal_i2c.o
 .text.I2C_WaitOnMasterAddressFlagUntilTimeout
                0x0000000008003a46       0xfe Drivers/STM32F1xx_HAL_Driver/Src/stm32f1xx_hal_i2c.o
 .text.I2C_WaitOnTXEFlagUntilTimeout
                0x0000000008003b44       0x82 Drivers/STM32F1xx_HAL_Driver/Src/stm32f1xx_hal_i2c.o
 .text.I2C_WaitOnBTFFlagUntilTimeout
                0x0000000008003bc6       0x82 Drivers/STM32F1xx_HAL_Driver/Src/stm32f1xx_hal_i2c.o
 .text.I2C_WaitOnRXNEFlagUntilTimeout
                0x0000000008003c48       0xac Drivers/STM32F1xx_HAL_Driver/Src/stm32f1xx_hal_i2c.o
 .text.I2C_IsAcknowledgeFailed
                0x0000000008003cf4       0x5c Drivers/STM32F1xx_HAL_Driver/Src/stm32f1xx_hal_i2c.o
 .text.HAL_PCD_Init
                0x0000000008003d50      0x216 Drivers/STM32F1xx_HAL_Driver/Src/stm32f1xx_hal_pcd.o
                0x0000000008003d50                HAL_PCD_Init
 .text.HAL_PCD_Start
                0x0000000008003f66       0x4c Drivers/STM32F1xx_HAL_Driver/Src/stm32f1xx_hal_pcd.o
                0x0000000008003f66                HAL_PCD_Start
 .text.HAL_PCD_IRQHandler
                0x0000000008003fb2      0x2aa Drivers/STM32F1xx_HAL_Driver/Src/stm32f1xx_hal_pcd.o
                0x0000000008003fb2                HAL_PCD_IRQHandler
 .text.HAL_PCD_SetAddress
                0x000000000800425c       0x4a Drivers/STM32F1xx_HAL_Driver/Src/stm32f1xx_hal_pcd.o
                0x000000000800425c                HAL_PCD_SetAddress
 .text.HAL_PCD_EP_Open
                0x00000000080042a6       0xcc Drivers/STM32F1xx_HAL_Driver/Src/stm32f1xx_hal_pcd.o
                0x00000000080042a6                HAL_PCD_EP_Open
 .text.HAL_PCD_EP_Close
                0x0000000008004372       0x90 Drivers/STM32F1xx_HAL_Driver/Src/stm32f1xx_hal_pcd.o
                0x0000000008004372                HAL_PCD_EP_Close
 .text.HAL_PCD_EP_Receive
                0x0000000008004402       0x7a Drivers/STM32F1xx_HAL_Driver/Src/stm32f1xx_hal_pcd.o
                0x0000000008004402                HAL_PCD_EP_Receive
 .text.HAL_PCD_EP_GetRxCount
                0x000000000800447c       0x2e Drivers/STM32F1xx_HAL_Driver/Src/stm32f1xx_hal_pcd.o
                0x000000000800447c                HAL_PCD_EP_GetRxCount
 .text.HAL_PCD_EP_Transmit
                0x00000000080044aa       0x86 Drivers/STM32F1xx_HAL_Driver/Src/stm32f1xx_hal_pcd.o
                0x00000000080044aa                HAL_PCD_EP_Transmit
 .text.HAL_PCD_EP_SetStall
                0x0000000008004530       0xc0 Drivers/STM32F1xx_HAL_Driver/Src/stm32f1xx_hal_pcd.o
                0x0000000008004530                HAL_PCD_EP_SetStall
 .text.HAL_PCD_EP_ClrStall
                0x00000000080045f0       0xa8 Drivers/STM32F1xx_HAL_Driver/Src/stm32f1xx_hal_pcd.o
                0x00000000080045f0                HAL_PCD_EP_ClrStall
 .text.PCD_EP_ISR_Handler
                0x0000000008004698      0x600 Drivers/STM32F1xx_HAL_Driver/Src/stm32f1xx_hal_pcd.o
 .text.HAL_PCD_EP_DB_Receive
                0x0000000008004c98      0x21a Drivers/STM32F1xx_HAL_Driver/Src/stm32f1xx_hal_pcd.o
 .text.HAL_PCD_EP_DB_Transmit
                0x0000000008004eb2      0x7a4 Drivers/STM32F1xx_HAL_Driver/Src/stm32f1xx_hal_pcd.o
 .text.HAL_PCDEx_PMAConfig
                0x0000000008005656       0x84 Drivers/STM32F1xx_HAL_Driver/Src/stm32f1xx_hal_pcd_ex.o
                0x0000000008005656                HAL_PCDEx_PMAConfig
 *fill*         0x00000000080056da        0x2 
 .text.HAL_RCC_OscConfig
                0x00000000080056dc      0x500 Drivers/STM32F1xx_HAL_Driver/Src/stm32f1xx_hal_rcc.o
                0x00000000080056dc                HAL_RCC_OscConfig
 .text.HAL_RCC_ClockConfig
                0x0000000008005bdc      0x1d4 Drivers/STM32F1xx_HAL_Driver/Src/stm32f1xx_hal_rcc.o
                0x0000000008005bdc                HAL_RCC_ClockConfig
 .text.HAL_RCC_GetSysClockFreq
                0x0000000008005db0       0xc4 Drivers/STM32F1xx_HAL_Driver/Src/stm32f1xx_hal_rcc.o
                0x0000000008005db0                HAL_RCC_GetSysClockFreq
 .text.HAL_RCC_GetHCLKFreq
                0x0000000008005e74       0x14 Drivers/STM32F1xx_HAL_Driver/Src/stm32f1xx_hal_rcc.o
                0x0000000008005e74                HAL_RCC_GetHCLKFreq
 .text.HAL_RCC_GetPCLK1Freq
                0x0000000008005e88       0x28 Drivers/STM32F1xx_HAL_Driver/Src/stm32f1xx_hal_rcc.o
                0x0000000008005e88                HAL_RCC_GetPCLK1Freq
 .text.HAL_RCC_GetPCLK2Freq
                0x0000000008005eb0       0x28 Drivers/STM32F1xx_HAL_Driver/Src/stm32f1xx_hal_rcc.o
                0x0000000008005eb0                HAL_RCC_GetPCLK2Freq
 .text.HAL_RCC_GetClockConfig
                0x0000000008005ed8       0x60 Drivers/STM32F1xx_HAL_Driver/Src/stm32f1xx_hal_rcc.o
                0x0000000008005ed8                HAL_RCC_GetClockConfig
 .text.RCC_Delay
                0x0000000008005f38       0x3c Drivers/STM32F1xx_HAL_Driver/Src/stm32f1xx_hal_rcc.o
 .text.HAL_RCCEx_PeriphCLKConfig
                0x0000000008005f74      0x16c Drivers/STM32F1xx_HAL_Driver/Src/stm32f1xx_hal_rcc_ex.o
                0x0000000008005f74                HAL_RCCEx_PeriphCLKConfig
 .text.HAL_SPI_Init
                0x00000000080060e0      0x108 Drivers/STM32F1xx_HAL_Driver/Src/stm32f1xx_hal_spi.o
                0x00000000080060e0                HAL_SPI_Init
 .text.HAL_SPI_Transmit
                0x00000000080061e8      0x278 Drivers/STM32F1xx_HAL_Driver/Src/stm32f1xx_hal_spi.o
                0x00000000080061e8                HAL_SPI_Transmit
 .text.SPI_WaitFlagStateUntilTimeout
                0x0000000008006460      0x110 Drivers/STM32F1xx_HAL_Driver/Src/stm32f1xx_hal_spi.o
 .text.SPI_EndRxTxTransaction
                0x0000000008006570       0x3c Drivers/STM32F1xx_HAL_Driver/Src/stm32f1xx_hal_spi.o
 .text.HAL_TIM_Base_Init
                0x00000000080065ac       0x9e Drivers/STM32F1xx_HAL_Driver/Src/stm32f1xx_hal_tim.o
                0x00000000080065ac                HAL_TIM_Base_Init
 .text.HAL_TIM_Base_MspInit
                0x000000000800664a       0x12 Drivers/STM32F1xx_HAL_Driver/Src/stm32f1xx_hal_tim.o
                0x000000000800664a                HAL_TIM_Base_MspInit
 .text.HAL_TIM_Base_Start_IT
                0x000000000800665c       0xa4 Drivers/STM32F1xx_HAL_Driver/Src/stm32f1xx_hal_tim.o
                0x000000000800665c                HAL_TIM_Base_Start_IT
 .text.HAL_TIM_IRQHandler
                0x0000000008006700      0x210 Drivers/STM32F1xx_HAL_Driver/Src/stm32f1xx_hal_tim.o
                0x0000000008006700                HAL_TIM_IRQHandler
 .text.HAL_TIM_OC_DelayElapsedCallback
                0x0000000008006910       0x12 Drivers/STM32F1xx_HAL_Driver/Src/stm32f1xx_hal_tim.o
                0x0000000008006910                HAL_TIM_OC_DelayElapsedCallback
 .text.HAL_TIM_IC_CaptureCallback
                0x0000000008006922       0x12 Drivers/STM32F1xx_HAL_Driver/Src/stm32f1xx_hal_tim.o
                0x0000000008006922                HAL_TIM_IC_CaptureCallback
 .text.HAL_TIM_PWM_PulseFinishedCallback
                0x0000000008006934       0x12 Drivers/STM32F1xx_HAL_Driver/Src/stm32f1xx_hal_tim.o
                0x0000000008006934                HAL_TIM_PWM_PulseFinishedCallback
 .text.HAL_TIM_TriggerCallback
                0x0000000008006946       0x12 Drivers/STM32F1xx_HAL_Driver/Src/stm32f1xx_hal_tim.o
                0x0000000008006946                HAL_TIM_TriggerCallback
 .text.TIM_Base_SetConfig
                0x0000000008006958       0xc4 Drivers/STM32F1xx_HAL_Driver/Src/stm32f1xx_hal_tim.o
                0x0000000008006958                TIM_Base_SetConfig
 .text.HAL_TIMEx_CommutCallback
                0x0000000008006a1c       0x12 Drivers/STM32F1xx_HAL_Driver/Src/stm32f1xx_hal_tim_ex.o
                0x0000000008006a1c                HAL_TIMEx_CommutCallback
 .text.HAL_TIMEx_BreakCallback
                0x0000000008006a2e       0x12 Drivers/STM32F1xx_HAL_Driver/Src/stm32f1xx_hal_tim_ex.o
                0x0000000008006a2e                HAL_TIMEx_BreakCallback
 .text.HAL_UART_Init
                0x0000000008006a40       0x9a Drivers/STM32F1xx_HAL_Driver/Src/stm32f1xx_hal_uart.o
                0x0000000008006a40                HAL_UART_Init
 .text.HAL_UART_Receive_IT
                0x0000000008006ada       0x60 Drivers/STM32F1xx_HAL_Driver/Src/stm32f1xx_hal_uart.o
                0x0000000008006ada                HAL_UART_Receive_IT
 *fill*         0x0000000008006b3a        0x2 
 .text.HAL_UART_IRQHandler
                0x0000000008006b3c      0x354 Drivers/STM32F1xx_HAL_Driver/Src/stm32f1xx_hal_uart.o
                0x0000000008006b3c                HAL_UART_IRQHandler
 .text.HAL_UART_TxCpltCallback
                0x0000000008006e90       0x12 Drivers/STM32F1xx_HAL_Driver/Src/stm32f1xx_hal_uart.o
                0x0000000008006e90                HAL_UART_TxCpltCallback
 .text.HAL_UART_ErrorCallback
                0x0000000008006ea2       0x12 Drivers/STM32F1xx_HAL_Driver/Src/stm32f1xx_hal_uart.o
                0x0000000008006ea2                HAL_UART_ErrorCallback
 .text.HAL_UARTEx_RxEventCallback
                0x0000000008006eb4       0x16 Drivers/STM32F1xx_HAL_Driver/Src/stm32f1xx_hal_uart.o
                0x0000000008006eb4                HAL_UARTEx_RxEventCallback
 .text.UART_Start_Receive_IT
                0x0000000008006eca       0x72 Drivers/STM32F1xx_HAL_Driver/Src/stm32f1xx_hal_uart.o
                0x0000000008006eca                UART_Start_Receive_IT
 .text.UART_EndRxTransfer
                0x0000000008006f3c       0x58 Drivers/STM32F1xx_HAL_Driver/Src/stm32f1xx_hal_uart.o
 .text.UART_DMAAbortOnError
                0x0000000008006f94       0x28 Drivers/STM32F1xx_HAL_Driver/Src/stm32f1xx_hal_uart.o
 .text.UART_Transmit_IT
                0x0000000008006fbc       0x9e Drivers/STM32F1xx_HAL_Driver/Src/stm32f1xx_hal_uart.o
 .text.UART_EndTransmit_IT
                0x000000000800705a       0x30 Drivers/STM32F1xx_HAL_Driver/Src/stm32f1xx_hal_uart.o
 .text.UART_Receive_IT
                0x000000000800708a      0x152 Drivers/STM32F1xx_HAL_Driver/Src/stm32f1xx_hal_uart.o
 .text.UART_SetConfig
                0x00000000080071dc      0x11c Drivers/STM32F1xx_HAL_Driver/Src/stm32f1xx_hal_uart.o
 .text.USB_CoreInit
                0x00000000080072f8       0x20 Drivers/STM32F1xx_HAL_Driver/Src/stm32f1xx_ll_usb.o
                0x00000000080072f8                USB_CoreInit
 .text.USB_EnableGlobalInt
                0x0000000008007318       0x2c Drivers/STM32F1xx_HAL_Driver/Src/stm32f1xx_ll_usb.o
                0x0000000008007318                USB_EnableGlobalInt
 .text.USB_DisableGlobalInt
                0x0000000008007344       0x34 Drivers/STM32F1xx_HAL_Driver/Src/stm32f1xx_ll_usb.o
                0x0000000008007344                USB_DisableGlobalInt
 .text.USB_SetCurrentMode
                0x0000000008007378       0x18 Drivers/STM32F1xx_HAL_Driver/Src/stm32f1xx_ll_usb.o
                0x0000000008007378                USB_SetCurrentMode
 .text.USB_DevInit
                0x0000000008007390       0x40 Drivers/STM32F1xx_HAL_Driver/Src/stm32f1xx_ll_usb.o
                0x0000000008007390                USB_DevInit
 .text.USB_ActivateEndpoint
                0x00000000080073d0      0x6d4 Drivers/STM32F1xx_HAL_Driver/Src/stm32f1xx_ll_usb.o
                0x00000000080073d0                USB_ActivateEndpoint
 .text.USB_DeactivateEndpoint
                0x0000000008007aa4      0x3d8 Drivers/STM32F1xx_HAL_Driver/Src/stm32f1xx_ll_usb.o
                0x0000000008007aa4                USB_DeactivateEndpoint
 .text.USB_EPStartXfer
                0x0000000008007e7c     0x15ee Drivers/STM32F1xx_HAL_Driver/Src/stm32f1xx_ll_usb.o
                0x0000000008007e7c                USB_EPStartXfer
 .text.USB_EPSetStall
                0x000000000800946a       0xa0 Drivers/STM32F1xx_HAL_Driver/Src/stm32f1xx_ll_usb.o
                0x000000000800946a                USB_EPSetStall
 .text.USB_EPClearStall
                0x000000000800950a      0x15a Drivers/STM32F1xx_HAL_Driver/Src/stm32f1xx_ll_usb.o
                0x000000000800950a                USB_EPClearStall
 .text.USB_SetDevAddress
                0x0000000008009664       0x26 Drivers/STM32F1xx_HAL_Driver/Src/stm32f1xx_ll_usb.o
                0x0000000008009664                USB_SetDevAddress
 .text.USB_DevConnect
                0x000000000800968a       0x14 Drivers/STM32F1xx_HAL_Driver/Src/stm32f1xx_ll_usb.o
                0x000000000800968a                USB_DevConnect
 .text.USB_DevDisconnect
                0x000000000800969e       0x14 Drivers/STM32F1xx_HAL_Driver/Src/stm32f1xx_ll_usb.o
                0x000000000800969e                USB_DevDisconnect
 .text.USB_ReadInterrupts
                0x00000000080096b2       0x1e Drivers/STM32F1xx_HAL_Driver/Src/stm32f1xx_ll_usb.o
                0x00000000080096b2                USB_ReadInterrupts
 .text.USB_EP0_OutStart
                0x00000000080096d0       0x16 Drivers/STM32F1xx_HAL_Driver/Src/stm32f1xx_ll_usb.o
                0x00000000080096d0                USB_EP0_OutStart
 .text.USB_WritePMA
                0x00000000080096e6       0x8a Drivers/STM32F1xx_HAL_Driver/Src/stm32f1xx_ll_usb.o
                0x00000000080096e6                USB_WritePMA
 .text.USB_ReadPMA
                0x0000000008009770       0x9e Drivers/STM32F1xx_HAL_Driver/Src/stm32f1xx_ll_usb.o
                0x0000000008009770                USB_ReadPMA
 .text.USBD_CDC_Init
                0x000000000800980e       0xf4 Middlewares/ST/STM32_USB_Device_Library/Class/CDC/Src/usbd_cdc.o
 .text.USBD_CDC_DeInit
                0x0000000008009902       0x6e Middlewares/ST/STM32_USB_Device_Library/Class/CDC/Src/usbd_cdc.o
 .text.USBD_CDC_Setup
                0x0000000008009970      0x146 Middlewares/ST/STM32_USB_Device_Library/Class/CDC/Src/usbd_cdc.o
 .text.USBD_CDC_DataIn
                0x0000000008009ab6       0xa6 Middlewares/ST/STM32_USB_Device_Library/Class/CDC/Src/usbd_cdc.o
 .text.USBD_CDC_DataOut
                0x0000000008009b5c       0x56 Middlewares/ST/STM32_USB_Device_Library/Class/CDC/Src/usbd_cdc.o
 .text.USBD_CDC_EP0_RxReady
                0x0000000008009bb2       0x50 Middlewares/ST/STM32_USB_Device_Library/Class/CDC/Src/usbd_cdc.o
 *fill*         0x0000000008009c02        0x2 
 .text.USBD_CDC_GetFSCfgDesc
                0x0000000008009c04       0x20 Middlewares/ST/STM32_USB_Device_Library/Class/CDC/Src/usbd_cdc.o
 .text.USBD_CDC_GetHSCfgDesc
                0x0000000008009c24       0x20 Middlewares/ST/STM32_USB_Device_Library/Class/CDC/Src/usbd_cdc.o
 .text.USBD_CDC_GetOtherSpeedCfgDesc
                0x0000000008009c44       0x20 Middlewares/ST/STM32_USB_Device_Library/Class/CDC/Src/usbd_cdc.o
 .text.USBD_CDC_GetDeviceQualifierDescriptor
                0x0000000008009c64       0x20 Middlewares/ST/STM32_USB_Device_Library/Class/CDC/Src/usbd_cdc.o
                0x0000000008009c64                USBD_CDC_GetDeviceQualifierDescriptor
 .text.USBD_CDC_RegisterInterface
                0x0000000008009c84       0x2c Middlewares/ST/STM32_USB_Device_Library/Class/CDC/Src/usbd_cdc.o
                0x0000000008009c84                USBD_CDC_RegisterInterface
 .text.USBD_CDC_SetTxBuffer
                0x0000000008009cb0       0x32 Middlewares/ST/STM32_USB_Device_Library/Class/CDC/Src/usbd_cdc.o
                0x0000000008009cb0                USBD_CDC_SetTxBuffer
 .text.USBD_CDC_SetRxBuffer
                0x0000000008009ce2       0x26 Middlewares/ST/STM32_USB_Device_Library/Class/CDC/Src/usbd_cdc.o
                0x0000000008009ce2                USBD_CDC_SetRxBuffer
 .text.USBD_CDC_TransmitPacket
                0x0000000008009d08       0x5e Middlewares/ST/STM32_USB_Device_Library/Class/CDC/Src/usbd_cdc.o
                0x0000000008009d08                USBD_CDC_TransmitPacket
 .text.USBD_CDC_ReceivePacket
                0x0000000008009d66       0x54 Middlewares/ST/STM32_USB_Device_Library/Class/CDC/Src/usbd_cdc.o
                0x0000000008009d66                USBD_CDC_ReceivePacket
 .text.USBD_Init
                0x0000000008009dba       0x56 Middlewares/ST/STM32_USB_Device_Library/Core/Src/usbd_core.o
                0x0000000008009dba                USBD_Init
 .text.USBD_RegisterClass
                0x0000000008009e10       0x32 Middlewares/ST/STM32_USB_Device_Library/Core/Src/usbd_core.o
                0x0000000008009e10                USBD_RegisterClass
 .text.USBD_Start
                0x0000000008009e42       0x18 Middlewares/ST/STM32_USB_Device_Library/Core/Src/usbd_core.o
                0x0000000008009e42                USBD_Start
 .text.USBD_RunTestMode
                0x0000000008009e5a       0x14 Middlewares/ST/STM32_USB_Device_Library/Core/Src/usbd_core.o
                0x0000000008009e5a                USBD_RunTestMode
 .text.USBD_SetClassConfig
                0x0000000008009e6e       0x3e Middlewares/ST/STM32_USB_Device_Library/Core/Src/usbd_core.o
                0x0000000008009e6e                USBD_SetClassConfig
 .text.USBD_ClrClassConfig
                0x0000000008009eac       0x26 Middlewares/ST/STM32_USB_Device_Library/Core/Src/usbd_core.o
                0x0000000008009eac                USBD_ClrClassConfig
 .text.USBD_LL_SetupStage
                0x0000000008009ed2       0x9a Middlewares/ST/STM32_USB_Device_Library/Core/Src/usbd_core.o
                0x0000000008009ed2                USBD_LL_SetupStage
 .text.USBD_LL_DataOutStage
                0x0000000008009f6c       0xe2 Middlewares/ST/STM32_USB_Device_Library/Core/Src/usbd_core.o
                0x0000000008009f6c                USBD_LL_DataOutStage
 .text.USBD_LL_DataInStage
                0x000000000800a04e      0x14a Middlewares/ST/STM32_USB_Device_Library/Core/Src/usbd_core.o
                0x000000000800a04e                USBD_LL_DataInStage
 .text.USBD_LL_Reset
                0x000000000800a198       0x82 Middlewares/ST/STM32_USB_Device_Library/Core/Src/usbd_core.o
                0x000000000800a198                USBD_LL_Reset
 .text.USBD_LL_SetSpeed
                0x000000000800a21a       0x1e Middlewares/ST/STM32_USB_Device_Library/Core/Src/usbd_core.o
                0x000000000800a21a                USBD_LL_SetSpeed
 .text.USBD_LL_Suspend
                0x000000000800a238       0x28 Middlewares/ST/STM32_USB_Device_Library/Core/Src/usbd_core.o
                0x000000000800a238                USBD_LL_Suspend
 .text.USBD_LL_Resume
                0x000000000800a260       0x2a Middlewares/ST/STM32_USB_Device_Library/Core/Src/usbd_core.o
                0x000000000800a260                USBD_LL_Resume
 .text.USBD_LL_SOF
                0x000000000800a28a       0x34 Middlewares/ST/STM32_USB_Device_Library/Core/Src/usbd_core.o
                0x000000000800a28a                USBD_LL_SOF
 *fill*         0x000000000800a2be        0x2 
 .text.USBD_StdDevReq
                0x000000000800a2c0       0xd4 Middlewares/ST/STM32_USB_Device_Library/Core/Src/usbd_ctlreq.o
                0x000000000800a2c0                USBD_StdDevReq
 .text.USBD_StdItfReq
                0x000000000800a394       0x90 Middlewares/ST/STM32_USB_Device_Library/Core/Src/usbd_ctlreq.o
                0x000000000800a394                USBD_StdItfReq
 .text.USBD_StdEPReq
                0x000000000800a424      0x2c6 Middlewares/ST/STM32_USB_Device_Library/Core/Src/usbd_ctlreq.o
                0x000000000800a424                USBD_StdEPReq
 *fill*         0x000000000800a6ea        0x2 
 .text.USBD_GetDescriptor
                0x000000000800a6ec      0x2d0 Middlewares/ST/STM32_USB_Device_Library/Core/Src/usbd_ctlreq.o
 .text.USBD_SetAddress
                0x000000000800a9bc       0x86 Middlewares/ST/STM32_USB_Device_Library/Core/Src/usbd_ctlreq.o
 *fill*         0x000000000800aa42        0x2 
 .text.USBD_SetConfig
                0x000000000800aa44      0x11c Middlewares/ST/STM32_USB_Device_Library/Core/Src/usbd_ctlreq.o
 .text.USBD_GetConfig
                0x000000000800ab60       0x6a Middlewares/ST/STM32_USB_Device_Library/Core/Src/usbd_ctlreq.o
 .text.USBD_GetStatus
                0x000000000800abca       0x66 Middlewares/ST/STM32_USB_Device_Library/Core/Src/usbd_ctlreq.o
 .text.USBD_SetFeature
                0x000000000800ac30       0x28 Middlewares/ST/STM32_USB_Device_Library/Core/Src/usbd_ctlreq.o
 .text.USBD_ClrFeature
                0x000000000800ac58       0x42 Middlewares/ST/STM32_USB_Device_Library/Core/Src/usbd_ctlreq.o
 .text.USBD_ParseSetupRequest
                0x000000000800ac9a       0x78 Middlewares/ST/STM32_USB_Device_Library/Core/Src/usbd_ctlreq.o
                0x000000000800ac9a                USBD_ParseSetupRequest
 .text.USBD_CtlError
                0x000000000800ad12       0x22 Middlewares/ST/STM32_USB_Device_Library/Core/Src/usbd_ctlreq.o
                0x000000000800ad12                USBD_CtlError
 .text.USBD_GetString
                0x000000000800ad34       0x84 Middlewares/ST/STM32_USB_Device_Library/Core/Src/usbd_ctlreq.o
                0x000000000800ad34                USBD_GetString
 .text.USBD_GetLen
                0x000000000800adb8       0x2e Middlewares/ST/STM32_USB_Device_Library/Core/Src/usbd_ctlreq.o
 .text.USBD_CtlSendData
                0x000000000800ade6       0x38 Middlewares/ST/STM32_USB_Device_Library/Core/Src/usbd_ioreq.o
                0x000000000800ade6                USBD_CtlSendData
 .text.USBD_CtlContinueSendData
                0x000000000800ae1e       0x24 Middlewares/ST/STM32_USB_Device_Library/Core/Src/usbd_ioreq.o
                0x000000000800ae1e                USBD_CtlContinueSendData
 .text.USBD_CtlPrepareRx
                0x000000000800ae42       0x3c Middlewares/ST/STM32_USB_Device_Library/Core/Src/usbd_ioreq.o
                0x000000000800ae42                USBD_CtlPrepareRx
 .text.USBD_CtlContinueRx
                0x000000000800ae7e       0x24 Middlewares/ST/STM32_USB_Device_Library/Core/Src/usbd_ioreq.o
                0x000000000800ae7e                USBD_CtlContinueRx
 .text.USBD_CtlSendStatus
                0x000000000800aea2       0x26 Middlewares/ST/STM32_USB_Device_Library/Core/Src/usbd_ioreq.o
                0x000000000800aea2                USBD_CtlSendStatus
 .text.USBD_CtlReceiveStatus
                0x000000000800aec8       0x26 Middlewares/ST/STM32_USB_Device_Library/Core/Src/usbd_ioreq.o
                0x000000000800aec8                USBD_CtlReceiveStatus
 *fill*         0x000000000800aeee        0x2 
 .text.osKernelInitialize
                0x000000000800aef0       0x64 Middlewares/Third_Party/FreeRTOS/Source/CMSIS_RTOS_V2/cmsis_os2.o
                0x000000000800aef0                osKernelInitialize
 .text.osKernelStart
                0x000000000800af54       0x68 Middlewares/Third_Party/FreeRTOS/Source/CMSIS_RTOS_V2/cmsis_os2.o
                0x000000000800af54                osKernelStart
 .text.osThreadNew
                0x000000000800afbc      0x154 Middlewares/Third_Party/FreeRTOS/Source/CMSIS_RTOS_V2/cmsis_os2.o
                0x000000000800afbc                osThreadNew
 .text.osDelay  0x000000000800b110       0x5c Middlewares/Third_Party/FreeRTOS/Source/CMSIS_RTOS_V2/cmsis_os2.o
                0x000000000800b110                osDelay
 .text.osMutexNew
                0x000000000800b16c      0x134 Middlewares/Third_Party/FreeRTOS/Source/CMSIS_RTOS_V2/cmsis_os2.o
                0x000000000800b16c                osMutexNew
 .text.osMessageQueueNew
                0x000000000800b2a0      0x10c Middlewares/Third_Party/FreeRTOS/Source/CMSIS_RTOS_V2/cmsis_os2.o
                0x000000000800b2a0                osMessageQueueNew
 .text.vApplicationGetIdleTaskMemory
                0x000000000800b3ac       0x30 Middlewares/Third_Party/FreeRTOS/Source/CMSIS_RTOS_V2/cmsis_os2.o
                0x000000000800b3ac                vApplicationGetIdleTaskMemory
 .text.vApplicationGetTimerTaskMemory
                0x000000000800b3dc       0x34 Middlewares/Third_Party/FreeRTOS/Source/CMSIS_RTOS_V2/cmsis_os2.o
                0x000000000800b3dc                vApplicationGetTimerTaskMemory
 .text.vListInitialise
                0x000000000800b410       0x3e Middlewares/Third_Party/FreeRTOS/Source/list.o
                0x000000000800b410                vListInitialise
 .text.vListInitialiseItem
                0x000000000800b44e       0x18 Middlewares/Third_Party/FreeRTOS/Source/list.o
                0x000000000800b44e                vListInitialiseItem
 .text.vListInsertEnd
                0x000000000800b466       0x46 Middlewares/Third_Party/FreeRTOS/Source/list.o
                0x000000000800b466                vListInsertEnd
 .text.vListInsert
                0x000000000800b4ac       0x70 Middlewares/Third_Party/FreeRTOS/Source/list.o
                0x000000000800b4ac                vListInsert
 .text.uxListRemove
                0x000000000800b51c       0x52 Middlewares/Third_Party/FreeRTOS/Source/list.o
                0x000000000800b51c                uxListRemove
 *fill*         0x000000000800b56e        0x2 
 .text.xQueueGenericReset
                0x000000000800b570       0xd0 Middlewares/Third_Party/FreeRTOS/Source/queue.o
                0x000000000800b570                xQueueGenericReset
 .text.xQueueGenericCreateStatic
                0x000000000800b640       0xee Middlewares/Third_Party/FreeRTOS/Source/queue.o
                0x000000000800b640                xQueueGenericCreateStatic
 .text.xQueueGenericCreate
                0x000000000800b72e       0x7c Middlewares/Third_Party/FreeRTOS/Source/queue.o
                0x000000000800b72e                xQueueGenericCreate
 .text.prvInitialiseNewQueue
                0x000000000800b7aa       0x46 Middlewares/Third_Party/FreeRTOS/Source/queue.o
 .text.prvInitialiseMutex
                0x000000000800b7f0       0x34 Middlewares/Third_Party/FreeRTOS/Source/queue.o
 .text.xQueueCreateMutex
                0x000000000800b824       0x30 Middlewares/Third_Party/FreeRTOS/Source/queue.o
                0x000000000800b824                xQueueCreateMutex
 .text.xQueueCreateMutexStatic
                0x000000000800b854       0x36 Middlewares/Third_Party/FreeRTOS/Source/queue.o
                0x000000000800b854                xQueueCreateMutexStatic
 *fill*         0x000000000800b88a        0x2 
 .text.xQueueGenericSend
                0x000000000800b88c      0x1fc Middlewares/Third_Party/FreeRTOS/Source/queue.o
                0x000000000800b88c                xQueueGenericSend
 .text.xQueueGenericSendFromISR
                0x000000000800ba88      0x130 Middlewares/Third_Party/FreeRTOS/Source/queue.o
                0x000000000800ba88                xQueueGenericSendFromISR
 .text.xQueueReceive
                0x000000000800bbb8      0x1c0 Middlewares/Third_Party/FreeRTOS/Source/queue.o
                0x000000000800bbb8                xQueueReceive
 .text.xQueueSemaphoreTake
                0x000000000800bd78      0x218 Middlewares/Third_Party/FreeRTOS/Source/queue.o
                0x000000000800bd78                xQueueSemaphoreTake
 .text.prvGetDisinheritPriorityAfterTimeout
                0x000000000800bf90       0x2e Middlewares/Third_Party/FreeRTOS/Source/queue.o
 .text.prvCopyDataToQueue
                0x000000000800bfbe       0xd4 Middlewares/Third_Party/FreeRTOS/Source/queue.o
 .text.prvCopyDataFromQueue
                0x000000000800c092       0x4c Middlewares/Third_Party/FreeRTOS/Source/queue.o
 .text.prvUnlockQueue
                0x000000000800c0de       0xa4 Middlewares/Third_Party/FreeRTOS/Source/queue.o
 .text.prvIsQueueEmpty
                0x000000000800c182       0x2c Middlewares/Third_Party/FreeRTOS/Source/queue.o
 .text.prvIsQueueFull
                0x000000000800c1ae       0x30 Middlewares/Third_Party/FreeRTOS/Source/queue.o
 *fill*         0x000000000800c1de        0x2 
 .text.vQueueAddToRegistry
                0x000000000800c1e0       0x50 Middlewares/Third_Party/FreeRTOS/Source/queue.o
                0x000000000800c1e0                vQueueAddToRegistry
 .text.vQueueWaitForMessageRestricted
                0x000000000800c230       0x68 Middlewares/Third_Party/FreeRTOS/Source/queue.o
                0x000000000800c230                vQueueWaitForMessageRestricted
 .text.xTaskCreateStatic
                0x000000000800c298       0xb8 Middlewares/Third_Party/FreeRTOS/Source/tasks.o
                0x000000000800c298                xTaskCreateStatic
 .text.xTaskCreate
                0x000000000800c350       0x8a Middlewares/Third_Party/FreeRTOS/Source/tasks.o
                0x000000000800c350                xTaskCreate
 .text.prvInitialiseNewTask
                0x000000000800c3da      0x10e Middlewares/Third_Party/FreeRTOS/Source/tasks.o
 .text.prvAddNewTaskToReadyList
                0x000000000800c4e8       0xe0 Middlewares/Third_Party/FreeRTOS/Source/tasks.o
 .text.vTaskDelayUntil
                0x000000000800c5c8       0xfc Middlewares/Third_Party/FreeRTOS/Source/tasks.o
                0x000000000800c5c8                vTaskDelayUntil
 .text.vTaskDelay
                0x000000000800c6c4       0x68 Middlewares/Third_Party/FreeRTOS/Source/tasks.o
                0x000000000800c6c4                vTaskDelay
 .text.vTaskStartScheduler
                0x000000000800c72c       0xcc Middlewares/Third_Party/FreeRTOS/Source/tasks.o
                0x000000000800c72c                vTaskStartScheduler
 .text.vTaskSuspendAll
                0x000000000800c7f8       0x1c Middlewares/Third_Party/FreeRTOS/Source/tasks.o
                0x000000000800c7f8                vTaskSuspendAll
 .text.xTaskResumeAll
                0x000000000800c814      0x13c Middlewares/Third_Party/FreeRTOS/Source/tasks.o
                0x000000000800c814                xTaskResumeAll
 .text.xTaskGetTickCount
                0x000000000800c950       0x1c Middlewares/Third_Party/FreeRTOS/Source/tasks.o
                0x000000000800c950                xTaskGetTickCount
 .text.xTaskIncrementTick
                0x000000000800c96c      0x17c Middlewares/Third_Party/FreeRTOS/Source/tasks.o
                0x000000000800c96c                xTaskIncrementTick
 .text.vTaskSwitchContext
                0x000000000800cae8       0xb8 Middlewares/Third_Party/FreeRTOS/Source/tasks.o
                0x000000000800cae8                vTaskSwitchContext
 .text.vTaskPlaceOnEventList
                0x000000000800cba0       0x48 Middlewares/Third_Party/FreeRTOS/Source/tasks.o
                0x000000000800cba0                vTaskPlaceOnEventList
 .text.vTaskPlaceOnEventListRestricted
                0x000000000800cbe8       0x58 Middlewares/Third_Party/FreeRTOS/Source/tasks.o
                0x000000000800cbe8                vTaskPlaceOnEventListRestricted
 .text.xTaskRemoveFromEventList
                0x000000000800cc40       0xc8 Middlewares/Third_Party/FreeRTOS/Source/tasks.o
                0x000000000800cc40                xTaskRemoveFromEventList
 .text.vTaskInternalSetTimeOutState
                0x000000000800cd08       0x2c Middlewares/Third_Party/FreeRTOS/Source/tasks.o
                0x000000000800cd08                vTaskInternalSetTimeOutState
 .text.xTaskCheckForTimeOut
                0x000000000800cd34       0xc4 Middlewares/Third_Party/FreeRTOS/Source/tasks.o
                0x000000000800cd34                xTaskCheckForTimeOut
 .text.vTaskMissedYield
                0x000000000800cdf8       0x18 Middlewares/Third_Party/FreeRTOS/Source/tasks.o
                0x000000000800cdf8                vTaskMissedYield
 .text.prvIdleTask
                0x000000000800ce10       0x30 Middlewares/Third_Party/FreeRTOS/Source/tasks.o
 .text.prvInitialiseTaskLists
                0x000000000800ce40       0x80 Middlewares/Third_Party/FreeRTOS/Source/tasks.o
 .text.prvCheckTasksWaitingTermination
                0x000000000800cec0       0x5c Middlewares/Third_Party/FreeRTOS/Source/tasks.o
 .text.prvTaskCheckFreeStackSpace
                0x000000000800cf1c       0x36 Middlewares/Third_Party/FreeRTOS/Source/tasks.o
 *fill*         0x000000000800cf52        0x2 
 .text.uxTaskGetStackHighWaterMark
                0x000000000800cf54       0x38 Middlewares/Third_Party/FreeRTOS/Source/tasks.o
                0x000000000800cf54                uxTaskGetStackHighWaterMark
 .text.prvDeleteTCB
                0x000000000800cf8c       0x5e Middlewares/Third_Party/FreeRTOS/Source/tasks.o
 *fill*         0x000000000800cfea        0x2 
 .text.prvResetNextTaskUnblockTime
                0x000000000800cfec       0x48 Middlewares/Third_Party/FreeRTOS/Source/tasks.o
 .text.xTaskGetSchedulerState
                0x000000000800d034       0x3c Middlewares/Third_Party/FreeRTOS/Source/tasks.o
                0x000000000800d034                xTaskGetSchedulerState
 .text.xTaskPriorityInherit
                0x000000000800d070       0xdc Middlewares/Third_Party/FreeRTOS/Source/tasks.o
                0x000000000800d070                xTaskPriorityInherit
 .text.xTaskPriorityDisinherit
                0x000000000800d14c       0xdc Middlewares/Third_Party/FreeRTOS/Source/tasks.o
                0x000000000800d14c                xTaskPriorityDisinherit
 .text.vTaskPriorityDisinheritAfterTimeout
                0x000000000800d228      0x10c Middlewares/Third_Party/FreeRTOS/Source/tasks.o
                0x000000000800d228                vTaskPriorityDisinheritAfterTimeout
 .text.pvTaskIncrementMutexHeldCount
                0x000000000800d334       0x28 Middlewares/Third_Party/FreeRTOS/Source/tasks.o
                0x000000000800d334                pvTaskIncrementMutexHeldCount
 .text.ulTaskNotifyTake
                0x000000000800d35c       0x90 Middlewares/Third_Party/FreeRTOS/Source/tasks.o
                0x000000000800d35c                ulTaskNotifyTake
 .text.vTaskNotifyGiveFromISR
                0x000000000800d3ec      0x128 Middlewares/Third_Party/FreeRTOS/Source/tasks.o
                0x000000000800d3ec                vTaskNotifyGiveFromISR
 .text.prvAddCurrentTaskToDelayedList
                0x000000000800d514       0xa8 Middlewares/Third_Party/FreeRTOS/Source/tasks.o
 .text.xTimerCreateTimerTask
                0x000000000800d5bc       0x90 Middlewares/Third_Party/FreeRTOS/Source/timers.o
                0x000000000800d5bc                xTimerCreateTimerTask
 .text.xTimerGenericCommand
                0x000000000800d64c       0x9c Middlewares/Third_Party/FreeRTOS/Source/timers.o
                0x000000000800d64c                xTimerGenericCommand
 .text.prvProcessExpiredTimer
                0x000000000800d6e8       0x80 Middlewares/Third_Party/FreeRTOS/Source/timers.o
 .text.prvTimerTask
                0x000000000800d768       0x24 Middlewares/Third_Party/FreeRTOS/Source/timers.o
 .text.prvProcessTimerOrBlockTask
                0x000000000800d78c       0x9c Middlewares/Third_Party/FreeRTOS/Source/timers.o
 .text.prvGetNextExpireTime
                0x000000000800d828       0x48 Middlewares/Third_Party/FreeRTOS/Source/timers.o
 .text.prvSampleTimeNow
                0x000000000800d870       0x40 Middlewares/Third_Party/FreeRTOS/Source/timers.o
 .text.prvInsertTimerInActiveList
                0x000000000800d8b0       0x84 Middlewares/Third_Party/FreeRTOS/Source/timers.o
 .text.prvProcessReceivedCommands
                0x000000000800d934      0x168 Middlewares/Third_Party/FreeRTOS/Source/timers.o
 .text.prvSwitchTimerLists
                0x000000000800da9c       0xc4 Middlewares/Third_Party/FreeRTOS/Source/timers.o
 .text.prvCheckForValidListAndQueue
                0x000000000800db60       0x80 Middlewares/Third_Party/FreeRTOS/Source/timers.o
 .text.pxPortInitialiseStack
                0x000000000800dbe0       0x58 Middlewares/Third_Party/FreeRTOS/Source/portable/GCC/ARM_CM3/port.o
                0x000000000800dbe0                pxPortInitialiseStack
 .text.prvTaskExitError
                0x000000000800dc38       0x58 Middlewares/Third_Party/FreeRTOS/Source/portable/GCC/ARM_CM3/port.o
 .text.SVC_Handler
                0x000000000800dc90       0x28 Middlewares/Third_Party/FreeRTOS/Source/portable/GCC/ARM_CM3/port.o
                0x000000000800dc90                SVC_Handler
 .text.prvPortStartFirstTask
                0x000000000800dcb8       0x20 Middlewares/Third_Party/FreeRTOS/Source/portable/GCC/ARM_CM3/port.o
 .text.xPortStartScheduler
                0x000000000800dcd8       0xe4 Middlewares/Third_Party/FreeRTOS/Source/portable/GCC/ARM_CM3/port.o
                0x000000000800dcd8                xPortStartScheduler
 .text.vPortEnterCritical
                0x000000000800ddbc       0x60 Middlewares/Third_Party/FreeRTOS/Source/portable/GCC/ARM_CM3/port.o
                0x000000000800ddbc                vPortEnterCritical
 .text.vPortExitCritical
                0x000000000800de1c       0x50 Middlewares/Third_Party/FreeRTOS/Source/portable/GCC/ARM_CM3/port.o
                0x000000000800de1c                vPortExitCritical
 *fill*         0x000000000800de6c        0x4 
 .text.PendSV_Handler
                0x000000000800de70       0x48 Middlewares/Third_Party/FreeRTOS/Source/portable/GCC/ARM_CM3/port.o
                0x000000000800de70                PendSV_Handler
 .text.SysTick_Handler
                0x000000000800deb8       0x44 Middlewares/Third_Party/FreeRTOS/Source/portable/GCC/ARM_CM3/port.o
                0x000000000800deb8                SysTick_Handler
 .text.vPortSetupTimerInterrupt
                0x000000000800defc       0x44 Middlewares/Third_Party/FreeRTOS/Source/portable/GCC/ARM_CM3/port.o
                0x000000000800defc                vPortSetupTimerInterrupt
 .text.vPortValidateInterruptPriority
                0x000000000800df40       0x7c Middlewares/Third_Party/FreeRTOS/Source/portable/GCC/ARM_CM3/port.o
                0x000000000800df40                vPortValidateInterruptPriority
 .text.pvPortMalloc
                0x000000000800dfbc      0x188 Middlewares/Third_Party/FreeRTOS/Source/portable/MemMang/heap_4.o
                0x000000000800dfbc                pvPortMalloc
 .text.vPortFree
                0x000000000800e144       0xb4 Middlewares/Third_Party/FreeRTOS/Source/portable/MemMang/heap_4.o
                0x000000000800e144                vPortFree
 .text.prvHeapInit
                0x000000000800e1f8       0xc4 Middlewares/Third_Party/FreeRTOS/Source/portable/MemMang/heap_4.o
 .text.prvInsertBlockIntoFreeList
                0x000000000800e2bc       0xb0 Middlewares/Third_Party/FreeRTOS/Source/portable/MemMang/heap_4.o
 .text.MX_USB_DEVICE_Init
                0x000000000800e36c       0x60 USB_DEVICE/App/usb_device.o
                0x000000000800e36c                MX_USB_DEVICE_Init
 .text.CDC_Init_FS
                0x000000000800e3cc       0x28 USB_DEVICE/App/usbd_cdc_if.o
 .text.CDC_DeInit_FS
                0x000000000800e3f4        0xe USB_DEVICE/App/usbd_cdc_if.o
 *fill*         0x000000000800e402        0x2 
 .text.CDC_Control_FS
                0x000000000800e404       0xbc USB_DEVICE/App/usbd_cdc_if.o
 .text.CDC_Receive_FS
                0x000000000800e4c0       0x74 USB_DEVICE/App/usbd_cdc_if.o
 .text.CDC_Transmit_FS
                0x000000000800e534       0x4c USB_DEVICE/App/usbd_cdc_if.o
                0x000000000800e534                CDC_Transmit_FS
 .text.USBD_FS_DeviceDescriptor
                0x000000000800e580       0x24 USB_DEVICE/App/usbd_desc.o
                0x000000000800e580                USBD_FS_DeviceDescriptor
 .text.USBD_FS_LangIDStrDescriptor
                0x000000000800e5a4       0x24 USB_DEVICE/App/usbd_desc.o
                0x000000000800e5a4                USBD_FS_LangIDStrDescriptor
 .text.USBD_FS_ProductStrDescriptor
                0x000000000800e5c8       0x3c USB_DEVICE/App/usbd_desc.o
                0x000000000800e5c8                USBD_FS_ProductStrDescriptor
 .text.USBD_FS_ManufacturerStrDescriptor
                0x000000000800e604       0x28 USB_DEVICE/App/usbd_desc.o
                0x000000000800e604                USBD_FS_ManufacturerStrDescriptor
 .text.USBD_FS_SerialStrDescriptor
                0x000000000800e62c       0x24 USB_DEVICE/App/usbd_desc.o
                0x000000000800e62c                USBD_FS_SerialStrDescriptor
 .text.USBD_FS_ConfigStrDescriptor
                0x000000000800e650       0x3c USB_DEVICE/App/usbd_desc.o
                0x000000000800e650                USBD_FS_ConfigStrDescriptor
 .text.USBD_FS_InterfaceStrDescriptor
                0x000000000800e68c       0x3c USB_DEVICE/App/usbd_desc.o
                0x000000000800e68c                USBD_FS_InterfaceStrDescriptor
 .text.Get_SerialNum
                0x000000000800e6c8       0x58 USB_DEVICE/App/usbd_desc.o
 .text.IntToUnicode
                0x000000000800e720       0x7c USB_DEVICE/App/usbd_desc.o
 .text.HAL_PCD_MspInit
                0x000000000800e79c       0x4c USB_DEVICE/Target/usbd_conf.o
                0x000000000800e79c                HAL_PCD_MspInit
 .text.HAL_PCD_SetupStageCallback
                0x000000000800e7e8       0x24 USB_DEVICE/Target/usbd_conf.o
                0x000000000800e7e8                HAL_PCD_SetupStageCallback
 .text.HAL_PCD_DataOutStageCallback
                0x000000000800e80c       0x36 USB_DEVICE/Target/usbd_conf.o
                0x000000000800e80c                HAL_PCD_DataOutStageCallback
 .text.HAL_PCD_DataInStageCallback
                0x000000000800e842       0x34 USB_DEVICE/Target/usbd_conf.o
                0x000000000800e842                HAL_PCD_DataInStageCallback
 .text.HAL_PCD_SOFCallback
                0x000000000800e876       0x1c USB_DEVICE/Target/usbd_conf.o
                0x000000000800e876                HAL_PCD_SOFCallback
 .text.HAL_PCD_ResetCallback
                0x000000000800e892       0x3c USB_DEVICE/Target/usbd_conf.o
                0x000000000800e892                HAL_PCD_ResetCallback
 *fill*         0x000000000800e8ce        0x2 
 .text.HAL_PCD_SuspendCallback
                0x000000000800e8d0       0x34 USB_DEVICE/Target/usbd_conf.o
                0x000000000800e8d0                HAL_PCD_SuspendCallback
 .text.HAL_PCD_ResumeCallback
                0x000000000800e904       0x1c USB_DEVICE/Target/usbd_conf.o
                0x000000000800e904                HAL_PCD_ResumeCallback
 .text.USBD_LL_Init
                0x000000000800e920       0xb4 USB_DEVICE/Target/usbd_conf.o
                0x000000000800e920                USBD_LL_Init
 .text.USBD_LL_Start
                0x000000000800e9d4       0x36 USB_DEVICE/Target/usbd_conf.o
                0x000000000800e9d4                USBD_LL_Start
 .text.USBD_LL_OpenEP
                0x000000000800ea0a       0x4c USB_DEVICE/Target/usbd_conf.o
                0x000000000800ea0a                USBD_LL_OpenEP
 .text.USBD_LL_CloseEP
                0x000000000800ea56       0x3e USB_DEVICE/Target/usbd_conf.o
                0x000000000800ea56                USBD_LL_CloseEP
 .text.USBD_LL_StallEP
                0x000000000800ea94       0x3e USB_DEVICE/Target/usbd_conf.o
                0x000000000800ea94                USBD_LL_StallEP
 .text.USBD_LL_ClearStallEP
                0x000000000800ead2       0x3e USB_DEVICE/Target/usbd_conf.o
                0x000000000800ead2                USBD_LL_ClearStallEP
 .text.USBD_LL_IsStallEP
                0x000000000800eb10       0x58 USB_DEVICE/Target/usbd_conf.o
                0x000000000800eb10                USBD_LL_IsStallEP
 .text.USBD_LL_SetUSBAddress
                0x000000000800eb68       0x3e USB_DEVICE/Target/usbd_conf.o
                0x000000000800eb68                USBD_LL_SetUSBAddress
 .text.USBD_LL_Transmit
                0x000000000800eba6       0x46 USB_DEVICE/Target/usbd_conf.o
                0x000000000800eba6                USBD_LL_Transmit
 .text.USBD_LL_PrepareReceive
                0x000000000800ebec       0x46 USB_DEVICE/Target/usbd_conf.o
                0x000000000800ebec                USBD_LL_PrepareReceive
 .text.USBD_LL_GetRxDataSize
                0x000000000800ec32       0x26 USB_DEVICE/Target/usbd_conf.o
                0x000000000800ec32                USBD_LL_GetRxDataSize
 .text.USBD_static_malloc
                0x000000000800ec58       0x18 USB_DEVICE/Target/usbd_conf.o
                0x000000000800ec58                USBD_static_malloc
 .text.USBD_static_free
                0x000000000800ec70       0x12 USB_DEVICE/Target/usbd_conf.o
                0x000000000800ec70                USBD_static_free
 .text.HAL_PCDEx_SetConnectionState
                0x000000000800ec82       0x16 USB_DEVICE/Target/usbd_conf.o
                0x000000000800ec82                HAL_PCDEx_SetConnectionState
 .text.USBD_Get_USB_Status
                0x000000000800ec98       0x58 USB_DEVICE/Target/usbd_conf.o
 .text.__libc_init_array
                0x000000000800ecf0       0x48 c:/st/stm32cubeide_1.5.1/stm32cubeide/plugins/com.st.stm32cube.ide.mcu.externaltools.gnu-tools-for-stm32.9-2020-q2-update.win32_1.5.0.202011040924/tools/bin/../lib/gcc/arm-none-eabi/9.3.1/../../../../arm-none-eabi/lib/thumb/v7-m/nofp\libc_nano.a(lib_a-init.o)
                0x000000000800ecf0                __libc_init_array
 .text.memcpy   0x000000000800ed38       0x1c c:/st/stm32cubeide_1.5.1/stm32cubeide/plugins/com.st.stm32cube.ide.mcu.externaltools.gnu-tools-for-stm32.9-2020-q2-update.win32_1.5.0.202011040924/tools/bin/../lib/gcc/arm-none-eabi/9.3.1/../../../../arm-none-eabi/lib/thumb/v7-m/nofp\libc_nano.a(lib_a-memcpy-stub.o)
                0x000000000800ed38                memcpy
 .text.memmove  0x000000000800ed54       0x34 c:/st/stm32cubeide_1.5.1/stm32cubeide/plugins/com.st.stm32cube.ide.mcu.externaltools.gnu-tools-for-stm32.9-2020-q2-update.win32_1.5.0.202011040924/tools/bin/../lib/gcc/arm-none-eabi/9.3.1/../../../../arm-none-eabi/lib/thumb/v7-m/nofp\libc_nano.a(lib_a-memmove.o)
                0x000000000800ed54                memmove
 .text.memset   0x000000000800ed88       0x10 c:/st/stm32cubeide_1.5.1/stm32cubeide/plugins/com.st.stm32cube.ide.mcu.externaltools.gnu-tools-for-stm32.9-2020-q2-update.win32_1.5.0.202011040924/tools/bin/../lib/gcc/arm-none-eabi/9.3.1/../../../../arm-none-eabi/lib/thumb/v7-m/nofp\libc_nano.a(lib_a-memset.o)
                0x000000000800ed88                memset
 *(.glue_7)
 .glue_7        0x000000000800ed98        0x0 linker stubs
 *(.glue_7t)
 .glue_7t       0x000000000800ed98        0x0 linker stubs
 *(.eh_frame)
 .eh_frame      0x000000000800ed98        0x0 c:/st/stm32cubeide_1.5.1/stm32cubeide/plugins/com.st.stm32cube.ide.mcu.externaltools.gnu-tools-for-stm32.9-2020-q2-update.win32_1.5.0.202011040924/tools/bin/../lib/gcc/arm-none-eabi/9.3.1/thumb/v7-m/nofp/crtbegin.o
 *(.init)
 .init          0x000000000800ed98        0x4 c:/st/stm32cubeide_1.5.1/stm32cubeide/plugins/com.st.stm32cube.ide.mcu.externaltools.gnu-tools-for-stm32.9-2020-q2-update.win32_1.5.0.202011040924/tools/bin/../lib/gcc/arm-none-eabi/9.3.1/thumb/v7-m/nofp/crti.o
                0x000000000800ed98                _init
 .init          0x000000000800ed9c        0x8 c:/st/stm32cubeide_1.5.1/stm32cubeide/plugins/com.st.stm32cube.ide.mcu.externaltools.gnu-tools-for-stm32.9-2020-q2-update.win32_1.5.0.202011040924/tools/bin/../lib/gcc/arm-none-eabi/9.3.1/thumb/v7-m/nofp/crtn.o
 *(.fini)
 .fini          0x000000000800eda4        0x4 c:/st/stm32cubeide_1.5.1/stm32cubeide/plugins/com.st.stm32cube.ide.mcu.externaltools.gnu-tools-for-stm32.9-2020-q2-update.win32_1.5.0.202011040924/tools/bin/../lib/gcc/arm-none-eabi/9.3.1/thumb/v7-m/nofp/crti.o
                0x000000000800eda4                _fini
 .fini          0x000000000800eda8        0x8 c:/st/stm32cubeide_1.5.1/stm32cubeide/plugins/com.st.stm32cube.ide.mcu.externaltools.gnu-tools-for-stm32.9-2020-q2-update.win32_1.5.0.202011040924/tools/bin/../lib/gcc/arm-none-eabi/9.3.1/thumb/v7-m/nofp/crtn.o
                0x000000000800edb0                . = ALIGN (0x4)
                0x000000000800edb0                _etext = .

.vfp11_veneer   0x000000000800edb0        0x0
 .vfp11_veneer  0x000000000800edb0        0x0 linker stubs

.v4_bx          0x000000000800edb0        0x0
 .v4_bx         0x000000000800edb0        0x0 linker stubs

.iplt           0x000000000800edb0        0x0
 .iplt          0x000000000800edb0        0x0 c:/st/stm32cubeide_1.5.1/stm32cubeide/plugins/com.st.stm32cube.ide.mcu.externaltools.gnu-tools-for-stm32.9-2020-q2-update.win32_1.5.0.202011040924/tools/bin/../lib/gcc/arm-none-eabi/9.3.1/thumb/v7-m/nofp/crtbegin.o

.rodata         0x000000000800edb0      0x770
                0x000000000800edb0                . = ALIGN (0x4)
 *(.rodata)
 .rodata        0x000000000800edb0       0x96 Core/Src/freertos.o
 *fill*         0x000000000800ee46        0x2 
 .rodata        0x000000000800ee48       0x46 Core/Src/microrl.o
 *fill*         0x000000000800ee8e        0x2 
 .rodata        0x000000000800ee90      0x109 Core/Src/microrl_cmd.o
 *fill*         0x000000000800ef99        0x3 
 .rodata        0x000000000800ef9c       0x10 Drivers/STM32F1xx_HAL_Driver/Src/stm32f1xx_hal_rcc.o
 .rodata        0x000000000800efac        0x5 Middlewares/Third_Party/FreeRTOS/Source/tasks.o
 *fill*         0x000000000800efb1        0x3 
 .rodata        0x000000000800efb4        0xd Middlewares/Third_Party/FreeRTOS/Source/timers.o
 *fill*         0x000000000800efc1        0x3 
 .rodata        0x000000000800efc4       0x3a USB_DEVICE/App/usbd_desc.o
 *(.rodata*)
 *fill*         0x000000000800effe        0x2 
 .rodata.defaultTask_attributes
                0x000000000800f000       0x24 Core/Src/freertos.o
                0x000000000800f000                defaultTask_attributes
 .rodata.LEDheartbeat_attributes
                0x000000000800f024       0x24 Core/Src/freertos.o
                0x000000000800f024                LEDheartbeat_attributes
 .rodata.taskUSB_rcv_attributes
                0x000000000800f048       0x24 Core/Src/freertos.o
                0x000000000800f048                taskUSB_rcv_attributes
 .rodata.UARTtask_attributes
                0x000000000800f06c       0x24 Core/Src/freertos.o
                0x000000000800f06c                UARTtask_attributes
 .rodata.Encoder_attributes
                0x000000000800f090       0x24 Core/Src/freertos.o
                0x000000000800f090                Encoder_attributes
 .rodata.qUSB_rcv_attributes
                0x000000000800f0b4       0x18 Core/Src/freertos.o
                0x000000000800f0b4                qUSB_rcv_attributes
 .rodata.qVFD_attributes
                0x000000000800f0cc       0x18 Core/Src/freertos.o
                0x000000000800f0cc                qVFD_attributes
 .rodata.muI2C_attributes
                0x000000000800f0e4       0x10 Core/Src/freertos.o
                0x000000000800f0e4                muI2C_attributes
 .rodata.microrl_actions
                0x000000000800f0f4      0x294 Core/Src/microrl_cmd.o
                0x000000000800f0f4                microrl_actions
 .rodata.microrl_color_lookup
                0x000000000800f388       0xbb Core/Src/microrl_cmd.o
                0x000000000800f388                microrl_color_lookup
 *fill*         0x000000000800f443        0x1 
 .rodata.microrl_help_color
                0x000000000800f444        0x4 Core/Src/microrl_cmd.o
                0x000000000800f444                microrl_help_color
 .rodata.AHBPrescTable
                0x000000000800f448       0x10 Core/Src/system_stm32f1xx.o
                0x000000000800f448                AHBPrescTable
 .rodata.APBPrescTable
                0x000000000800f458        0x8 Core/Src/system_stm32f1xx.o
                0x000000000800f458                APBPrescTable
 .rodata.vfd_digits
                0x000000000800f460       0x14 Core/Src/vfd.o
                0x000000000800f460                vfd_digits
 .rodata.vfd_alpha
                0x000000000800f474       0x34 Core/Src/vfd.o
                0x000000000800f474                vfd_alpha
 .rodata.vfd_alpha_ru
                0x000000000800f4a8       0x40 Core/Src/vfd.o
                0x000000000800f4a8                vfd_alpha_ru
 .rodata.vfd_special
                0x000000000800f4e8       0x22 Core/Src/vfd.o
                0x000000000800f4e8                vfd_special
 *fill*         0x000000000800f50a        0x2 
 .rodata.vfd_special_char
                0x000000000800f50c       0x11 Core/Src/vfd.o
                0x000000000800f50c                vfd_special_char
                0x000000000800f520                . = ALIGN (0x4)
 *fill*         0x000000000800f51d        0x3 

.rel.dyn        0x000000000800f520        0x0
 .rel.iplt      0x000000000800f520        0x0 c:/st/stm32cubeide_1.5.1/stm32cubeide/plugins/com.st.stm32cube.ide.mcu.externaltools.gnu-tools-for-stm32.9-2020-q2-update.win32_1.5.0.202011040924/tools/bin/../lib/gcc/arm-none-eabi/9.3.1/thumb/v7-m/nofp/crtbegin.o

.ARM.extab      0x000000000800f520        0x0
                0x000000000800f520                . = ALIGN (0x4)
 *(.ARM.extab* .gnu.linkonce.armextab.*)
                0x000000000800f520                . = ALIGN (0x4)

.ARM            0x000000000800f520        0x0
                0x000000000800f520                . = ALIGN (0x4)
                0x000000000800f520                __exidx_start = .
 *(.ARM.exidx*)
                0x000000000800f520                __exidx_end = .
                0x000000000800f520                . = ALIGN (0x4)

.preinit_array  0x000000000800f520        0x0
                0x000000000800f520                . = ALIGN (0x4)
                0x000000000800f520                PROVIDE (__preinit_array_start = .)
 *(.preinit_array*)
                0x000000000800f520                PROVIDE (__preinit_array_end = .)
                0x000000000800f520                . = ALIGN (0x4)

.init_array     0x000000000800f520        0x4
                0x000000000800f520                . = ALIGN (0x4)
                0x000000000800f520                PROVIDE (__init_array_start = .)
 *(SORT_BY_NAME(.init_array.*))
 *(.init_array*)
 .init_array    0x000000000800f520        0x4 c:/st/stm32cubeide_1.5.1/stm32cubeide/plugins/com.st.stm32cube.ide.mcu.externaltools.gnu-tools-for-stm32.9-2020-q2-update.win32_1.5.0.202011040924/tools/bin/../lib/gcc/arm-none-eabi/9.3.1/thumb/v7-m/nofp/crtbegin.o
                0x000000000800f524                PROVIDE (__init_array_end = .)
                0x000000000800f524                . = ALIGN (0x4)

.fini_array     0x000000000800f524        0x4
                0x000000000800f524                . = ALIGN (0x4)
                [!provide]                        PROVIDE (__fini_array_start = .)
 *(SORT_BY_NAME(.fini_array.*))
 *(.fini_array*)
 .fini_array    0x000000000800f524        0x4 c:/st/stm32cubeide_1.5.1/stm32cubeide/plugins/com.st.stm32cube.ide.mcu.externaltools.gnu-tools-for-stm32.9-2020-q2-update.win32_1.5.0.202011040924/tools/bin/../lib/gcc/arm-none-eabi/9.3.1/thumb/v7-m/nofp/crtbegin.o
                [!provide]                        PROVIDE (__fini_array_end = .)
                0x000000000800f528                . = ALIGN (0x4)
                0x000000000800f528                _sidata = LOADADDR (.data)

.data           0x0000000020000000      0x190 load address 0x000000000800f528
                0x0000000020000000                . = ALIGN (0x4)
                0x0000000020000000                _sdata = .
 *(.data)
 *(.data*)
 .data.released.7875
                0x0000000020000000        0x1 Core/Src/freertos.o
 .data.invert.7874
                0x0000000020000001        0x1 Core/Src/freertos.o
 *fill*         0x0000000020000002        0x2 
 .data.prompt_default
                0x0000000020000004        0x4 Core/Src/microrl.o
                0x0000000020000004                prompt_default
 .data.p_mcrl   0x0000000020000008        0x4 Core/Src/microrl_cmd.o
                0x0000000020000008                p_mcrl
 .data.color_out
                0x000000002000000c        0x1 Core/Src/microrl_cmd.o
                0x000000002000000c                color_out
 .data.show_clock
                0x000000002000000d        0x1 Core/Src/microrl_cmd.o
                0x000000002000000d                show_clock
 *fill*         0x000000002000000e        0x2 
 .data.SystemCoreClock
                0x0000000020000010        0x4 Core/Src/system_stm32f1xx.o
                0x0000000020000010                SystemCoreClock
 .data.uwTickPrio
                0x0000000020000014        0x4 Drivers/STM32F1xx_HAL_Driver/Src/stm32f1xx_hal.o
                0x0000000020000014                uwTickPrio
 .data.uwTickFreq
                0x0000000020000018        0x1 Drivers/STM32F1xx_HAL_Driver/Src/stm32f1xx_hal.o
                0x0000000020000018                uwTickFreq
 *fill*         0x0000000020000019        0x3 
 .data.USBD_CDC_DeviceQualifierDesc
                0x000000002000001c        0xa Middlewares/ST/STM32_USB_Device_Library/Class/CDC/Src/usbd_cdc.o
 *fill*         0x0000000020000026        0x2 
 .data.USBD_CDC
                0x0000000020000028       0x38 Middlewares/ST/STM32_USB_Device_Library/Class/CDC/Src/usbd_cdc.o
                0x0000000020000028                USBD_CDC
 .data.USBD_CDC_CfgHSDesc
                0x0000000020000060       0x43 Middlewares/ST/STM32_USB_Device_Library/Class/CDC/Src/usbd_cdc.o
                0x0000000020000060                USBD_CDC_CfgHSDesc
 *fill*         0x00000000200000a3        0x1 
 .data.USBD_CDC_CfgFSDesc
                0x00000000200000a4       0x43 Middlewares/ST/STM32_USB_Device_Library/Class/CDC/Src/usbd_cdc.o
                0x00000000200000a4                USBD_CDC_CfgFSDesc
 *fill*         0x00000000200000e7        0x1 
 .data.USBD_CDC_OtherSpeedCfgDesc
                0x00000000200000e8       0x43 Middlewares/ST/STM32_USB_Device_Library/Class/CDC/Src/usbd_cdc.o
                0x00000000200000e8                USBD_CDC_OtherSpeedCfgDesc
 *fill*         0x000000002000012b        0x1 
 .data.uxCriticalNesting
                0x000000002000012c        0x4 Middlewares/Third_Party/FreeRTOS/Source/portable/GCC/ARM_CM3/port.o
 .data.USBD_Interface_fops_FS
                0x0000000020000130       0x10 USB_DEVICE/App/usbd_cdc_if.o
                0x0000000020000130                USBD_Interface_fops_FS
 .data.FS_Desc  0x0000000020000140       0x1c USB_DEVICE/App/usbd_desc.o
                0x0000000020000140                FS_Desc
 .data.USBD_FS_DeviceDesc
                0x000000002000015c       0x12 USB_DEVICE/App/usbd_desc.o
                0x000000002000015c                USBD_FS_DeviceDesc
 *fill*         0x000000002000016e        0x2 
 .data.USBD_LangIDDesc
                0x0000000020000170        0x4 USB_DEVICE/App/usbd_desc.o
                0x0000000020000170                USBD_LangIDDesc
 .data.USBD_StringSerial
                0x0000000020000174       0x1a USB_DEVICE/App/usbd_desc.o
                0x0000000020000174                USBD_StringSerial
 *(.RamFunc)
 *(.RamFunc*)
                0x0000000020000190                . = ALIGN (0x4)
 *fill*         0x000000002000018e        0x2 
                0x0000000020000190                _edata = .

.igot.plt       0x0000000020000190        0x0 load address 0x000000000800f6b8
 .igot.plt      0x0000000020000190        0x0 c:/st/stm32cubeide_1.5.1/stm32cubeide/plugins/com.st.stm32cube.ide.mcu.externaltools.gnu-tools-for-stm32.9-2020-q2-update.win32_1.5.0.202011040924/tools/bin/../lib/gcc/arm-none-eabi/9.3.1/thumb/v7-m/nofp/crtbegin.o
                0x0000000020000190                . = ALIGN (0x4)

.bss            0x0000000020000190     0x34b0 load address 0x000000000800f6b8
                0x0000000020000190                _sbss = .
                0x0000000020000190                __bss_start__ = _sbss
 *(.bss)
 .bss           0x0000000020000190       0x1c c:/st/stm32cubeide_1.5.1/stm32cubeide/plugins/com.st.stm32cube.ide.mcu.externaltools.gnu-tools-for-stm32.9-2020-q2-update.win32_1.5.0.202011040924/tools/bin/../lib/gcc/arm-none-eabi/9.3.1/thumb/v7-m/nofp/crtbegin.o
 *(.bss*)
 .bss.encoder_value
                0x00000000200001ac        0x2 Core/Src/freertos.o
                0x00000000200001ac                encoder_value
 .bss.tick_counter
                0x00000000200001ae        0x2 Core/Src/freertos.o
                0x00000000200001ae                tick_counter
 .bss.old.7959  0x00000000200001b0        0x1 Core/Src/freertos.o
 .bss.CDC_is_ready
                0x00000000200001b1        0x1 Core/Src/microrl_cmd.o
                0x00000000200001b1                CDC_is_ready
 .bss.nema_out  0x00000000200001b2        0x1 Core/Src/microrl_cmd.o
                0x00000000200001b2                nema_out
 .bss.cfgidx.8757
                0x00000000200001b3        0x1 Middlewares/ST/STM32_USB_Device_Library/Core/Src/usbd_ctlreq.o
 .bss.KernelState
                0x00000000200001b4        0x4 Middlewares/Third_Party/FreeRTOS/Source/CMSIS_RTOS_V2/cmsis_os2.o
 .bss.Idle_TCB  0x00000000200001b8       0x5c Middlewares/Third_Party/FreeRTOS/Source/CMSIS_RTOS_V2/cmsis_os2.o
 .bss.Idle_Stack
                0x0000000020000214      0x200 Middlewares/Third_Party/FreeRTOS/Source/CMSIS_RTOS_V2/cmsis_os2.o
 .bss.Timer_TCB
                0x0000000020000414       0x5c Middlewares/Third_Party/FreeRTOS/Source/CMSIS_RTOS_V2/cmsis_os2.o
 .bss.Timer_Stack
                0x0000000020000470      0x400 Middlewares/Third_Party/FreeRTOS/Source/CMSIS_RTOS_V2/cmsis_os2.o
 .bss.pxCurrentTCB
                0x0000000020000870        0x4 Middlewares/Third_Party/FreeRTOS/Source/tasks.o
                0x0000000020000870                pxCurrentTCB
 .bss.pxReadyTasksLists
                0x0000000020000874      0x460 Middlewares/Third_Party/FreeRTOS/Source/tasks.o
 .bss.xDelayedTaskList1
                0x0000000020000cd4       0x14 Middlewares/Third_Party/FreeRTOS/Source/tasks.o
 .bss.xDelayedTaskList2
                0x0000000020000ce8       0x14 Middlewares/Third_Party/FreeRTOS/Source/tasks.o
 .bss.pxDelayedTaskList
                0x0000000020000cfc        0x4 Middlewares/Third_Party/FreeRTOS/Source/tasks.o
 .bss.pxOverflowDelayedTaskList
                0x0000000020000d00        0x4 Middlewares/Third_Party/FreeRTOS/Source/tasks.o
 .bss.xPendingReadyList
                0x0000000020000d04       0x14 Middlewares/Third_Party/FreeRTOS/Source/tasks.o
 .bss.xTasksWaitingTermination
                0x0000000020000d18       0x14 Middlewares/Third_Party/FreeRTOS/Source/tasks.o
 .bss.uxDeletedTasksWaitingCleanUp
                0x0000000020000d2c        0x4 Middlewares/Third_Party/FreeRTOS/Source/tasks.o
 .bss.xSuspendedTaskList
                0x0000000020000d30       0x14 Middlewares/Third_Party/FreeRTOS/Source/tasks.o
 .bss.uxCurrentNumberOfTasks
                0x0000000020000d44        0x4 Middlewares/Third_Party/FreeRTOS/Source/tasks.o
 .bss.xTickCount
                0x0000000020000d48        0x4 Middlewares/Third_Party/FreeRTOS/Source/tasks.o
 .bss.uxTopReadyPriority
                0x0000000020000d4c        0x4 Middlewares/Third_Party/FreeRTOS/Source/tasks.o
 .bss.xSchedulerRunning
                0x0000000020000d50        0x4 Middlewares/Third_Party/FreeRTOS/Source/tasks.o
 .bss.uxPendedTicks
                0x0000000020000d54        0x4 Middlewares/Third_Party/FreeRTOS/Source/tasks.o
 .bss.xYieldPending
                0x0000000020000d58        0x4 Middlewares/Third_Party/FreeRTOS/Source/tasks.o
 .bss.xNumOfOverflows
                0x0000000020000d5c        0x4 Middlewares/Third_Party/FreeRTOS/Source/tasks.o
 .bss.uxTaskNumber
                0x0000000020000d60        0x4 Middlewares/Third_Party/FreeRTOS/Source/tasks.o
 .bss.xNextTaskUnblockTime
                0x0000000020000d64        0x4 Middlewares/Third_Party/FreeRTOS/Source/tasks.o
 .bss.xIdleTaskHandle
                0x0000000020000d68        0x4 Middlewares/Third_Party/FreeRTOS/Source/tasks.o
 .bss.uxSchedulerSuspended
                0x0000000020000d6c        0x4 Middlewares/Third_Party/FreeRTOS/Source/tasks.o
 .bss.xActiveTimerList1
                0x0000000020000d70       0x14 Middlewares/Third_Party/FreeRTOS/Source/timers.o
 .bss.xActiveTimerList2
                0x0000000020000d84       0x14 Middlewares/Third_Party/FreeRTOS/Source/timers.o
 .bss.pxCurrentTimerList
                0x0000000020000d98        0x4 Middlewares/Third_Party/FreeRTOS/Source/timers.o
 .bss.pxOverflowTimerList
                0x0000000020000d9c        0x4 Middlewares/Third_Party/FreeRTOS/Source/timers.o
 .bss.xTimerQueue
                0x0000000020000da0        0x4 Middlewares/Third_Party/FreeRTOS/Source/timers.o
 .bss.xTimerTaskHandle
                0x0000000020000da4        0x4 Middlewares/Third_Party/FreeRTOS/Source/timers.o
 .bss.xLastTime.5524
                0x0000000020000da8        0x4 Middlewares/Third_Party/FreeRTOS/Source/timers.o
 .bss.ucStaticTimerQueueStorage.5575
                0x0000000020000dac       0xa0 Middlewares/Third_Party/FreeRTOS/Source/timers.o
 .bss.xStaticTimerQueue.5574
                0x0000000020000e4c       0x50 Middlewares/Third_Party/FreeRTOS/Source/timers.o
 .bss.ucMaxSysCallPriority
                0x0000000020000e9c        0x1 Middlewares/Third_Party/FreeRTOS/Source/portable/GCC/ARM_CM3/port.o
 *fill*         0x0000000020000e9d        0x3 
 .bss.ulMaxPRIGROUPValue
                0x0000000020000ea0        0x4 Middlewares/Third_Party/FreeRTOS/Source/portable/GCC/ARM_CM3/port.o
 .bss.ucHeap    0x0000000020000ea4     0x139c Middlewares/Third_Party/FreeRTOS/Source/portable/MemMang/heap_4.o
 .bss.xStart    0x0000000020002240        0x8 Middlewares/Third_Party/FreeRTOS/Source/portable/MemMang/heap_4.o
 .bss.pxEnd     0x0000000020002248        0x4 Middlewares/Third_Party/FreeRTOS/Source/portable/MemMang/heap_4.o
 .bss.xFreeBytesRemaining
                0x000000002000224c        0x4 Middlewares/Third_Party/FreeRTOS/Source/portable/MemMang/heap_4.o
 .bss.xMinimumEverFreeBytesRemaining
                0x0000000020002250        0x4 Middlewares/Third_Party/FreeRTOS/Source/portable/MemMang/heap_4.o
 .bss.xBlockAllocatedBit
                0x0000000020002254        0x4 Middlewares/Third_Party/FreeRTOS/Source/portable/MemMang/heap_4.o
 .bss.mem.8827  0x0000000020002258      0x220 USB_DEVICE/Target/usbd_conf.o
 *(COMMON)
 COMMON         0x0000000020002478       0x20 Core/Src/d3231.o
                0x0000000020002478                d3231_mem
                0x000000002000248c                muI2CHandle
                0x0000000020002490                qVFDHandle
                0x0000000020002494                qUSB_rcvQueue
 COMMON         0x0000000020002498       0x18 Core/Src/freertos.o
                0x0000000020002498                defaultTaskHandle
                0x000000002000249c                LEDheartbeatHandle
                0x00000000200024a0                UARTtaskHandle
                0x00000000200024a4                taskUSB_rcvHandle
                0x00000000200024a8                qUSB_rcvHandle
                0x00000000200024ac                EncoderHandle
 COMMON         0x00000000200024b0       0x54 Core/Src/i2c.o
                0x00000000200024b0                hi2c1
 COMMON         0x0000000020002504       0x94 Core/Src/microrl_cmd.o
                0x0000000020002504                compl_word
                0x0000000020002544                mcrl
 COMMON         0x0000000020002598       0x58 Core/Src/spi.o
                0x0000000020002598                hspi2
 COMMON         0x00000000200025f0       0x48 Core/Src/stm32f1xx_hal_timebase_tim.o
                0x00000000200025f0                htim1
 COMMON         0x0000000020002638       0x44 Core/Src/usart.o
                0x0000000020002638                huart2
 COMMON         0x000000002000267c        0x4 Drivers/STM32F1xx_HAL_Driver/Src/stm32f1xx_hal.o
                0x000000002000267c                uwTick
 COMMON         0x0000000020002680       0x40 Middlewares/Third_Party/FreeRTOS/Source/queue.o
                0x0000000020002680                xQueueRegistry
 COMMON         0x00000000200026c0      0x2c4 USB_DEVICE/App/usb_device.o
                0x00000000200026c0                hUsbDeviceFS
 COMMON         0x0000000020002984      0x7d0 USB_DEVICE/App/usbd_cdc_if.o
                0x0000000020002984                UserRxBufferFS
                0x0000000020002d6c                UserTxBufferFS
 COMMON         0x0000000020003154      0x200 USB_DEVICE/App/usbd_desc.o
                0x0000000020003154                USBD_StrDesc
 COMMON         0x0000000020003354      0x2ec USB_DEVICE/Target/usbd_conf.o
                0x0000000020003354                hpcd_USB_FS
                0x0000000020003640                . = ALIGN (0x4)
                0x0000000020003640                _ebss = .
                0x0000000020003640                __bss_end__ = _ebss

._user_heap_stack
                0x0000000020003640      0x600 load address 0x000000000800f6b8
                0x0000000020003640                . = ALIGN (0x8)
                [!provide]                        PROVIDE (end = .)
                0x0000000020003640                PROVIDE (_end = .)
                0x0000000020003840                . = (. + _Min_Heap_Size)
 *fill*         0x0000000020003640      0x200 
                0x0000000020003c40                . = (. + _Min_Stack_Size)
 *fill*         0x0000000020003840      0x400 
                0x0000000020003c40                . = ALIGN (0x8)

/DISCARD/
 libc.a(*)
 libm.a(*)
 libgcc.a(*)

.ARM.attributes
                0x0000000000000000       0x29
 *(.ARM.attributes)
 .ARM.attributes