Archive member included to satisfy reference by file (symbol)

c:/st/stm32cubeide_1.5.1/stm32cubeide/plugins/com.st.stm32cube.ide.mcu.externaltools.gnu-tools-for-stm32.9-2020-q2-update.win32_1.5.0.202011040924/tools/bin/../lib/gcc/arm-none-eabi/9.3.1/../../../../arm-none-eabi/lib/thumb/v7-m/nofp\libc_nano.a(lib_a-errno.o)
                              Core/Src/syscalls.o (__errno)
c:/st/stm32cubeide_1.5.1/stm32cubeide/plugins/com.st.stm32cube.ide.mcu.externaltools.gnu-tools-for-stm32.9-2020-q2-update.win32_1.5.0.202011040924/tools/bin/../lib/gcc/arm-none-eabi/9.3.1/../../../../arm-none-eabi/lib/thumb/v7-m/nofp\libc_nano.a(lib_a-exit.o)
                              c:/st/stm32cubeide_1.5.1/stm32cubeide/plugins/com.st.stm32cube.ide.mcu.externaltools.gnu-tools-for-stm32.9-2020-q2-update.win32_1.5.0.202011040924/tools/bin/../lib/gcc/arm-none-eabi/9.3.1/../../../../arm-none-eabi/lib/thumb/v7-m/nofp/crt0.o (exit)
c:/st/stm32cubeide_1.5.1/stm32cubeide/plugins/com.st.stm32cube.ide.mcu.externaltools.gnu-tools-for-stm32.9-2020-q2-update.win32_1.5.0.202011040924/tools/bin/../lib/gcc/arm-none-eabi/9.3.1/../../../../arm-none-eabi/lib/thumb/v7-m/nofp\libc_nano.a(lib_a-impure.o)
                              c:/st/stm32cubeide_1.5.1/stm32cubeide/plugins/com.st.stm32cube.ide.mcu.externaltools.gnu-tools-for-stm32.9-2020-q2-update.win32_1.5.0.202011040924/tools/bin/../lib/gcc/arm-none-eabi/9.3.1/../../../../arm-none-eabi/lib/thumb/v7-m/nofp\libc_nano.a(lib_a-exit.o) (_global_impure_ptr)
c:/st/stm32cubeide_1.5.1/stm32cubeide/plugins/com.st.stm32cube.ide.mcu.externaltools.gnu-tools-for-stm32.9-2020-q2-update.win32_1.5.0.202011040924/tools/bin/../lib/gcc/arm-none-eabi/9.3.1/../../../../arm-none-eabi/lib/thumb/v7-m/nofp\libc_nano.a(lib_a-init.o)
                              c:/st/stm32cubeide_1.5.1/stm32cubeide/plugins/com.st.stm32cube.ide.mcu.externaltools.gnu-tools-for-stm32.9-2020-q2-update.win32_1.5.0.202011040924/tools/bin/../lib/gcc/arm-none-eabi/9.3.1/../../../../arm-none-eabi/lib/thumb/v7-m/nofp/crt0.o (__libc_init_array)
c:/st/stm32cubeide_1.5.1/stm32cubeide/plugins/com.st.stm32cube.ide.mcu.externaltools.gnu-tools-for-stm32.9-2020-q2-update.win32_1.5.0.202011040924/tools/bin/../lib/gcc/arm-none-eabi/9.3.1/../../../../arm-none-eabi/lib/thumb/v7-m/nofp\libc_nano.a(lib_a-memcpy-stub.o)
                              Core/Src/microrl.o (memcpy)
c:/st/stm32cubeide_1.5.1/stm32cubeide/plugins/com.st.stm32cube.ide.mcu.externaltools.gnu-tools-for-stm32.9-2020-q2-update.win32_1.5.0.202011040924/tools/bin/../lib/gcc/arm-none-eabi/9.3.1/../../../../arm-none-eabi/lib/thumb/v7-m/nofp\libc_nano.a(lib_a-memmove.o)
                              Core/Src/microrl.o (memmove)
c:/st/stm32cubeide_1.5.1/stm32cubeide/plugins/com.st.stm32cube.ide.mcu.externaltools.gnu-tools-for-stm32.9-2020-q2-update.win32_1.5.0.202011040924/tools/bin/../lib/gcc/arm-none-eabi/9.3.1/../../../../arm-none-eabi/lib/thumb/v7-m/nofp\libc_nano.a(lib_a-memset.o)
                              c:/st/stm32cubeide_1.5.1/stm32cubeide/plugins/com.st.stm32cube.ide.mcu.externaltools.gnu-tools-for-stm32.9-2020-q2-update.win32_1.5.0.202011040924/tools/bin/../lib/gcc/arm-none-eabi/9.3.1/../../../../arm-none-eabi/lib/thumb/v7-m/nofp/crt0.o (memset)
c:/st/stm32cubeide_1.5.1/stm32cubeide/plugins/com.st.stm32cube.ide.mcu.externaltools.gnu-tools-for-stm32.9-2020-q2-update.win32_1.5.0.202011040924/tools/bin/../lib/gcc/arm-none-eabi/9.3.1/../../../../arm-none-eabi/lib/thumb/v7-m/nofp\libc_nano.a(lib_a-strcmp.o)
                              Core/Src/microrl_cmd.o (strcmp)
c:/st/stm32cubeide_1.5.1/stm32cubeide/plugins/com.st.stm32cube.ide.mcu.externaltools.gnu-tools-for-stm32.9-2020-q2-update.win32_1.5.0.202011040924/tools/bin/../lib/gcc/arm-none-eabi/9.3.1/../../../../arm-none-eabi/lib/thumb/v7-m/nofp\libc_nano.a(lib_a-strlen.o)
                              Core/Src/microrl.o (strlen)
c:/st/stm32cubeide_1.5.1/stm32cubeide/plugins/com.st.stm32cube.ide.mcu.externaltools.gnu-tools-for-stm32.9-2020-q2-update.win32_1.5.0.202011040924/tools/bin/../lib/gcc/arm-none-eabi/9.3.1/../../../../arm-none-eabi/lib/thumb/v7-m/nofp\libc_nano.a(lib_a-strstr.o)
                              Core/Src/microrl_cmd.o (strstr)

Allocating common symbols
Common symbol       size              file

hUsbDeviceFS        0x2c4             USB_DEVICE/App/usb_device.o
defaultTaskHandle   0x4               Core/Src/freertos.o
hspi2               0x58              Core/Src/spi.o
LEDheartbeatHandle  0x4               Core/Src/freertos.o
compl_word          0x40              Core/Src/microrl_cmd.o
UARTtaskHandle      0x4               Core/Src/freertos.o
uwTick              0x4               Drivers/STM32F1xx_HAL_Driver/Src/stm32f1xx_hal.o
xQueueRegistry      0x40              Middlewares/Third_Party/FreeRTOS/Source/queue.o
pFlash              0x20              Drivers/STM32F1xx_HAL_Driver/Src/stm32f1xx_hal_flash.o
UserRxBufferFS      0x3e8             USB_DEVICE/App/usbd_cdc_if.o
[...]
Memory Configuration

Name             Origin             Length             Attributes
RAM              0x0000000020000000 0x0000000000005000 xrw
FLASH            0x0000000008000000 0x0000000000010000 xr
*default*        0x0000000000000000 0xffffffffffffffff

Linker script and memory map

LOAD c:/st/stm32cubeide_1.5.1/stm32cubeide/plugins/com.st.stm32cube.ide.mcu.externaltools.gnu-tools-for-stm32.9-2020-q2-update.win32_1.5.0.202011040924/tools/bin/../lib/gcc/arm-none-eabi/9.3.1/thumb/v7-m/nofp/crti.o
LOAD c:/st/stm32cubeide_1.5.1/stm32cubeide/plugins/com.st.stm32cube.ide.mcu.externaltools.gnu-tools-for-stm32.9-2020-q2-update.win32_1.5.0.202011040924/tools/bin/../lib/gcc/arm-none-eabi/9.3.1/thumb/v7-m/nofp/crtbegin.o
LOAD c:/st/stm32cubeide_1.5.1/stm32cubeide/plugins/com.st.stm32cube.ide.mcu.externaltools.gnu-tools-for-stm32.9-2020-q2-update.win32_1.5.0.202011040924/tools/bin/../lib/gcc/arm-none-eabi/9.3.1/../../../../arm-none-eabi/lib/thumb/v7-m/nofp/crt0.o
LOAD Core/Src/freertos.o
LOAD Core/Src/gpio.o
LOAD Core/Src/main.o
LOAD Core/Src/microrl.o
LOAD Core/Src/microrl_cmd.o
LOAD Core/Src/spi.o
LOAD Core/Src/stm32f1xx_hal_msp.o
LOAD Core/Src/stm32f1xx_hal_timebase_tim.o
LOAD Core/Src/stm32f1xx_it.o
LOAD Core/Src/syscalls.o
LOAD Core/Src/sysmem.o
LOAD Core/Src/system_stm32f1xx.o
LOAD Core/Src/usart.o
LOAD Core/Src/vfd.o
LOAD Core/Startup/startup_stm32f103c8tx.o
LOAD Drivers/STM32F1xx_HAL_Driver/Src/stm32f1xx_hal.o
LOAD Drivers/STM32F1xx_HAL_Driver/Src/stm32f1xx_hal_cortex.o
LOAD Drivers/STM32F1xx_HAL_Driver/Src/stm32f1xx_hal_dma.o
LOAD Drivers/STM32F1xx_HAL_Driver/Src/stm32f1xx_hal_exti.o
LOAD Drivers/STM32F1xx_HAL_Driver/Src/stm32f1xx_hal_flash.o
LOAD Drivers/STM32F1xx_HAL_Driver/Src/stm32f1xx_hal_flash_ex.o
LOAD Drivers/STM32F1xx_HAL_Driver/Src/stm32f1xx_hal_gpio.o
LOAD Drivers/STM32F1xx_HAL_Driver/Src/stm32f1xx_hal_gpio_ex.o
LOAD Drivers/STM32F1xx_HAL_Driver/Src/stm32f1xx_hal_pcd.o
LOAD Drivers/STM32F1xx_HAL_Driver/Src/stm32f1xx_hal_pcd_ex.o
LOAD Drivers/STM32F1xx_HAL_Driver/Src/stm32f1xx_hal_pwr.o
LOAD Drivers/STM32F1xx_HAL_Driver/Src/stm32f1xx_hal_rcc.o
LOAD Drivers/STM32F1xx_HAL_Driver/Src/stm32f1xx_hal_rcc_ex.o
LOAD Drivers/STM32F1xx_HAL_Driver/Src/stm32f1xx_hal_spi.o
LOAD Drivers/STM32F1xx_HAL_Driver/Src/stm32f1xx_hal_tim.o
LOAD Drivers/STM32F1xx_HAL_Driver/Src/stm32f1xx_hal_tim_ex.o
LOAD Drivers/STM32F1xx_HAL_Driver/Src/stm32f1xx_hal_uart.o
LOAD Drivers/STM32F1xx_HAL_Driver/Src/stm32f1xx_ll_usb.o
LOAD Middlewares/ST/STM32_USB_Device_Library/Class/CDC/Src/usbd_cdc.o
LOAD Middlewares/ST/STM32_USB_Device_Library/Core/Src/usbd_core.o
LOAD Middlewares/ST/STM32_USB_Device_Library/Core/Src/usbd_ctlreq.o
LOAD Middlewares/ST/STM32_USB_Device_Library/Core/Src/usbd_ioreq.o
LOAD Middlewares/Third_Party/FreeRTOS/Source/CMSIS_RTOS_V2/cmsis_os2.o
LOAD Middlewares/Third_Party/FreeRTOS/Source/croutine.o
LOAD Middlewares/Third_Party/FreeRTOS/Source/event_groups.o
LOAD Middlewares/Third_Party/FreeRTOS/Source/list.o
LOAD Middlewares/Third_Party/FreeRTOS/Source/queue.o
LOAD Middlewares/Third_Party/FreeRTOS/Source/stream_buffer.o
LOAD Middlewares/Third_Party/FreeRTOS/Source/tasks.o
LOAD Middlewares/Third_Party/FreeRTOS/Source/timers.o
LOAD Middlewares/Third_Party/FreeRTOS/Source/portable/GCC/ARM_CM3/port.o
LOAD Middlewares/Third_Party/FreeRTOS/Source/portable/MemMang/heap_4.o
LOAD USB_DEVICE/App/usb_device.o
LOAD USB_DEVICE/App/usbd_cdc_if.o
LOAD USB_DEVICE/App/usbd_desc.o
LOAD USB_DEVICE/Target/usbd_conf.o
START GROUP
LOAD c:/st/stm32cubeide_1.5.1/stm32cubeide/plugins/com.st.stm32cube.ide.mcu.externaltools.gnu-tools-for-stm32.9-2020-q2-update.win32_1.5.0.202011040924/tools/bin/../lib/gcc/arm-none-eabi/9.3.1/../../../../arm-none-eabi/lib/thumb/v7-m/nofp\libc_nano.a
LOAD c:/st/stm32cubeide_1.5.1/stm32cubeide/plugins/com.st.stm32cube.ide.mcu.externaltools.gnu-tools-for-stm32.9-2020-q2-update.win32_1.5.0.202011040924/tools/bin/../lib/gcc/arm-none-eabi/9.3.1/../../../../arm-none-eabi/lib/thumb/v7-m/nofp\libm.a
END GROUP
START GROUP
LOAD c:/st/stm32cubeide_1.5.1/stm32cubeide/plugins/com.st.stm32cube.ide.mcu.externaltools.gnu-tools-for-stm32.9-2020-q2-update.win32_1.5.0.202011040924/tools/bin/../lib/gcc/arm-none-eabi/9.3.1/thumb/v7-m/nofp\libgcc.a
LOAD c:/st/stm32cubeide_1.5.1/stm32cubeide/plugins/com.st.stm32cube.ide.mcu.externaltools.gnu-tools-for-stm32.9-2020-q2-update.win32_1.5.0.202011040924/tools/bin/../lib/gcc/arm-none-eabi/9.3.1/../../../../arm-none-eabi/lib/thumb/v7-m/nofp\libc_nano.a
END GROUP
START GROUP
LOAD c:/st/stm32cubeide_1.5.1/stm32cubeide/plugins/com.st.stm32cube.ide.mcu.externaltools.gnu-tools-for-stm32.9-2020-q2-update.win32_1.5.0.202011040924/tools/bin/../lib/gcc/arm-none-eabi/9.3.1/thumb/v7-m/nofp\libgcc.a
LOAD c:/st/stm32cubeide_1.5.1/stm32cubeide/plugins/com.st.stm32cube.ide.mcu.externaltools.gnu-tools-for-stm32.9-2020-q2-update.win32_1.5.0.202011040924/tools/bin/../lib/gcc/arm-none-eabi/9.3.1/../../../../arm-none-eabi/lib/thumb/v7-m/nofp\libc_nano.a
LOAD c:/st/stm32cubeide_1.5.1/stm32cubeide/plugins/com.st.stm32cube.ide.mcu.externaltools.gnu-tools-for-stm32.9-2020-q2-update.win32_1.5.0.202011040924/tools/bin/../lib/gcc/arm-none-eabi/9.3.1/../../../../arm-none-eabi/lib/thumb/v7-m/nofp\libnosys.a
END GROUP
START GROUP
LOAD c:/st/stm32cubeide_1.5.1/stm32cubeide/plugins/com.st.stm32cube.ide.mcu.externaltools.gnu-tools-for-stm32.9-2020-q2-update.win32_1.5.0.202011040924/tools/bin/../lib/gcc/arm-none-eabi/9.3.1/thumb/v7-m/nofp\libgcc.a
LOAD c:/st/stm32cubeide_1.5.1/stm32cubeide/plugins/com.st.stm32cube.ide.mcu.externaltools.gnu-tools-for-stm32.9-2020-q2-update.win32_1.5.0.202011040924/tools/bin/../lib/gcc/arm-none-eabi/9.3.1/../../../../arm-none-eabi/lib/thumb/v7-m/nofp\libc_nano.a
LOAD c:/st/stm32cubeide_1.5.1/stm32cubeide/plugins/com.st.stm32cube.ide.mcu.externaltools.gnu-tools-for-stm32.9-2020-q2-update.win32_1.5.0.202011040924/tools/bin/../lib/gcc/arm-none-eabi/9.3.1/../../../../arm-none-eabi/lib/thumb/v7-m/nofp\libnosys.a
END GROUP
LOAD c:/st/stm32cubeide_1.5.1/stm32cubeide/plugins/com.st.stm32cube.ide.mcu.externaltools.gnu-tools-for-stm32.9-2020-q2-update.win32_1.5.0.202011040924/tools/bin/../lib/gcc/arm-none-eabi/9.3.1/thumb/v7-m/nofp/crtend.o
LOAD c:/st/stm32cubeide_1.5.1/stm32cubeide/plugins/com.st.stm32cube.ide.mcu.externaltools.gnu-tools-for-stm32.9-2020-q2-update.win32_1.5.0.202011040924/tools/bin/../lib/gcc/arm-none-eabi/9.3.1/thumb/v7-m/nofp/crtn.o
                0x0000000020005000                _estack = (ORIGIN (RAM) + LENGTH (RAM))
                0x0000000000000200                _Min_Heap_Size = 0x200
                0x0000000000000400                _Min_Stack_Size = 0x400

.isr_vector     0x0000000008000000      0x10c
                0x0000000008000000                . = ALIGN (0x4)
 *(.isr_vector)
 .isr_vector    0x0000000008000000      0x10c Core/Startup/startup_stm32f103c8tx.o
                0x0000000008000000                g_pfnVectors
                0x000000000800010c                . = ALIGN (0x4)

.text           0x0000000008000110     0xdd60
                0x0000000008000110                . = ALIGN (0x4)
 *(.text)
 .text          0x0000000008000110       0x40 c:/st/stm32cubeide_1.5.1/stm32cubeide/plugins/com.st.stm32cube.ide.mcu.externaltools.gnu-tools-for-stm32.9-2020-q2-update.win32_1.5.0.202011040924/tools/bin/../lib/gcc/arm-none-eabi/9.3.1/thumb/v7-m/nofp/crtbegin.o
 .text          0x0000000008000150       0x14 c:/st/stm32cubeide_1.5.1/stm32cubeide/plugins/com.st.stm32cube.ide.mcu.externaltools.gnu-tools-for-stm32.9-2020-q2-update.win32_1.5.0.202011040924/tools/bin/../lib/gcc/arm-none-eabi/9.3.1/../../../../arm-none-eabi/lib/thumb/v7-m/nofp\libc_nano.a(lib_a-strcmp.o)
                0x0000000008000150                strcmp
 .text          0x0000000008000164       0x10 c:/st/stm32cubeide_1.5.1/stm32cubeide/plugins/com.st.stm32cube.ide.mcu.externaltools.gnu-tools-for-stm32.9-2020-q2-update.win32_1.5.0.202011040924/tools/bin/../lib/gcc/arm-none-eabi/9.3.1/../../../../arm-none-eabi/lib/thumb/v7-m/nofp\libc_nano.a(lib_a-strlen.o)
                0x0000000008000164                strlen
 *(.text*)
 .text.MX_FREERTOS_Init
                0x0000000008000174       0xd0 Core/Src/freertos.o
                0x0000000008000174                MX_FREERTOS_Init
 .text.StartDefaultTask
                0x0000000008000244       0x38 Core/Src/freertos.o
                0x0000000008000244                StartDefaultTask
 .text.StartLEDheartbeat
                0x000000000800027c       0x34 Core/Src/freertos.o
                0x000000000800027c                StartLEDheartbeat
 .text.StartUSB_rcv
                0x00000000080002b0       0x48 Core/Src/freertos.o
                0x00000000080002b0                StartUSB_rcv
 .text.StartUARTtask
                0x00000000080002f8       0x3c Core/Src/freertos.o
                0x00000000080002f8                StartUARTtask
 .text.StartEncoder
                0x0000000008000334      0x664 Core/Src/freertos.o
                0x0000000008000334                StartEncoder
 .text.HAL_UART_RxCpltCallback
                0x0000000008000998       0x50 Core/Src/freertos.o
                0x0000000008000998                HAL_UART_RxCpltCallback
 .text.process_encoder
                0x00000000080009e8      0x108 Core/Src/freertos.o
                0x00000000080009e8                process_encoder
 .text.MX_GPIO_Init
                0x0000000008000af0      0x150 Core/Src/gpio.o
                0x0000000008000af0                MX_GPIO_Init
 .text.main     0x0000000008000c40       0x26 Core/Src/main.o
                0x0000000008000c40                main
 .text.SystemClock_Config
                0x0000000008000c66       0xb6 Core/Src/main.o
                0x0000000008000c66                SystemClock_Config
 .text.HAL_TIM_PeriodElapsedCallback
                0x0000000008000d1c       0x24 Core/Src/main.o
                0x0000000008000d1c                HAL_TIM_PeriodElapsedCallback
 .text.Error_Handler
                0x0000000008000d40        0xa Core/Src/main.o
                0x0000000008000d40                Error_Handler
 .text.hist_erase_older
                0x0000000008000d4a       0x36 Core/Src/microrl.o
 .text.hist_is_space_for_new
                0x0000000008000d80       0x62 Core/Src/microrl.o
 .text.hist_save_line
                0x0000000008000de2       0xde Core/Src/microrl.o
 .text.hist_restore_line
                0x0000000008000ec0      0x210 Core/Src/microrl.o
 .text.split    0x00000000080010d0       0x92 Core/Src/microrl.o
 .text.print_prompt
                0x0000000008001162       0x1e Core/Src/microrl.o
 .text.terminal_backspace
                0x0000000008001180       0x20 Core/Src/microrl.o
 .text.terminal_newline
                0x00000000080011a0       0x20 Core/Src/microrl.o
 .text.u16bit_to_str
                0x00000000080011c0       0xa0 Core/Src/microrl.o
 .text.terminal_move_cursor
                0x0000000008001260       0xa0 Core/Src/microrl.o
 .text.terminal_reset_cursor
                0x0000000008001300       0x70 Core/Src/microrl.o
 .text.terminal_print_line
                0x0000000008001370       0x70 Core/Src/microrl.o
 .text.microrl_init
                0x00000000080013e0       0x7c Core/Src/microrl.o
                0x00000000080013e0                microrl_init
 .text.microrl_set_complete_callback
                0x000000000800145c       0x1c Core/Src/microrl.o
                0x000000000800145c                microrl_set_complete_callback
 .text.microrl_set_execute_callback
                0x0000000008001478       0x1c Core/Src/microrl.o
                0x0000000008001478                microrl_set_execute_callback
 .text.microrl_set_sigint_callback
                0x0000000008001494       0x1c Core/Src/microrl.o
                0x0000000008001494                microrl_set_sigint_callback
 .text.hist_search
                0x00000000080014b0       0x60 Core/Src/microrl.o
 .text.escape_process
                0x0000000008001510      0x11c Core/Src/microrl.o
 .text.microrl_insert_text
                0x000000000800162c       0xe6 Core/Src/microrl.o
 .text.microrl_backspace
                0x0000000008001712       0x7e Core/Src/microrl.o
 .text.common_len
                0x0000000008001790       0xb8 Core/Src/microrl.o
 .text.microrl_get_complite
                0x0000000008001848      0x15c Core/Src/microrl.o
 .text.new_line_handler
                0x00000000080019a4       0xb8 Core/Src/microrl.o
                0x00000000080019a4                new_line_handler
 .text.microrl_insert_char
                0x0000000008001a5c      0x3f8 Core/Src/microrl.o
                0x0000000008001a5c                microrl_insert_char
 .text.microrl_print_char
                0x0000000008001e54       0x24 Core/Src/microrl_cmd.o
                0x0000000008001e54                microrl_print_char
 .text.print    0x0000000008001e78       0x90 Core/Src/microrl_cmd.o
                0x0000000008001e78                print
 .text.find_color_by_name
                0x0000000008001f08       0x48 Core/Src/microrl_cmd.o
                0x0000000008001f08                find_color_by_name
 .text.print_color
                0x0000000008001f50       0x4c Core/Src/microrl_cmd.o
                0x0000000008001f50                print_color
 .text.str_length
                0x0000000008001f9c       0x2c Core/Src/microrl_cmd.o
                0x0000000008001f9c                str_length
 .text.print_help
                0x0000000008001fc8      0x1a4 Core/Src/microrl_cmd.o
                0x0000000008001fc8                print_help
 .text.execute  0x000000000800216c      0x194 Core/Src/microrl_cmd.o
                0x000000000800216c                execute
 .text.complet  0x0000000008002300      0x184 Core/Src/microrl_cmd.o
                0x0000000008002300                complet
 .text.sigint   0x0000000008002484       0x58 Core/Src/microrl_cmd.o
                0x0000000008002484                sigint
 .text.init_microrl
                0x00000000080024dc       0x4c Core/Src/microrl_cmd.o
                0x00000000080024dc                init_microrl
 .text.clear_screen
                0x0000000008002528       0x28 Core/Src/microrl_cmd.o
                0x0000000008002528                clear_screen
 .text.set_CDC_ready
                0x0000000008002550       0x18 Core/Src/microrl_cmd.o
                0x0000000008002550                set_CDC_ready
 .text.color_toggle
                0x0000000008002568       0x34 Core/Src/microrl_cmd.o
                0x0000000008002568                color_toggle
 .text.color_on
                0x000000000800259c       0x34 Core/Src/microrl_cmd.o
                0x000000000800259c                color_on
 .text.color_off
                0x00000000080025d0       0x34 Core/Src/microrl_cmd.o
                0x00000000080025d0                color_off
 .text.color_show
                0x0000000008002604       0x44 Core/Src/microrl_cmd.o
                0x0000000008002604                color_show
 .text.nema_toggle
                0x0000000008002648       0x34 Core/Src/microrl_cmd.o
                0x0000000008002648                nema_toggle
 .text.nema_on  0x000000000800267c       0x34 Core/Src/microrl_cmd.o
                0x000000000800267c                nema_on
 .text.nema_off
                0x00000000080026b0       0x34 Core/Src/microrl_cmd.o
                0x00000000080026b0                nema_off
 .text.vfd      0x00000000080026e4       0x78 Core/Src/microrl_cmd.o
                0x00000000080026e4                vfd
 .text.show_encoder
                0x000000000800275c       0x80 Core/Src/microrl_cmd.o
                0x000000000800275c                show_encoder
 .text.get_nema
                0x00000000080027dc       0x14 Core/Src/microrl_cmd.o
                0x00000000080027dc                get_nema
 .text.MX_SPI2_Init
                0x00000000080027f0       0x6c Core/Src/spi.o
                0x00000000080027f0                MX_SPI2_Init
 .text.HAL_SPI_MspInit
                0x000000000800285c       0x98 Core/Src/spi.o
                0x000000000800285c                HAL_SPI_MspInit
 .text.HAL_MspInit
                0x00000000080028f4       0x70 Core/Src/stm32f1xx_hal_msp.o
                0x00000000080028f4                HAL_MspInit
 .text.HAL_InitTick
                0x0000000008002964       0xac Core/Src/stm32f1xx_hal_timebase_tim.o
                0x0000000008002964                HAL_InitTick
 .text.NMI_Handler
                0x0000000008002a10        0x6 Core/Src/stm32f1xx_it.o
                0x0000000008002a10                NMI_Handler
 .text.HardFault_Handler
                0x0000000008002a16        0x6 Core/Src/stm32f1xx_it.o
                0x0000000008002a16                HardFault_Handler
 .text.MemManage_Handler
                0x0000000008002a1c        0x6 Core/Src/stm32f1xx_it.o
                0x0000000008002a1c                MemManage_Handler
 .text.BusFault_Handler
                0x0000000008002a22        0x6 Core/Src/stm32f1xx_it.o
                0x0000000008002a22                BusFault_Handler
 .text.UsageFault_Handler
                0x0000000008002a28        0x6 Core/Src/stm32f1xx_it.o
                0x0000000008002a28                UsageFault_Handler
 .text.DebugMon_Handler
                0x0000000008002a2e        0xc Core/Src/stm32f1xx_it.o
                0x0000000008002a2e                DebugMon_Handler
 .text.EXTI0_IRQHandler
                0x0000000008002a3a        0xe Core/Src/stm32f1xx_it.o
                0x0000000008002a3a                EXTI0_IRQHandler
 .text.USB_LP_CAN1_RX0_IRQHandler
                0x0000000008002a48       0x14 Core/Src/stm32f1xx_it.o
                0x0000000008002a48                USB_LP_CAN1_RX0_IRQHandler
 .text.TIM1_UP_IRQHandler
                0x0000000008002a5c       0x14 Core/Src/stm32f1xx_it.o
                0x0000000008002a5c                TIM1_UP_IRQHandler
 .text.USART2_IRQHandler
                0x0000000008002a70       0x14 Core/Src/stm32f1xx_it.o
                0x0000000008002a70                USART2_IRQHandler
 .text.SystemInit
                0x0000000008002a84        0xc Core/Src/system_stm32f1xx.o
                0x0000000008002a84                SystemInit
 .text.MX_USART2_UART_Init
                0x0000000008002a90       0x54 Core/Src/usart.o
                0x0000000008002a90                MX_USART2_UART_Init
 .text.HAL_UART_MspInit
                0x0000000008002ae4       0xa4 Core/Src/usart.o
                0x0000000008002ae4                HAL_UART_MspInit
 .text.get_char
                0x0000000008002b88       0xc8 Core/Src/vfd.o
                0x0000000008002b88                get_char
 .text.Reset_Handler
                0x0000000008002c50       0x48 Core/Startup/startup_stm32f103c8tx.o
                0x0000000008002c50                Reset_Handler
 .text.Default_Handler
                0x0000000008002c98        0x2 Core/Startup/startup_stm32f103c8tx.o
                0x0000000008002c98                RTC_Alarm_IRQHandler
                0x0000000008002c98                EXTI2_IRQHandler
                0x0000000008002c98                TIM1_CC_IRQHandler
                0x0000000008002c98                PVD_IRQHandler
                0x0000000008002c98                EXTI3_IRQHandler
                0x0000000008002c98                I2C2_EV_IRQHandler
                0x0000000008002c98                ADC1_2_IRQHandler
                0x0000000008002c98                SPI1_IRQHandler
                0x0000000008002c98                TAMPER_IRQHandler
                0x0000000008002c98                DMA1_Channel4_IRQHandler
                0x0000000008002c98                USART3_IRQHandler
                0x0000000008002c98                RTC_IRQHandler
                0x0000000008002c98                DMA1_Channel7_IRQHandler
                0x0000000008002c98                CAN1_RX1_IRQHandler
                0x0000000008002c98                TIM4_IRQHandler
                0x0000000008002c98                I2C1_EV_IRQHandler
                0x0000000008002c98                DMA1_Channel6_IRQHandler
                0x0000000008002c98                TIM3_IRQHandler
                0x0000000008002c98                RCC_IRQHandler
                0x0000000008002c98                TIM1_TRG_COM_IRQHandler
                0x0000000008002c98                DMA1_Channel1_IRQHandler
                0x0000000008002c98                Default_Handler
                0x0000000008002c98                EXTI15_10_IRQHandler
                0x0000000008002c98                EXTI9_5_IRQHandler
                0x0000000008002c98                SPI2_IRQHandler
                0x0000000008002c98                DMA1_Channel5_IRQHandler
                0x0000000008002c98                EXTI4_IRQHandler
                0x0000000008002c98                USB_HP_CAN1_TX_IRQHandler
                0x0000000008002c98                DMA1_Channel3_IRQHandler
                0x0000000008002c98                WWDG_IRQHandler
                0x0000000008002c98                TIM2_IRQHandler
                0x0000000008002c98                TIM1_BRK_IRQHandler
                0x0000000008002c98                EXTI1_IRQHandler
                0x0000000008002c98                I2C2_ER_IRQHandler
                0x0000000008002c98                DMA1_Channel2_IRQHandler
                0x0000000008002c98                CAN1_SCE_IRQHandler
                0x0000000008002c98                FLASH_IRQHandler
                0x0000000008002c98                USART1_IRQHandler
                0x0000000008002c98                I2C1_ER_IRQHandler
                0x0000000008002c98                USBWakeUp_IRQHandler
 *fill*         0x0000000008002c9a        0x2 
 .text.HAL_Init
                0x0000000008002c9c       0x2c Drivers/STM32F1xx_HAL_Driver/Src/stm32f1xx_hal.o
                0x0000000008002c9c                HAL_Init
 .text.HAL_IncTick
                0x0000000008002cc8       0x24 Drivers/STM32F1xx_HAL_Driver/Src/stm32f1xx_hal.o
                0x0000000008002cc8                HAL_IncTick
 .text.HAL_GetTick
                0x0000000008002cec       0x14 Drivers/STM32F1xx_HAL_Driver/Src/stm32f1xx_hal.o
                0x0000000008002cec                HAL_GetTick
 .text.__NVIC_SetPriorityGrouping
                0x0000000008002d00       0x48 Drivers/STM32F1xx_HAL_Driver/Src/stm32f1xx_hal_cortex.o
 .text.__NVIC_GetPriorityGrouping
                0x0000000008002d48       0x1c Drivers/STM32F1xx_HAL_Driver/Src/stm32f1xx_hal_cortex.o
 .text.__NVIC_EnableIRQ
                0x0000000008002d64       0x38 Drivers/STM32F1xx_HAL_Driver/Src/stm32f1xx_hal_cortex.o
 .text.__NVIC_SetPriority
                0x0000000008002d9c       0x54 Drivers/STM32F1xx_HAL_Driver/Src/stm32f1xx_hal_cortex.o
 .text.NVIC_EncodePriority
                0x0000000008002df0       0x64 Drivers/STM32F1xx_HAL_Driver/Src/stm32f1xx_hal_cortex.o
 .text.HAL_NVIC_SetPriorityGrouping
                0x0000000008002e54       0x16 Drivers/STM32F1xx_HAL_Driver/Src/stm32f1xx_hal_cortex.o
                0x0000000008002e54                HAL_NVIC_SetPriorityGrouping
 .text.HAL_NVIC_SetPriority
                0x0000000008002e6a       0x38 Drivers/STM32F1xx_HAL_Driver/Src/stm32f1xx_hal_cortex.o
                0x0000000008002e6a                HAL_NVIC_SetPriority
 .text.HAL_NVIC_EnableIRQ
                0x0000000008002ea2       0x1c Drivers/STM32F1xx_HAL_Driver/Src/stm32f1xx_hal_cortex.o
                0x0000000008002ea2                HAL_NVIC_EnableIRQ
 .text.HAL_DMA_Abort
                0x0000000008002ebe       0x74 Drivers/STM32F1xx_HAL_Driver/Src/stm32f1xx_hal_dma.o
                0x0000000008002ebe                HAL_DMA_Abort
 *fill*         0x0000000008002f32        0x2 
 .text.HAL_DMA_Abort_IT
                0x0000000008002f34       0xec Drivers/STM32F1xx_HAL_Driver/Src/stm32f1xx_hal_dma.o
                0x0000000008002f34                HAL_DMA_Abort_IT
 .text.HAL_GPIO_Init
                0x0000000008003020      0x308 Drivers/STM32F1xx_HAL_Driver/Src/stm32f1xx_hal_gpio.o
                0x0000000008003020                HAL_GPIO_Init
 .text.HAL_GPIO_ReadPin
                0x0000000008003328       0x2e Drivers/STM32F1xx_HAL_Driver/Src/stm32f1xx_hal_gpio.o
                0x0000000008003328                HAL_GPIO_ReadPin
 .text.HAL_GPIO_WritePin
                0x0000000008003356       0x30 Drivers/STM32F1xx_HAL_Driver/Src/stm32f1xx_hal_gpio.o
                0x0000000008003356                HAL_GPIO_WritePin
 .text.HAL_GPIO_TogglePin
                0x0000000008003386       0x32 Drivers/STM32F1xx_HAL_Driver/Src/stm32f1xx_hal_gpio.o
                0x0000000008003386                HAL_GPIO_TogglePin
 .text.HAL_GPIO_EXTI_IRQHandler
                0x00000000080033b8       0x30 Drivers/STM32F1xx_HAL_Driver/Src/stm32f1xx_hal_gpio.o
                0x00000000080033b8                HAL_GPIO_EXTI_IRQHandler
 .text.HAL_GPIO_EXTI_Callback
                0x00000000080033e8       0x14 Drivers/STM32F1xx_HAL_Driver/Src/stm32f1xx_hal_gpio.o
                0x00000000080033e8                HAL_GPIO_EXTI_Callback
 .text.HAL_PCD_Init
                0x00000000080033fc      0x216 Drivers/STM32F1xx_HAL_Driver/Src/stm32f1xx_hal_pcd.o
                0x00000000080033fc                HAL_PCD_Init
 .text.HAL_PCD_Start
                0x0000000008003612       0x4c Drivers/STM32F1xx_HAL_Driver/Src/stm32f1xx_hal_pcd.o
                0x0000000008003612                HAL_PCD_Start
 .text.HAL_PCD_IRQHandler
                0x000000000800365e      0x2aa Drivers/STM32F1xx_HAL_Driver/Src/stm32f1xx_hal_pcd.o
                0x000000000800365e                HAL_PCD_IRQHandler
 .text.HAL_PCD_SetAddress
                0x0000000008003908       0x4a Drivers/STM32F1xx_HAL_Driver/Src/stm32f1xx_hal_pcd.o
                0x0000000008003908                HAL_PCD_SetAddress
 .text.HAL_PCD_EP_Open
                0x0000000008003952       0xcc Drivers/STM32F1xx_HAL_Driver/Src/stm32f1xx_hal_pcd.o
                0x0000000008003952                HAL_PCD_EP_Open
 .text.HAL_PCD_EP_Close
                0x0000000008003a1e       0x90 Drivers/STM32F1xx_HAL_Driver/Src/stm32f1xx_hal_pcd.o
                0x0000000008003a1e                HAL_PCD_EP_Close
 .text.HAL_PCD_EP_Receive
                0x0000000008003aae       0x7a Drivers/STM32F1xx_HAL_Driver/Src/stm32f1xx_hal_pcd.o
                0x0000000008003aae                HAL_PCD_EP_Receive
 .text.HAL_PCD_EP_GetRxCount
                0x0000000008003b28       0x2e Drivers/STM32F1xx_HAL_Driver/Src/stm32f1xx_hal_pcd.o
                0x0000000008003b28                HAL_PCD_EP_GetRxCount
 .text.HAL_PCD_EP_Transmit
                0x0000000008003b56       0x86 Drivers/STM32F1xx_HAL_Driver/Src/stm32f1xx_hal_pcd.o
                0x0000000008003b56                HAL_PCD_EP_Transmit
 .text.HAL_PCD_EP_SetStall
                0x0000000008003bdc       0xc0 Drivers/STM32F1xx_HAL_Driver/Src/stm32f1xx_hal_pcd.o
                0x0000000008003bdc                HAL_PCD_EP_SetStall
 .text.HAL_PCD_EP_ClrStall
                0x0000000008003c9c       0xa8 Drivers/STM32F1xx_HAL_Driver/Src/stm32f1xx_hal_pcd.o
                0x0000000008003c9c                HAL_PCD_EP_ClrStall
 .text.PCD_EP_ISR_Handler
                0x0000000008003d44      0x600 Drivers/STM32F1xx_HAL_Driver/Src/stm32f1xx_hal_pcd.o
 .text.HAL_PCD_EP_DB_Receive
                0x0000000008004344      0x21a Drivers/STM32F1xx_HAL_Driver/Src/stm32f1xx_hal_pcd.o
 .text.HAL_PCD_EP_DB_Transmit
                0x000000000800455e      0x7a4 Drivers/STM32F1xx_HAL_Driver/Src/stm32f1xx_hal_pcd.o
 .text.HAL_PCDEx_PMAConfig
                0x0000000008004d02       0x84 Drivers/STM32F1xx_HAL_Driver/Src/stm32f1xx_hal_pcd_ex.o
                0x0000000008004d02                HAL_PCDEx_PMAConfig
 *fill*         0x0000000008004d86        0x2 
 .text.HAL_RCC_OscConfig
                0x0000000008004d88      0x500 Drivers/STM32F1xx_HAL_Driver/Src/stm32f1xx_hal_rcc.o
                0x0000000008004d88                HAL_RCC_OscConfig
 .text.HAL_RCC_ClockConfig
                0x0000000008005288      0x1d4 Drivers/STM32F1xx_HAL_Driver/Src/stm32f1xx_hal_rcc.o
                0x0000000008005288                HAL_RCC_ClockConfig
 .text.HAL_RCC_GetSysClockFreq
                0x000000000800545c       0xc4 Drivers/STM32F1xx_HAL_Driver/Src/stm32f1xx_hal_rcc.o
                0x000000000800545c                HAL_RCC_GetSysClockFreq
 .text.HAL_RCC_GetHCLKFreq
                0x0000000008005520       0x14 Drivers/STM32F1xx_HAL_Driver/Src/stm32f1xx_hal_rcc.o
                0x0000000008005520                HAL_RCC_GetHCLKFreq
 .text.HAL_RCC_GetPCLK1Freq
                0x0000000008005534       0x28 Drivers/STM32F1xx_HAL_Driver/Src/stm32f1xx_hal_rcc.o
                0x0000000008005534                HAL_RCC_GetPCLK1Freq
 .text.HAL_RCC_GetPCLK2Freq
                0x000000000800555c       0x28 Drivers/STM32F1xx_HAL_Driver/Src/stm32f1xx_hal_rcc.o
                0x000000000800555c                HAL_RCC_GetPCLK2Freq
 .text.HAL_RCC_GetClockConfig
                0x0000000008005584       0x60 Drivers/STM32F1xx_HAL_Driver/Src/stm32f1xx_hal_rcc.o
                0x0000000008005584                HAL_RCC_GetClockConfig
 .text.RCC_Delay
                0x00000000080055e4       0x3c Drivers/STM32F1xx_HAL_Driver/Src/stm32f1xx_hal_rcc.o
 .text.HAL_RCCEx_PeriphCLKConfig
                0x0000000008005620      0x16c Drivers/STM32F1xx_HAL_Driver/Src/stm32f1xx_hal_rcc_ex.o
                0x0000000008005620                HAL_RCCEx_PeriphCLKConfig
 .text.HAL_SPI_Init
                0x000000000800578c      0x108 Drivers/STM32F1xx_HAL_Driver/Src/stm32f1xx_hal_spi.o
                0x000000000800578c                HAL_SPI_Init
 .text.HAL_SPI_Transmit
                0x0000000008005894      0x278 Drivers/STM32F1xx_HAL_Driver/Src/stm32f1xx_hal_spi.o
                0x0000000008005894                HAL_SPI_Transmit
 .text.SPI_WaitFlagStateUntilTimeout
                0x0000000008005b0c      0x110 Drivers/STM32F1xx_HAL_Driver/Src/stm32f1xx_hal_spi.o
 .text.SPI_EndRxTxTransaction
                0x0000000008005c1c       0x3c Drivers/STM32F1xx_HAL_Driver/Src/stm32f1xx_hal_spi.o
 .text.HAL_TIM_Base_Init
                0x0000000008005c58       0x9e Drivers/STM32F1xx_HAL_Driver/Src/stm32f1xx_hal_tim.o
                0x0000000008005c58                HAL_TIM_Base_Init
 .text.HAL_TIM_Base_MspInit
                0x0000000008005cf6       0x12 Drivers/STM32F1xx_HAL_Driver/Src/stm32f1xx_hal_tim.o
                0x0000000008005cf6                HAL_TIM_Base_MspInit
 .text.HAL_TIM_Base_Start_IT
                0x0000000008005d08       0xa4 Drivers/STM32F1xx_HAL_Driver/Src/stm32f1xx_hal_tim.o
                0x0000000008005d08                HAL_TIM_Base_Start_IT
 .text.HAL_TIM_IRQHandler
                0x0000000008005dac      0x210 Drivers/STM32F1xx_HAL_Driver/Src/stm32f1xx_hal_tim.o
                0x0000000008005dac                HAL_TIM_IRQHandler
 .text.HAL_TIM_OC_DelayElapsedCallback
                0x0000000008005fbc       0x12 Drivers/STM32F1xx_HAL_Driver/Src/stm32f1xx_hal_tim.o
                0x0000000008005fbc                HAL_TIM_OC_DelayElapsedCallback
 .text.HAL_TIM_IC_CaptureCallback
                0x0000000008005fce       0x12 Drivers/STM32F1xx_HAL_Driver/Src/stm32f1xx_hal_tim.o
                0x0000000008005fce                HAL_TIM_IC_CaptureCallback
 .text.HAL_TIM_PWM_PulseFinishedCallback
                0x0000000008005fe0       0x12 Drivers/STM32F1xx_HAL_Driver/Src/stm32f1xx_hal_tim.o
                0x0000000008005fe0                HAL_TIM_PWM_PulseFinishedCallback
 .text.HAL_TIM_TriggerCallback
                0x0000000008005ff2       0x12 Drivers/STM32F1xx_HAL_Driver/Src/stm32f1xx_hal_tim.o
                0x0000000008005ff2                HAL_TIM_TriggerCallback
 .text.TIM_Base_SetConfig
                0x0000000008006004       0xc4 Drivers/STM32F1xx_HAL_Driver/Src/stm32f1xx_hal_tim.o
                0x0000000008006004                TIM_Base_SetConfig
 .text.HAL_TIMEx_CommutCallback
                0x00000000080060c8       0x12 Drivers/STM32F1xx_HAL_Driver/Src/stm32f1xx_hal_tim_ex.o
                0x00000000080060c8                HAL_TIMEx_CommutCallback
 .text.HAL_TIMEx_BreakCallback
                0x00000000080060da       0x12 Drivers/STM32F1xx_HAL_Driver/Src/stm32f1xx_hal_tim_ex.o
                0x00000000080060da                HAL_TIMEx_BreakCallback
 .text.HAL_UART_Init
                0x00000000080060ec       0x9a Drivers/STM32F1xx_HAL_Driver/Src/stm32f1xx_hal_uart.o
                0x00000000080060ec                HAL_UART_Init
 .text.HAL_UART_Receive_IT
                0x0000000008006186       0x60 Drivers/STM32F1xx_HAL_Driver/Src/stm32f1xx_hal_uart.o
                0x0000000008006186                HAL_UART_Receive_IT
 *fill*         0x00000000080061e6        0x2 
 .text.HAL_UART_IRQHandler
                0x00000000080061e8      0x354 Drivers/STM32F1xx_HAL_Driver/Src/stm32f1xx_hal_uart.o
                0x00000000080061e8                HAL_UART_IRQHandler
 .text.HAL_UART_TxCpltCallback
                0x000000000800653c       0x12 Drivers/STM32F1xx_HAL_Driver/Src/stm32f1xx_hal_uart.o
                0x000000000800653c                HAL_UART_TxCpltCallback
 .text.HAL_UART_ErrorCallback
                0x000000000800654e       0x12 Drivers/STM32F1xx_HAL_Driver/Src/stm32f1xx_hal_uart.o
                0x000000000800654e                HAL_UART_ErrorCallback
 .text.HAL_UARTEx_RxEventCallback
                0x0000000008006560       0x16 Drivers/STM32F1xx_HAL_Driver/Src/stm32f1xx_hal_uart.o
                0x0000000008006560                HAL_UARTEx_RxEventCallback
 .text.UART_Start_Receive_IT
                0x0000000008006576       0x72 Drivers/STM32F1xx_HAL_Driver/Src/stm32f1xx_hal_uart.o
                0x0000000008006576                UART_Start_Receive_IT
 .text.UART_EndRxTransfer
                0x00000000080065e8       0x58 Drivers/STM32F1xx_HAL_Driver/Src/stm32f1xx_hal_uart.o
 .text.UART_DMAAbortOnError
                0x0000000008006640       0x28 Drivers/STM32F1xx_HAL_Driver/Src/stm32f1xx_hal_uart.o
 .text.UART_Transmit_IT
                0x0000000008006668       0x9e Drivers/STM32F1xx_HAL_Driver/Src/stm32f1xx_hal_uart.o
 .text.UART_EndTransmit_IT
                0x0000000008006706       0x30 Drivers/STM32F1xx_HAL_Driver/Src/stm32f1xx_hal_uart.o
 .text.UART_Receive_IT
                0x0000000008006736      0x152 Drivers/STM32F1xx_HAL_Driver/Src/stm32f1xx_hal_uart.o
 .text.UART_SetConfig
                0x0000000008006888      0x11c Drivers/STM32F1xx_HAL_Driver/Src/stm32f1xx_hal_uart.o
 .text.USB_CoreInit
                0x00000000080069a4       0x20 Drivers/STM32F1xx_HAL_Driver/Src/stm32f1xx_ll_usb.o
                0x00000000080069a4                USB_CoreInit
 .text.USB_EnableGlobalInt
                0x00000000080069c4       0x2c Drivers/STM32F1xx_HAL_Driver/Src/stm32f1xx_ll_usb.o
                0x00000000080069c4                USB_EnableGlobalInt
 .text.USB_DisableGlobalInt
                0x00000000080069f0       0x34 Drivers/STM32F1xx_HAL_Driver/Src/stm32f1xx_ll_usb.o
                0x00000000080069f0                USB_DisableGlobalInt
 .text.USB_SetCurrentMode
                0x0000000008006a24       0x18 Drivers/STM32F1xx_HAL_Driver/Src/stm32f1xx_ll_usb.o
                0x0000000008006a24                USB_SetCurrentMode
 .text.USB_DevInit
                0x0000000008006a3c       0x40 Drivers/STM32F1xx_HAL_Driver/Src/stm32f1xx_ll_usb.o
                0x0000000008006a3c                USB_DevInit
 .text.USB_ActivateEndpoint
                0x0000000008006a7c      0x6d4 Drivers/STM32F1xx_HAL_Driver/Src/stm32f1xx_ll_usb.o
                0x0000000008006a7c                USB_ActivateEndpoint
 .text.USB_DeactivateEndpoint
                0x0000000008007150      0x3d8 Drivers/STM32F1xx_HAL_Driver/Src/stm32f1xx_ll_usb.o
                0x0000000008007150                USB_DeactivateEndpoint
 .text.USB_EPStartXfer
                0x0000000008007528     0x15ee Drivers/STM32F1xx_HAL_Driver/Src/stm32f1xx_ll_usb.o
                0x0000000008007528                USB_EPStartXfer
 .text.USB_EPSetStall
                0x0000000008008b16       0xa0 Drivers/STM32F1xx_HAL_Driver/Src/stm32f1xx_ll_usb.o
                0x0000000008008b16                USB_EPSetStall
 .text.USB_EPClearStall
                0x0000000008008bb6      0x15a Drivers/STM32F1xx_HAL_Driver/Src/stm32f1xx_ll_usb.o
                0x0000000008008bb6                USB_EPClearStall
 .text.USB_SetDevAddress
                0x0000000008008d10       0x26 Drivers/STM32F1xx_HAL_Driver/Src/stm32f1xx_ll_usb.o
                0x0000000008008d10                USB_SetDevAddress
 .text.USB_DevConnect
                0x0000000008008d36       0x14 Drivers/STM32F1xx_HAL_Driver/Src/stm32f1xx_ll_usb.o
                0x0000000008008d36                USB_DevConnect
 .text.USB_DevDisconnect
                0x0000000008008d4a       0x14 Drivers/STM32F1xx_HAL_Driver/Src/stm32f1xx_ll_usb.o
                0x0000000008008d4a                USB_DevDisconnect
 .text.USB_ReadInterrupts
                0x0000000008008d5e       0x1e Drivers/STM32F1xx_HAL_Driver/Src/stm32f1xx_ll_usb.o
                0x0000000008008d5e                USB_ReadInterrupts
 .text.USB_EP0_OutStart
                0x0000000008008d7c       0x16 Drivers/STM32F1xx_HAL_Driver/Src/stm32f1xx_ll_usb.o
                0x0000000008008d7c                USB_EP0_OutStart
 .text.USB_WritePMA
                0x0000000008008d92       0x8a Drivers/STM32F1xx_HAL_Driver/Src/stm32f1xx_ll_usb.o
                0x0000000008008d92                USB_WritePMA
 .text.USB_ReadPMA
                0x0000000008008e1c       0x9e Drivers/STM32F1xx_HAL_Driver/Src/stm32f1xx_ll_usb.o
                0x0000000008008e1c                USB_ReadPMA
 .text.USBD_CDC_Init
                0x0000000008008eba       0xf4 Middlewares/ST/STM32_USB_Device_Library/Class/CDC/Src/usbd_cdc.o
 .text.USBD_CDC_DeInit
                0x0000000008008fae       0x6e Middlewares/ST/STM32_USB_Device_Library/Class/CDC/Src/usbd_cdc.o
 .text.USBD_CDC_Setup
                0x000000000800901c      0x146 Middlewares/ST/STM32_USB_Device_Library/Class/CDC/Src/usbd_cdc.o
 .text.USBD_CDC_DataIn
                0x0000000008009162       0xa6 Middlewares/ST/STM32_USB_Device_Library/Class/CDC/Src/usbd_cdc.o
 .text.USBD_CDC_DataOut
                0x0000000008009208       0x56 Middlewares/ST/STM32_USB_Device_Library/Class/CDC/Src/usbd_cdc.o
 .text.USBD_CDC_EP0_RxReady
                0x000000000800925e       0x50 Middlewares/ST/STM32_USB_Device_Library/Class/CDC/Src/usbd_cdc.o
 *fill*         0x00000000080092ae        0x2 
 .text.USBD_CDC_GetFSCfgDesc
                0x00000000080092b0       0x20 Middlewares/ST/STM32_USB_Device_Library/Class/CDC/Src/usbd_cdc.o
 .text.USBD_CDC_GetHSCfgDesc
                0x00000000080092d0       0x20 Middlewares/ST/STM32_USB_Device_Library/Class/CDC/Src/usbd_cdc.o
 .text.USBD_CDC_GetOtherSpeedCfgDesc
                0x00000000080092f0       0x20 Middlewares/ST/STM32_USB_Device_Library/Class/CDC/Src/usbd_cdc.o
 .text.USBD_CDC_GetDeviceQualifierDescriptor
                0x0000000008009310       0x20 Middlewares/ST/STM32_USB_Device_Library/Class/CDC/Src/usbd_cdc.o
                0x0000000008009310                USBD_CDC_GetDeviceQualifierDescriptor
 .text.USBD_CDC_RegisterInterface
                0x0000000008009330       0x2c Middlewares/ST/STM32_USB_Device_Library/Class/CDC/Src/usbd_cdc.o
                0x0000000008009330                USBD_CDC_RegisterInterface
 .text.USBD_CDC_SetTxBuffer
                0x000000000800935c       0x32 Middlewares/ST/STM32_USB_Device_Library/Class/CDC/Src/usbd_cdc.o
                0x000000000800935c                USBD_CDC_SetTxBuffer
 .text.USBD_CDC_SetRxBuffer
                0x000000000800938e       0x26 Middlewares/ST/STM32_USB_Device_Library/Class/CDC/Src/usbd_cdc.o
                0x000000000800938e                USBD_CDC_SetRxBuffer
 .text.USBD_CDC_TransmitPacket
                0x00000000080093b4       0x5e Middlewares/ST/STM32_USB_Device_Library/Class/CDC/Src/usbd_cdc.o
                0x00000000080093b4                USBD_CDC_TransmitPacket
 .text.USBD_CDC_ReceivePacket
                0x0000000008009412       0x54 Middlewares/ST/STM32_USB_Device_Library/Class/CDC/Src/usbd_cdc.o
                0x0000000008009412                USBD_CDC_ReceivePacket
 .text.USBD_Init
                0x0000000008009466       0x56 Middlewares/ST/STM32_USB_Device_Library/Core/Src/usbd_core.o
                0x0000000008009466                USBD_Init
 .text.USBD_RegisterClass
                0x00000000080094bc       0x32 Middlewares/ST/STM32_USB_Device_Library/Core/Src/usbd_core.o
                0x00000000080094bc                USBD_RegisterClass
 .text.USBD_Start
                0x00000000080094ee       0x18 Middlewares/ST/STM32_USB_Device_Library/Core/Src/usbd_core.o
                0x00000000080094ee                USBD_Start
 .text.USBD_RunTestMode
                0x0000000008009506       0x14 Middlewares/ST/STM32_USB_Device_Library/Core/Src/usbd_core.o
                0x0000000008009506                USBD_RunTestMode
 .text.USBD_SetClassConfig
                0x000000000800951a       0x3e Middlewares/ST/STM32_USB_Device_Library/Core/Src/usbd_core.o
                0x000000000800951a                USBD_SetClassConfig
 .text.USBD_ClrClassConfig
                0x0000000008009558       0x26 Middlewares/ST/STM32_USB_Device_Library/Core/Src/usbd_core.o
                0x0000000008009558                USBD_ClrClassConfig
 .text.USBD_LL_SetupStage
                0x000000000800957e       0x9a Middlewares/ST/STM32_USB_Device_Library/Core/Src/usbd_core.o
                0x000000000800957e                USBD_LL_SetupStage
 .text.USBD_LL_DataOutStage
                0x0000000008009618       0xe2 Middlewares/ST/STM32_USB_Device_Library/Core/Src/usbd_core.o
                0x0000000008009618                USBD_LL_DataOutStage
 .text.USBD_LL_DataInStage
                0x00000000080096fa      0x14a Middlewares/ST/STM32_USB_Device_Library/Core/Src/usbd_core.o
                0x00000000080096fa                USBD_LL_DataInStage
 .text.USBD_LL_Reset
                0x0000000008009844       0x82 Middlewares/ST/STM32_USB_Device_Library/Core/Src/usbd_core.o
                0x0000000008009844                USBD_LL_Reset
 .text.USBD_LL_SetSpeed
                0x00000000080098c6       0x1e Middlewares/ST/STM32_USB_Device_Library/Core/Src/usbd_core.o
                0x00000000080098c6                USBD_LL_SetSpeed
 .text.USBD_LL_Suspend
                0x00000000080098e4       0x28 Middlewares/ST/STM32_USB_Device_Library/Core/Src/usbd_core.o
                0x00000000080098e4                USBD_LL_Suspend
 .text.USBD_LL_Resume
                0x000000000800990c       0x2a Middlewares/ST/STM32_USB_Device_Library/Core/Src/usbd_core.o
                0x000000000800990c                USBD_LL_Resume
 .text.USBD_LL_SOF
                0x0000000008009936       0x34 Middlewares/ST/STM32_USB_Device_Library/Core/Src/usbd_core.o
                0x0000000008009936                USBD_LL_SOF
 *fill*         0x000000000800996a        0x2 
 .text.USBD_StdDevReq
                0x000000000800996c       0xd4 Middlewares/ST/STM32_USB_Device_Library/Core/Src/usbd_ctlreq.o
                0x000000000800996c                USBD_StdDevReq
 .text.USBD_StdItfReq
                0x0000000008009a40       0x90 Middlewares/ST/STM32_USB_Device_Library/Core/Src/usbd_ctlreq.o
                0x0000000008009a40                USBD_StdItfReq
 .text.USBD_StdEPReq
                0x0000000008009ad0      0x2c6 Middlewares/ST/STM32_USB_Device_Library/Core/Src/usbd_ctlreq.o
                0x0000000008009ad0                USBD_StdEPReq
 *fill*         0x0000000008009d96        0x2 
 .text.USBD_GetDescriptor
                0x0000000008009d98      0x2d0 Middlewares/ST/STM32_USB_Device_Library/Core/Src/usbd_ctlreq.o
 .text.USBD_SetAddress
                0x000000000800a068       0x86 Middlewares/ST/STM32_USB_Device_Library/Core/Src/usbd_ctlreq.o
 *fill*         0x000000000800a0ee        0x2 
 .text.USBD_SetConfig
                0x000000000800a0f0      0x11c Middlewares/ST/STM32_USB_Device_Library/Core/Src/usbd_ctlreq.o
 .text.USBD_GetConfig
                0x000000000800a20c       0x6a Middlewares/ST/STM32_USB_Device_Library/Core/Src/usbd_ctlreq.o
 .text.USBD_GetStatus
                0x000000000800a276       0x66 Middlewares/ST/STM32_USB_Device_Library/Core/Src/usbd_ctlreq.o
 .text.USBD_SetFeature
                0x000000000800a2dc       0x28 Middlewares/ST/STM32_USB_Device_Library/Core/Src/usbd_ctlreq.o
 .text.USBD_ClrFeature
                0x000000000800a304       0x42 Middlewares/ST/STM32_USB_Device_Library/Core/Src/usbd_ctlreq.o
 .text.USBD_ParseSetupRequest
                0x000000000800a346       0x78 Middlewares/ST/STM32_USB_Device_Library/Core/Src/usbd_ctlreq.o
                0x000000000800a346                USBD_ParseSetupRequest
 .text.USBD_CtlError
                0x000000000800a3be       0x22 Middlewares/ST/STM32_USB_Device_Library/Core/Src/usbd_ctlreq.o
                0x000000000800a3be                USBD_CtlError
 .text.USBD_GetString
                0x000000000800a3e0       0x84 Middlewares/ST/STM32_USB_Device_Library/Core/Src/usbd_ctlreq.o
                0x000000000800a3e0                USBD_GetString
 .text.USBD_GetLen
                0x000000000800a464       0x2e Middlewares/ST/STM32_USB_Device_Library/Core/Src/usbd_ctlreq.o
 .text.USBD_CtlSendData
                0x000000000800a492       0x38 Middlewares/ST/STM32_USB_Device_Library/Core/Src/usbd_ioreq.o
                0x000000000800a492                USBD_CtlSendData
 .text.USBD_CtlContinueSendData
                0x000000000800a4ca       0x24 Middlewares/ST/STM32_USB_Device_Library/Core/Src/usbd_ioreq.o
                0x000000000800a4ca                USBD_CtlContinueSendData
 .text.USBD_CtlPrepareRx
                0x000000000800a4ee       0x3c Middlewares/ST/STM32_USB_Device_Library/Core/Src/usbd_ioreq.o
                0x000000000800a4ee                USBD_CtlPrepareRx
 .text.USBD_CtlContinueRx
                0x000000000800a52a       0x24 Middlewares/ST/STM32_USB_Device_Library/Core/Src/usbd_ioreq.o
                0x000000000800a52a                USBD_CtlContinueRx
 .text.USBD_CtlSendStatus
                0x000000000800a54e       0x26 Middlewares/ST/STM32_USB_Device_Library/Core/Src/usbd_ioreq.o
                0x000000000800a54e                USBD_CtlSendStatus
 .text.USBD_CtlReceiveStatus
                0x000000000800a574       0x26 Middlewares/ST/STM32_USB_Device_Library/Core/Src/usbd_ioreq.o
                0x000000000800a574                USBD_CtlReceiveStatus
 *fill*         0x000000000800a59a        0x2 
 .text.osKernelInitialize
                0x000000000800a59c       0x64 Middlewares/Third_Party/FreeRTOS/Source/CMSIS_RTOS_V2/cmsis_os2.o
                0x000000000800a59c                osKernelInitialize
 .text.osKernelStart
                0x000000000800a600       0x68 Middlewares/Third_Party/FreeRTOS/Source/CMSIS_RTOS_V2/cmsis_os2.o
                0x000000000800a600                osKernelStart
 .text.osThreadNew
                0x000000000800a668      0x154 Middlewares/Third_Party/FreeRTOS/Source/CMSIS_RTOS_V2/cmsis_os2.o
                0x000000000800a668                osThreadNew
 .text.osDelay  0x000000000800a7bc       0x5c Middlewares/Third_Party/FreeRTOS/Source/CMSIS_RTOS_V2/cmsis_os2.o
                0x000000000800a7bc                osDelay
 .text.osMessageQueueNew
                0x000000000800a818      0x10c Middlewares/Third_Party/FreeRTOS/Source/CMSIS_RTOS_V2/cmsis_os2.o
                0x000000000800a818                osMessageQueueNew
 .text.vApplicationGetIdleTaskMemory
                0x000000000800a924       0x30 Middlewares/Third_Party/FreeRTOS/Source/CMSIS_RTOS_V2/cmsis_os2.o
                0x000000000800a924                vApplicationGetIdleTaskMemory
 .text.vApplicationGetTimerTaskMemory
                0x000000000800a954       0x34 Middlewares/Third_Party/FreeRTOS/Source/CMSIS_RTOS_V2/cmsis_os2.o
                0x000000000800a954                vApplicationGetTimerTaskMemory
 .text.vListInitialise
                0x000000000800a988       0x3e Middlewares/Third_Party/FreeRTOS/Source/list.o
                0x000000000800a988                vListInitialise
 .text.vListInitialiseItem
                0x000000000800a9c6       0x18 Middlewares/Third_Party/FreeRTOS/Source/list.o
                0x000000000800a9c6                vListInitialiseItem
 .text.vListInsertEnd
                0x000000000800a9de       0x46 Middlewares/Third_Party/FreeRTOS/Source/list.o
                0x000000000800a9de                vListInsertEnd
 .text.vListInsert
                0x000000000800aa24       0x70 Middlewares/Third_Party/FreeRTOS/Source/list.o
                0x000000000800aa24                vListInsert
 .text.uxListRemove
                0x000000000800aa94       0x52 Middlewares/Third_Party/FreeRTOS/Source/list.o
                0x000000000800aa94                uxListRemove
 *fill*         0x000000000800aae6        0x2 
 .text.xQueueGenericReset
                0x000000000800aae8       0xd0 Middlewares/Third_Party/FreeRTOS/Source/queue.o
                0x000000000800aae8                xQueueGenericReset
 .text.xQueueGenericCreateStatic
                0x000000000800abb8       0xee Middlewares/Third_Party/FreeRTOS/Source/queue.o
                0x000000000800abb8                xQueueGenericCreateStatic
 .text.xQueueGenericCreate
                0x000000000800aca6       0x7c Middlewares/Third_Party/FreeRTOS/Source/queue.o
                0x000000000800aca6                xQueueGenericCreate
 .text.prvInitialiseNewQueue
                0x000000000800ad22       0x46 Middlewares/Third_Party/FreeRTOS/Source/queue.o
 .text.xQueueGenericSend
                0x000000000800ad68      0x1fc Middlewares/Third_Party/FreeRTOS/Source/queue.o
                0x000000000800ad68                xQueueGenericSend
 .text.xQueueGenericSendFromISR
                0x000000000800af64      0x130 Middlewares/Third_Party/FreeRTOS/Source/queue.o
                0x000000000800af64                xQueueGenericSendFromISR
 .text.xQueueReceive
                0x000000000800b094      0x1c0 Middlewares/Third_Party/FreeRTOS/Source/queue.o
                0x000000000800b094                xQueueReceive
 .text.prvCopyDataToQueue
                0x000000000800b254       0xd4 Middlewares/Third_Party/FreeRTOS/Source/queue.o
 .text.prvCopyDataFromQueue
                0x000000000800b328       0x4c Middlewares/Third_Party/FreeRTOS/Source/queue.o
 .text.prvUnlockQueue
                0x000000000800b374       0xa4 Middlewares/Third_Party/FreeRTOS/Source/queue.o
 .text.prvIsQueueEmpty
                0x000000000800b418       0x2c Middlewares/Third_Party/FreeRTOS/Source/queue.o
 .text.prvIsQueueFull
                0x000000000800b444       0x30 Middlewares/Third_Party/FreeRTOS/Source/queue.o
 .text.vQueueAddToRegistry
                0x000000000800b474       0x50 Middlewares/Third_Party/FreeRTOS/Source/queue.o
                0x000000000800b474                vQueueAddToRegistry
 .text.vQueueWaitForMessageRestricted
                0x000000000800b4c4       0x68 Middlewares/Third_Party/FreeRTOS/Source/queue.o
                0x000000000800b4c4                vQueueWaitForMessageRestricted
 .text.xTaskCreateStatic
                0x000000000800b52c       0xb8 Middlewares/Third_Party/FreeRTOS/Source/tasks.o
                0x000000000800b52c                xTaskCreateStatic
 .text.xTaskCreate
                0x000000000800b5e4       0x8a Middlewares/Third_Party/FreeRTOS/Source/tasks.o
                0x000000000800b5e4                xTaskCreate
 .text.prvInitialiseNewTask
                0x000000000800b66e      0x10e Middlewares/Third_Party/FreeRTOS/Source/tasks.o
 .text.prvAddNewTaskToReadyList
                0x000000000800b77c       0xe0 Middlewares/Third_Party/FreeRTOS/Source/tasks.o
 .text.vTaskDelayUntil
                0x000000000800b85c       0xfc Middlewares/Third_Party/FreeRTOS/Source/tasks.o
                0x000000000800b85c                vTaskDelayUntil
 .text.vTaskDelay
                0x000000000800b958       0x68 Middlewares/Third_Party/FreeRTOS/Source/tasks.o
                0x000000000800b958                vTaskDelay
 .text.vTaskStartScheduler
                0x000000000800b9c0       0xcc Middlewares/Third_Party/FreeRTOS/Source/tasks.o
                0x000000000800b9c0                vTaskStartScheduler
 .text.vTaskSuspendAll
                0x000000000800ba8c       0x1c Middlewares/Third_Party/FreeRTOS/Source/tasks.o
                0x000000000800ba8c                vTaskSuspendAll
 .text.xTaskResumeAll
                0x000000000800baa8      0x13c Middlewares/Third_Party/FreeRTOS/Source/tasks.o
                0x000000000800baa8                xTaskResumeAll
 .text.xTaskGetTickCount
                0x000000000800bbe4       0x1c Middlewares/Third_Party/FreeRTOS/Source/tasks.o
                0x000000000800bbe4                xTaskGetTickCount
 .text.xTaskIncrementTick
                0x000000000800bc00      0x17c Middlewares/Third_Party/FreeRTOS/Source/tasks.o
                0x000000000800bc00                xTaskIncrementTick
 .text.vTaskSwitchContext
                0x000000000800bd7c       0xb8 Middlewares/Third_Party/FreeRTOS/Source/tasks.o
                0x000000000800bd7c                vTaskSwitchContext
 .text.vTaskPlaceOnEventList
                0x000000000800be34       0x48 Middlewares/Third_Party/FreeRTOS/Source/tasks.o
                0x000000000800be34                vTaskPlaceOnEventList
 .text.vTaskPlaceOnEventListRestricted
                0x000000000800be7c       0x58 Middlewares/Third_Party/FreeRTOS/Source/tasks.o
                0x000000000800be7c                vTaskPlaceOnEventListRestricted
 .text.xTaskRemoveFromEventList
                0x000000000800bed4       0xc8 Middlewares/Third_Party/FreeRTOS/Source/tasks.o
                0x000000000800bed4                xTaskRemoveFromEventList
 .text.vTaskInternalSetTimeOutState
                0x000000000800bf9c       0x2c Middlewares/Third_Party/FreeRTOS/Source/tasks.o
                0x000000000800bf9c                vTaskInternalSetTimeOutState
 .text.xTaskCheckForTimeOut
                0x000000000800bfc8       0xc4 Middlewares/Third_Party/FreeRTOS/Source/tasks.o
                0x000000000800bfc8                xTaskCheckForTimeOut
 .text.vTaskMissedYield
                0x000000000800c08c       0x18 Middlewares/Third_Party/FreeRTOS/Source/tasks.o
                0x000000000800c08c                vTaskMissedYield
 .text.prvIdleTask
                0x000000000800c0a4       0x30 Middlewares/Third_Party/FreeRTOS/Source/tasks.o
 .text.prvInitialiseTaskLists
                0x000000000800c0d4       0x80 Middlewares/Third_Party/FreeRTOS/Source/tasks.o
 .text.prvCheckTasksWaitingTermination
                0x000000000800c154       0x5c Middlewares/Third_Party/FreeRTOS/Source/tasks.o
 .text.prvTaskCheckFreeStackSpace
                0x000000000800c1b0       0x36 Middlewares/Third_Party/FreeRTOS/Source/tasks.o
 *fill*         0x000000000800c1e6        0x2 
 .text.uxTaskGetStackHighWaterMark
                0x000000000800c1e8       0x38 Middlewares/Third_Party/FreeRTOS/Source/tasks.o
                0x000000000800c1e8                uxTaskGetStackHighWaterMark
 .text.prvDeleteTCB
                0x000000000800c220       0x5e Middlewares/Third_Party/FreeRTOS/Source/tasks.o
 *fill*         0x000000000800c27e        0x2 
 .text.prvResetNextTaskUnblockTime
                0x000000000800c280       0x48 Middlewares/Third_Party/FreeRTOS/Source/tasks.o
 .text.xTaskGetSchedulerState
                0x000000000800c2c8       0x3c Middlewares/Third_Party/FreeRTOS/Source/tasks.o
                0x000000000800c2c8                xTaskGetSchedulerState
 .text.xTaskPriorityDisinherit
                0x000000000800c304       0xdc Middlewares/Third_Party/FreeRTOS/Source/tasks.o
                0x000000000800c304                xTaskPriorityDisinherit
 .text.ulTaskNotifyTake
                0x000000000800c3e0       0x90 Middlewares/Third_Party/FreeRTOS/Source/tasks.o
                0x000000000800c3e0                ulTaskNotifyTake
 .text.vTaskNotifyGiveFromISR
                0x000000000800c470      0x128 Middlewares/Third_Party/FreeRTOS/Source/tasks.o
                0x000000000800c470                vTaskNotifyGiveFromISR
 .text.prvAddCurrentTaskToDelayedList
                0x000000000800c598       0xa8 Middlewares/Third_Party/FreeRTOS/Source/tasks.o
 .text.xTimerCreateTimerTask
                0x000000000800c640       0x90 Middlewares/Third_Party/FreeRTOS/Source/timers.o
                0x000000000800c640                xTimerCreateTimerTask
 .text.xTimerGenericCommand
                0x000000000800c6d0       0x9c Middlewares/Third_Party/FreeRTOS/Source/timers.o
                0x000000000800c6d0                xTimerGenericCommand
 .text.prvProcessExpiredTimer
                0x000000000800c76c       0x80 Middlewares/Third_Party/FreeRTOS/Source/timers.o
 .text.prvTimerTask
                0x000000000800c7ec       0x24 Middlewares/Third_Party/FreeRTOS/Source/timers.o
 .text.prvProcessTimerOrBlockTask
                0x000000000800c810       0x9c Middlewares/Third_Party/FreeRTOS/Source/timers.o
 .text.prvGetNextExpireTime
                0x000000000800c8ac       0x48 Middlewares/Third_Party/FreeRTOS/Source/timers.o
 .text.prvSampleTimeNow
                0x000000000800c8f4       0x40 Middlewares/Third_Party/FreeRTOS/Source/timers.o
 .text.prvInsertTimerInActiveList
                0x000000000800c934       0x84 Middlewares/Third_Party/FreeRTOS/Source/timers.o
 .text.prvProcessReceivedCommands
                0x000000000800c9b8      0x168 Middlewares/Third_Party/FreeRTOS/Source/timers.o
 .text.prvSwitchTimerLists
                0x000000000800cb20       0xc4 Middlewares/Third_Party/FreeRTOS/Source/timers.o
 .text.prvCheckForValidListAndQueue
                0x000000000800cbe4       0x80 Middlewares/Third_Party/FreeRTOS/Source/timers.o
 .text.pxPortInitialiseStack
                0x000000000800cc64       0x58 Middlewares/Third_Party/FreeRTOS/Source/portable/GCC/ARM_CM3/port.o
                0x000000000800cc64                pxPortInitialiseStack
 .text.prvTaskExitError
                0x000000000800ccbc       0x58 Middlewares/Third_Party/FreeRTOS/Source/portable/GCC/ARM_CM3/port.o
 *fill*         0x000000000800cd14        0xc 
 .text.SVC_Handler
                0x000000000800cd20       0x28 Middlewares/Third_Party/FreeRTOS/Source/portable/GCC/ARM_CM3/port.o
                0x000000000800cd20                SVC_Handler
 .text.prvPortStartFirstTask
                0x000000000800cd48       0x20 Middlewares/Third_Party/FreeRTOS/Source/portable/GCC/ARM_CM3/port.o
 .text.xPortStartScheduler
                0x000000000800cd68       0xe4 Middlewares/Third_Party/FreeRTOS/Source/portable/GCC/ARM_CM3/port.o
                0x000000000800cd68                xPortStartScheduler
 .text.vPortEnterCritical
                0x000000000800ce4c       0x60 Middlewares/Third_Party/FreeRTOS/Source/portable/GCC/ARM_CM3/port.o
                0x000000000800ce4c                vPortEnterCritical
 .text.vPortExitCritical
                0x000000000800ceac       0x50 Middlewares/Third_Party/FreeRTOS/Source/portable/GCC/ARM_CM3/port.o
                0x000000000800ceac                vPortExitCritical
 *fill*         0x000000000800cefc        0x4 
 .text.PendSV_Handler
                0x000000000800cf00       0x48 Middlewares/Third_Party/FreeRTOS/Source/portable/GCC/ARM_CM3/port.o
                0x000000000800cf00                PendSV_Handler
 .text.SysTick_Handler
                0x000000000800cf48       0x44 Middlewares/Third_Party/FreeRTOS/Source/portable/GCC/ARM_CM3/port.o
                0x000000000800cf48                SysTick_Handler
 .text.vPortSetupTimerInterrupt
                0x000000000800cf8c       0x44 Middlewares/Third_Party/FreeRTOS/Source/portable/GCC/ARM_CM3/port.o
                0x000000000800cf8c                vPortSetupTimerInterrupt
 .text.vPortValidateInterruptPriority
                0x000000000800cfd0       0x7c Middlewares/Third_Party/FreeRTOS/Source/portable/GCC/ARM_CM3/port.o
                0x000000000800cfd0                vPortValidateInterruptPriority
 .text.pvPortMalloc
                0x000000000800d04c      0x188 Middlewares/Third_Party/FreeRTOS/Source/portable/MemMang/heap_4.o
                0x000000000800d04c                pvPortMalloc
 .text.vPortFree
                0x000000000800d1d4       0xb4 Middlewares/Third_Party/FreeRTOS/Source/portable/MemMang/heap_4.o
                0x000000000800d1d4                vPortFree
 .text.prvHeapInit
                0x000000000800d288       0xc4 Middlewares/Third_Party/FreeRTOS/Source/portable/MemMang/heap_4.o
 .text.prvInsertBlockIntoFreeList
                0x000000000800d34c       0xb0 Middlewares/Third_Party/FreeRTOS/Source/portable/MemMang/heap_4.o
 .text.MX_USB_DEVICE_Init
                0x000000000800d3fc       0x60 USB_DEVICE/App/usb_device.o
                0x000000000800d3fc                MX_USB_DEVICE_Init
 .text.CDC_Init_FS
                0x000000000800d45c       0x28 USB_DEVICE/App/usbd_cdc_if.o
 .text.CDC_DeInit_FS
                0x000000000800d484        0xe USB_DEVICE/App/usbd_cdc_if.o
 *fill*         0x000000000800d492        0x2 
 .text.CDC_Control_FS
                0x000000000800d494       0xbc USB_DEVICE/App/usbd_cdc_if.o
 .text.CDC_Receive_FS
                0x000000000800d550       0x74 USB_DEVICE/App/usbd_cdc_if.o
 .text.CDC_Transmit_FS
                0x000000000800d5c4       0x4c USB_DEVICE/App/usbd_cdc_if.o
                0x000000000800d5c4                CDC_Transmit_FS
 .text.USBD_FS_DeviceDescriptor
                0x000000000800d610       0x24 USB_DEVICE/App/usbd_desc.o
                0x000000000800d610                USBD_FS_DeviceDescriptor
 .text.USBD_FS_LangIDStrDescriptor
                0x000000000800d634       0x24 USB_DEVICE/App/usbd_desc.o
                0x000000000800d634                USBD_FS_LangIDStrDescriptor
 .text.USBD_FS_ProductStrDescriptor
                0x000000000800d658       0x3c USB_DEVICE/App/usbd_desc.o
                0x000000000800d658                USBD_FS_ProductStrDescriptor
 .text.USBD_FS_ManufacturerStrDescriptor
                0x000000000800d694       0x28 USB_DEVICE/App/usbd_desc.o
                0x000000000800d694                USBD_FS_ManufacturerStrDescriptor
 .text.USBD_FS_SerialStrDescriptor
                0x000000000800d6bc       0x24 USB_DEVICE/App/usbd_desc.o
                0x000000000800d6bc                USBD_FS_SerialStrDescriptor
 .text.USBD_FS_ConfigStrDescriptor
                0x000000000800d6e0       0x3c USB_DEVICE/App/usbd_desc.o
                0x000000000800d6e0                USBD_FS_ConfigStrDescriptor
 .text.USBD_FS_InterfaceStrDescriptor
                0x000000000800d71c       0x3c USB_DEVICE/App/usbd_desc.o
                0x000000000800d71c                USBD_FS_InterfaceStrDescriptor
 .text.Get_SerialNum
                0x000000000800d758       0x58 USB_DEVICE/App/usbd_desc.o
 .text.IntToUnicode
                0x000000000800d7b0       0x7c USB_DEVICE/App/usbd_desc.o
 .text.HAL_PCD_MspInit
                0x000000000800d82c       0x4c USB_DEVICE/Target/usbd_conf.o
                0x000000000800d82c                HAL_PCD_MspInit
 .text.HAL_PCD_SetupStageCallback
                0x000000000800d878       0x24 USB_DEVICE/Target/usbd_conf.o
                0x000000000800d878                HAL_PCD_SetupStageCallback
 .text.HAL_PCD_DataOutStageCallback
                0x000000000800d89c       0x36 USB_DEVICE/Target/usbd_conf.o
                0x000000000800d89c                HAL_PCD_DataOutStageCallback
 .text.HAL_PCD_DataInStageCallback
                0x000000000800d8d2       0x34 USB_DEVICE/Target/usbd_conf.o
                0x000000000800d8d2                HAL_PCD_DataInStageCallback
 .text.HAL_PCD_SOFCallback
                0x000000000800d906       0x1c USB_DEVICE/Target/usbd_conf.o
                0x000000000800d906                HAL_PCD_SOFCallback
 .text.HAL_PCD_ResetCallback
                0x000000000800d922       0x3c USB_DEVICE/Target/usbd_conf.o
                0x000000000800d922                HAL_PCD_ResetCallback
 *fill*         0x000000000800d95e        0x2 
 .text.HAL_PCD_SuspendCallback
                0x000000000800d960       0x34 USB_DEVICE/Target/usbd_conf.o
                0x000000000800d960                HAL_PCD_SuspendCallback
 .text.HAL_PCD_ResumeCallback
                0x000000000800d994       0x1c USB_DEVICE/Target/usbd_conf.o
                0x000000000800d994                HAL_PCD_ResumeCallback
 .text.USBD_LL_Init
                0x000000000800d9b0       0xb4 USB_DEVICE/Target/usbd_conf.o
                0x000000000800d9b0                USBD_LL_Init
 .text.USBD_LL_Start
                0x000000000800da64       0x36 USB_DEVICE/Target/usbd_conf.o
                0x000000000800da64                USBD_LL_Start
 .text.USBD_LL_OpenEP
                0x000000000800da9a       0x4c USB_DEVICE/Target/usbd_conf.o
                0x000000000800da9a                USBD_LL_OpenEP
 .text.USBD_LL_CloseEP
                0x000000000800dae6       0x3e USB_DEVICE/Target/usbd_conf.o
                0x000000000800dae6                USBD_LL_CloseEP
 .text.USBD_LL_StallEP
                0x000000000800db24       0x3e USB_DEVICE/Target/usbd_conf.o
                0x000000000800db24                USBD_LL_StallEP
 .text.USBD_LL_ClearStallEP
                0x000000000800db62       0x3e USB_DEVICE/Target/usbd_conf.o
                0x000000000800db62                USBD_LL_ClearStallEP
 .text.USBD_LL_IsStallEP
                0x000000000800dba0       0x58 USB_DEVICE/Target/usbd_conf.o
                0x000000000800dba0                USBD_LL_IsStallEP
 .text.USBD_LL_SetUSBAddress
                0x000000000800dbf8       0x3e USB_DEVICE/Target/usbd_conf.o
                0x000000000800dbf8                USBD_LL_SetUSBAddress
 .text.USBD_LL_Transmit
                0x000000000800dc36       0x46 USB_DEVICE/Target/usbd_conf.o
                0x000000000800dc36                USBD_LL_Transmit
 .text.USBD_LL_PrepareReceive
                0x000000000800dc7c       0x46 USB_DEVICE/Target/usbd_conf.o
                0x000000000800dc7c                USBD_LL_PrepareReceive
 .text.USBD_LL_GetRxDataSize
                0x000000000800dcc2       0x26 USB_DEVICE/Target/usbd_conf.o
                0x000000000800dcc2                USBD_LL_GetRxDataSize
 .text.USBD_static_malloc
                0x000000000800dce8       0x18 USB_DEVICE/Target/usbd_conf.o
                0x000000000800dce8                USBD_static_malloc
 .text.USBD_static_free
                0x000000000800dd00       0x12 USB_DEVICE/Target/usbd_conf.o
                0x000000000800dd00                USBD_static_free
 .text.HAL_PCDEx_SetConnectionState
                0x000000000800dd12       0x16 USB_DEVICE/Target/usbd_conf.o
                0x000000000800dd12                HAL_PCDEx_SetConnectionState
 .text.USBD_Get_USB_Status
                0x000000000800dd28       0x58 USB_DEVICE/Target/usbd_conf.o
 .text.__libc_init_array
                0x000000000800dd80       0x48 c:/st/stm32cubeide_1.5.1/stm32cubeide/plugins/com.st.stm32cube.ide.mcu.externaltools.gnu-tools-for-stm32.9-2020-q2-update.win32_1.5.0.202011040924/tools/bin/../lib/gcc/arm-none-eabi/9.3.1/../../../../arm-none-eabi/lib/thumb/v7-m/nofp\libc_nano.a(lib_a-init.o)
                0x000000000800dd80                __libc_init_array
 .text.memcpy   0x000000000800ddc8       0x1c c:/st/stm32cubeide_1.5.1/stm32cubeide/plugins/com.st.stm32cube.ide.mcu.externaltools.gnu-tools-for-stm32.9-2020-q2-update.win32_1.5.0.202011040924/tools/bin/../lib/gcc/arm-none-eabi/9.3.1/../../../../arm-none-eabi/lib/thumb/v7-m/nofp\libc_nano.a(lib_a-memcpy-stub.o)
                0x000000000800ddc8                memcpy
 .text.memmove  0x000000000800dde4       0x34 c:/st/stm32cubeide_1.5.1/stm32cubeide/plugins/com.st.stm32cube.ide.mcu.externaltools.gnu-tools-for-stm32.9-2020-q2-update.win32_1.5.0.202011040924/tools/bin/../lib/gcc/arm-none-eabi/9.3.1/../../../../arm-none-eabi/lib/thumb/v7-m/nofp\libc_nano.a(lib_a-memmove.o)
                0x000000000800dde4                memmove
 .text.memset   0x000000000800de18       0x10 c:/st/stm32cubeide_1.5.1/stm32cubeide/plugins/com.st.stm32cube.ide.mcu.externaltools.gnu-tools-for-stm32.9-2020-q2-update.win32_1.5.0.202011040924/tools/bin/../lib/gcc/arm-none-eabi/9.3.1/../../../../arm-none-eabi/lib/thumb/v7-m/nofp\libc_nano.a(lib_a-memset.o)
                0x000000000800de18                memset
 .text.strstr   0x000000000800de28       0x2e c:/st/stm32cubeide_1.5.1/stm32cubeide/plugins/com.st.stm32cube.ide.mcu.externaltools.gnu-tools-for-stm32.9-2020-q2-update.win32_1.5.0.202011040924/tools/bin/../lib/gcc/arm-none-eabi/9.3.1/../../../../arm-none-eabi/lib/thumb/v7-m/nofp\libc_nano.a(lib_a-strstr.o)
                0x000000000800de28                strstr
 *(.glue_7)
 .glue_7        0x000000000800de56        0x0 linker stubs
 *(.glue_7t)
 .glue_7t       0x000000000800de56        0x0 linker stubs
 *(.eh_frame)
 *fill*         0x000000000800de56        0x2 
 .eh_frame      0x000000000800de58        0x0 c:/st/stm32cubeide_1.5.1/stm32cubeide/plugins/com.st.stm32cube.ide.mcu.externaltools.gnu-tools-for-stm32.9-2020-q2-update.win32_1.5.0.202011040924/tools/bin/../lib/gcc/arm-none-eabi/9.3.1/thumb/v7-m/nofp/crtbegin.o
 *(.init)
 .init          0x000000000800de58        0x4 c:/st/stm32cubeide_1.5.1/stm32cubeide/plugins/com.st.stm32cube.ide.mcu.externaltools.gnu-tools-for-stm32.9-2020-q2-update.win32_1.5.0.202011040924/tools/bin/../lib/gcc/arm-none-eabi/9.3.1/thumb/v7-m/nofp/crti.o
                0x000000000800de58                _init
 .init          0x000000000800de5c        0x8 c:/st/stm32cubeide_1.5.1/stm32cubeide/plugins/com.st.stm32cube.ide.mcu.externaltools.gnu-tools-for-stm32.9-2020-q2-update.win32_1.5.0.202011040924/tools/bin/../lib/gcc/arm-none-eabi/9.3.1/thumb/v7-m/nofp/crtn.o
 *(.fini)
 .fini          0x000000000800de64        0x4 c:/st/stm32cubeide_1.5.1/stm32cubeide/plugins/com.st.stm32cube.ide.mcu.externaltools.gnu-tools-for-stm32.9-2020-q2-update.win32_1.5.0.202011040924/tools/bin/../lib/gcc/arm-none-eabi/9.3.1/thumb/v7-m/nofp/crti.o
                0x000000000800de64                _fini
 .fini          0x000000000800de68        0x8 c:/st/stm32cubeide_1.5.1/stm32cubeide/plugins/com.st.stm32cube.ide.mcu.externaltools.gnu-tools-for-stm32.9-2020-q2-update.win32_1.5.0.202011040924/tools/bin/../lib/gcc/arm-none-eabi/9.3.1/thumb/v7-m/nofp/crtn.o
                0x000000000800de70                . = ALIGN (0x4)
                0x000000000800de70                _etext = .

.vfp11_veneer   0x000000000800de70        0x0
 .vfp11_veneer  0x000000000800de70        0x0 linker stubs

.v4_bx          0x000000000800de70        0x0
 .v4_bx         0x000000000800de70        0x0 linker stubs

.iplt           0x000000000800de70        0x0
 .iplt          0x000000000800de70        0x0 c:/st/stm32cubeide_1.5.1/stm32cubeide/plugins/com.st.stm32cube.ide.mcu.externaltools.gnu-tools-for-stm32.9-2020-q2-update.win32_1.5.0.202011040924/tools/bin/../lib/gcc/arm-none-eabi/9.3.1/thumb/v7-m/nofp/crtbegin.o

.rodata         0x000000000800de70      0x898
                0x000000000800de70                . = ALIGN (0x4)
 *(.rodata)
 .rodata        0x000000000800de70       0x82 Core/Src/freertos.o
 *fill*         0x000000000800def2        0x2 
 .rodata        0x000000000800def4       0x4e Core/Src/microrl.o
 *fill*         0x000000000800df42        0x2 
 .rodata        0x000000000800df44      0x122 Core/Src/microrl_cmd.o
 *fill*         0x000000000800e066        0x2 
 .rodata        0x000000000800e068       0x10 Drivers/STM32F1xx_HAL_Driver/Src/stm32f1xx_hal_rcc.o
 .rodata        0x000000000800e078        0x5 Middlewares/Third_Party/FreeRTOS/Source/tasks.o
 *fill*         0x000000000800e07d        0x3 
 .rodata        0x000000000800e080        0xd Middlewares/Third_Party/FreeRTOS/Source/timers.o
 *fill*         0x000000000800e08d        0x3 
 .rodata        0x000000000800e090       0x3a USB_DEVICE/App/usbd_desc.o
 *(.rodata*)
 *fill*         0x000000000800e0ca        0x2 
 .rodata.defaultTask_attributes
                0x000000000800e0cc       0x24 Core/Src/freertos.o
                0x000000000800e0cc                defaultTask_attributes
 .rodata.LEDheartbeat_attributes
                0x000000000800e0f0       0x24 Core/Src/freertos.o
                0x000000000800e0f0                LEDheartbeat_attributes
 .rodata.taskUSB_rcv_attributes
                0x000000000800e114       0x24 Core/Src/freertos.o
                0x000000000800e114                taskUSB_rcv_attributes
 .rodata.UARTtask_attributes
                0x000000000800e138       0x24 Core/Src/freertos.o
                0x000000000800e138                UARTtask_attributes
 .rodata.Encoder_attributes
                0x000000000800e15c       0x24 Core/Src/freertos.o
                0x000000000800e15c                Encoder_attributes
 .rodata.qUSB_rcv_attributes
                0x000000000800e180       0x18 Core/Src/freertos.o
                0x000000000800e180                qUSB_rcv_attributes
 .rodata.qVFD_attributes
                0x000000000800e198       0x18 Core/Src/freertos.o
                0x000000000800e198                qVFD_attributes
 .rodata.microrl_actions
                0x000000000800e1b0      0x3c0 Core/Src/microrl_cmd.o
                0x000000000800e1b0                microrl_actions
 .rodata.microrl_color_lookup
                0x000000000800e570       0xbb Core/Src/microrl_cmd.o
                0x000000000800e570                microrl_color_lookup
 *fill*         0x000000000800e62b        0x1 
 .rodata.microrl_help_color
                0x000000000800e62c        0x4 Core/Src/microrl_cmd.o
                0x000000000800e62c                microrl_help_color
 .rodata.AHBPrescTable
                0x000000000800e630       0x10 Core/Src/system_stm32f1xx.o
                0x000000000800e630                AHBPrescTable
 .rodata.APBPrescTable
                0x000000000800e640        0x8 Core/Src/system_stm32f1xx.o
                0x000000000800e640                APBPrescTable
 .rodata.vfd_digits
                0x000000000800e648       0x14 Core/Src/vfd.o
                0x000000000800e648                vfd_digits
 .rodata.vfd_alpha
                0x000000000800e65c       0x34 Core/Src/vfd.o
                0x000000000800e65c                vfd_alpha
 .rodata.vfd_alpha_ru
                0x000000000800e690       0x40 Core/Src/vfd.o
                0x000000000800e690                vfd_alpha_ru
 .rodata.vfd_special
                0x000000000800e6d0       0x22 Core/Src/vfd.o
                0x000000000800e6d0                vfd_special
 *fill*         0x000000000800e6f2        0x2 
 .rodata.vfd_special_char
                0x000000000800e6f4       0x11 Core/Src/vfd.o
                0x000000000800e6f4                vfd_special_char
                0x000000000800e708                . = ALIGN (0x4)
 *fill*         0x000000000800e705        0x3 

.rel.dyn        0x000000000800e708        0x0
 .rel.iplt      0x000000000800e708        0x0 c:/st/stm32cubeide_1.5.1/stm32cubeide/plugins/com.st.stm32cube.ide.mcu.externaltools.gnu-tools-for-stm32.9-2020-q2-update.win32_1.5.0.202011040924/tools/bin/../lib/gcc/arm-none-eabi/9.3.1/thumb/v7-m/nofp/crtbegin.o

.ARM.extab      0x000000000800e708        0x0
                0x000000000800e708                . = ALIGN (0x4)
 *(.ARM.extab* .gnu.linkonce.armextab.*)
                0x000000000800e708                . = ALIGN (0x4)

.ARM            0x000000000800e708        0x0
                0x000000000800e708                . = ALIGN (0x4)
                0x000000000800e708                __exidx_start = .
 *(.ARM.exidx*)
                0x000000000800e708                __exidx_end = .
                0x000000000800e708                . = ALIGN (0x4)

.preinit_array  0x000000000800e708        0x0
                0x000000000800e708                . = ALIGN (0x4)
                0x000000000800e708                PROVIDE (__preinit_array_start = .)
 *(.preinit_array*)
                0x000000000800e708                PROVIDE (__preinit_array_end = .)
                0x000000000800e708                . = ALIGN (0x4)

.init_array     0x000000000800e708        0x4
                0x000000000800e708                . = ALIGN (0x4)
                0x000000000800e708                PROVIDE (__init_array_start = .)
 *(SORT_BY_NAME(.init_array.*))
 *(.init_array*)
 .init_array    0x000000000800e708        0x4 c:/st/stm32cubeide_1.5.1/stm32cubeide/plugins/com.st.stm32cube.ide.mcu.externaltools.gnu-tools-for-stm32.9-2020-q2-update.win32_1.5.0.202011040924/tools/bin/../lib/gcc/arm-none-eabi/9.3.1/thumb/v7-m/nofp/crtbegin.o
                0x000000000800e70c                PROVIDE (__init_array_end = .)
                0x000000000800e70c                . = ALIGN (0x4)

.fini_array     0x000000000800e70c        0x4
                0x000000000800e70c                . = ALIGN (0x4)
                [!provide]                        PROVIDE (__fini_array_start = .)
 *(SORT_BY_NAME(.fini_array.*))
 *(.fini_array*)
 .fini_array    0x000000000800e70c        0x4 c:/st/stm32cubeide_1.5.1/stm32cubeide/plugins/com.st.stm32cube.ide.mcu.externaltools.gnu-tools-for-stm32.9-2020-q2-update.win32_1.5.0.202011040924/tools/bin/../lib/gcc/arm-none-eabi/9.3.1/thumb/v7-m/nofp/crtbegin.o
                [!provide]                        PROVIDE (__fini_array_end = .)
                0x000000000800e710                . = ALIGN (0x4)
                0x000000000800e710                _sidata = LOADADDR (.data)

.data           0x0000000020000000      0x190 load address 0x000000000800e710
                0x0000000020000000                . = ALIGN (0x4)
                0x0000000020000000                _sdata = .
 *(.data)
 *(.data*)
 .data.released.7622
                0x0000000020000000        0x1 Core/Src/freertos.o
 .data.invert.7621
                0x0000000020000001        0x1 Core/Src/freertos.o
 *fill*         0x0000000020000002        0x2 
 .data.prompt_default
                0x0000000020000004        0x4 Core/Src/microrl.o
                0x0000000020000004                prompt_default
 .data.p_mcrl   0x0000000020000008        0x4 Core/Src/microrl_cmd.o
                0x0000000020000008                p_mcrl
 .data.color_out
                0x000000002000000c        0x1 Core/Src/microrl_cmd.o
                0x000000002000000c                color_out
 *fill*         0x000000002000000d        0x3 
 .data.SystemCoreClock
                0x0000000020000010        0x4 Core/Src/system_stm32f1xx.o
                0x0000000020000010                SystemCoreClock
 .data.uwTickPrio
                0x0000000020000014        0x4 Drivers/STM32F1xx_HAL_Driver/Src/stm32f1xx_hal.o
                0x0000000020000014                uwTickPrio
 .data.uwTickFreq
                0x0000000020000018        0x1 Drivers/STM32F1xx_HAL_Driver/Src/stm32f1xx_hal.o
                0x0000000020000018                uwTickFreq
 *fill*         0x0000000020000019        0x3 
 .data.USBD_CDC_DeviceQualifierDesc
                0x000000002000001c        0xa Middlewares/ST/STM32_USB_Device_Library/Class/CDC/Src/usbd_cdc.o
 *fill*         0x0000000020000026        0x2 
 .data.USBD_CDC
                0x0000000020000028       0x38 Middlewares/ST/STM32_USB_Device_Library/Class/CDC/Src/usbd_cdc.o
                0x0000000020000028                USBD_CDC
 .data.USBD_CDC_CfgHSDesc
                0x0000000020000060       0x43 Middlewares/ST/STM32_USB_Device_Library/Class/CDC/Src/usbd_cdc.o
                0x0000000020000060                USBD_CDC_CfgHSDesc
 *fill*         0x00000000200000a3        0x1 
 .data.USBD_CDC_CfgFSDesc
                0x00000000200000a4       0x43 Middlewares/ST/STM32_USB_Device_Library/Class/CDC/Src/usbd_cdc.o
                0x00000000200000a4                USBD_CDC_CfgFSDesc
 *fill*         0x00000000200000e7        0x1 
 .data.USBD_CDC_OtherSpeedCfgDesc
                0x00000000200000e8       0x43 Middlewares/ST/STM32_USB_Device_Library/Class/CDC/Src/usbd_cdc.o
                0x00000000200000e8                USBD_CDC_OtherSpeedCfgDesc
 *fill*         0x000000002000012b        0x1 
 .data.uxCriticalNesting
                0x000000002000012c        0x4 Middlewares/Third_Party/FreeRTOS/Source/portable/GCC/ARM_CM3/port.o
 .data.USBD_Interface_fops_FS
                0x0000000020000130       0x10 USB_DEVICE/App/usbd_cdc_if.o
                0x0000000020000130                USBD_Interface_fops_FS
 .data.FS_Desc  0x0000000020000140       0x1c USB_DEVICE/App/usbd_desc.o
                0x0000000020000140                FS_Desc
 .data.USBD_FS_DeviceDesc
                0x000000002000015c       0x12 USB_DEVICE/App/usbd_desc.o
                0x000000002000015c                USBD_FS_DeviceDesc
 *fill*         0x000000002000016e        0x2 
 .data.USBD_LangIDDesc
                0x0000000020000170        0x4 USB_DEVICE/App/usbd_desc.o
                0x0000000020000170                USBD_LangIDDesc
 .data.USBD_StringSerial
                0x0000000020000174       0x1a USB_DEVICE/App/usbd_desc.o
                0x0000000020000174                USBD_StringSerial
 *(.RamFunc)
 *(.RamFunc*)
                0x0000000020000190                . = ALIGN (0x4)
 *fill*         0x000000002000018e        0x2 
                0x0000000020000190                _edata = .

.igot.plt       0x0000000020000190        0x0 load address 0x000000000800e8a0
 .igot.plt      0x0000000020000190        0x0 c:/st/stm32cubeide_1.5.1/stm32cubeide/plugins/com.st.stm32cube.ide.mcu.externaltools.gnu-tools-for-stm32.9-2020-q2-update.win32_1.5.0.202011040924/tools/bin/../lib/gcc/arm-none-eabi/9.3.1/thumb/v7-m/nofp/crtbegin.o
                0x0000000020000190                . = ALIGN (0x4)

.bss            0x0000000020000190     0x3490 load address 0x000000000800e8a0
                0x0000000020000190                _sbss = .
                0x0000000020000190                __bss_start__ = _sbss
 *(.bss)
 .bss           0x0000000020000190       0x1c c:/st/stm32cubeide_1.5.1/stm32cubeide/plugins/com.st.stm32cube.ide.mcu.externaltools.gnu-tools-for-stm32.9-2020-q2-update.win32_1.5.0.202011040924/tools/bin/../lib/gcc/arm-none-eabi/9.3.1/thumb/v7-m/nofp/crtbegin.o
 *(.bss*)
 .bss.encoder_value
                0x00000000200001ac        0x2 Core/Src/freertos.o
                0x00000000200001ac                encoder_value
 .bss.old.7687  0x00000000200001ae        0x1 Core/Src/freertos.o
 .bss.CDC_is_ready
                0x00000000200001af        0x1 Core/Src/microrl_cmd.o
                0x00000000200001af                CDC_is_ready
 .bss.nema_out  0x00000000200001b0        0x1 Core/Src/microrl_cmd.o
                0x00000000200001b0                nema_out
 .bss.cfgidx.8511
                0x00000000200001b1        0x1 Middlewares/ST/STM32_USB_Device_Library/Core/Src/usbd_ctlreq.o
 *fill*         0x00000000200001b2        0x2 
 .bss.KernelState
                0x00000000200001b4        0x4 Middlewares/Third_Party/FreeRTOS/Source/CMSIS_RTOS_V2/cmsis_os2.o
 .bss.Idle_TCB  0x00000000200001b8       0x5c Middlewares/Third_Party/FreeRTOS/Source/CMSIS_RTOS_V2/cmsis_os2.o
 .bss.Idle_Stack
                0x0000000020000214      0x200 Middlewares/Third_Party/FreeRTOS/Source/CMSIS_RTOS_V2/cmsis_os2.o
 .bss.Timer_TCB
                0x0000000020000414       0x5c Middlewares/Third_Party/FreeRTOS/Source/CMSIS_RTOS_V2/cmsis_os2.o
 .bss.Timer_Stack
                0x0000000020000470      0x400 Middlewares/Third_Party/FreeRTOS/Source/CMSIS_RTOS_V2/cmsis_os2.o
 .bss.pxCurrentTCB
                0x0000000020000870        0x4 Middlewares/Third_Party/FreeRTOS/Source/tasks.o
                0x0000000020000870                pxCurrentTCB
 .bss.pxReadyTasksLists
                0x0000000020000874      0x460 Middlewares/Third_Party/FreeRTOS/Source/tasks.o
 .bss.xDelayedTaskList1
                0x0000000020000cd4       0x14 Middlewares/Third_Party/FreeRTOS/Source/tasks.o
 .bss.xDelayedTaskList2
                0x0000000020000ce8       0x14 Middlewares/Third_Party/FreeRTOS/Source/tasks.o
 .bss.pxDelayedTaskList
                0x0000000020000cfc        0x4 Middlewares/Third_Party/FreeRTOS/Source/tasks.o
 .bss.pxOverflowDelayedTaskList
                0x0000000020000d00        0x4 Middlewares/Third_Party/FreeRTOS/Source/tasks.o
 .bss.xPendingReadyList
                0x0000000020000d04       0x14 Middlewares/Third_Party/FreeRTOS/Source/tasks.o
 .bss.xTasksWaitingTermination
                0x0000000020000d18       0x14 Middlewares/Third_Party/FreeRTOS/Source/tasks.o
 .bss.uxDeletedTasksWaitingCleanUp
                0x0000000020000d2c        0x4 Middlewares/Third_Party/FreeRTOS/Source/tasks.o
 .bss.xSuspendedTaskList
                0x0000000020000d30       0x14 Middlewares/Third_Party/FreeRTOS/Source/tasks.o
 .bss.uxCurrentNumberOfTasks
                0x0000000020000d44        0x4 Middlewares/Third_Party/FreeRTOS/Source/tasks.o
 .bss.xTickCount
                0x0000000020000d48        0x4 Middlewares/Third_Party/FreeRTOS/Source/tasks.o
 .bss.uxTopReadyPriority
                0x0000000020000d4c        0x4 Middlewares/Third_Party/FreeRTOS/Source/tasks.o
 .bss.xSchedulerRunning
                0x0000000020000d50        0x4 Middlewares/Third_Party/FreeRTOS/Source/tasks.o
 .bss.uxPendedTicks
                0x0000000020000d54        0x4 Middlewares/Third_Party/FreeRTOS/Source/tasks.o
 .bss.xYieldPending
                0x0000000020000d58        0x4 Middlewares/Third_Party/FreeRTOS/Source/tasks.o
 .bss.xNumOfOverflows
                0x0000000020000d5c        0x4 Middlewares/Third_Party/FreeRTOS/Source/tasks.o
 .bss.uxTaskNumber
                0x0000000020000d60        0x4 Middlewares/Third_Party/FreeRTOS/Source/tasks.o
 .bss.xNextTaskUnblockTime
                0x0000000020000d64        0x4 Middlewares/Third_Party/FreeRTOS/Source/tasks.o
 .bss.xIdleTaskHandle
                0x0000000020000d68        0x4 Middlewares/Third_Party/FreeRTOS/Source/tasks.o
 .bss.uxSchedulerSuspended
                0x0000000020000d6c        0x4 Middlewares/Third_Party/FreeRTOS/Source/tasks.o
 .bss.xActiveTimerList1
                0x0000000020000d70       0x14 Middlewares/Third_Party/FreeRTOS/Source/timers.o
 .bss.xActiveTimerList2
                0x0000000020000d84       0x14 Middlewares/Third_Party/FreeRTOS/Source/timers.o
 .bss.pxCurrentTimerList
                0x0000000020000d98        0x4 Middlewares/Third_Party/FreeRTOS/Source/timers.o
 .bss.pxOverflowTimerList
                0x0000000020000d9c        0x4 Middlewares/Third_Party/FreeRTOS/Source/timers.o
 .bss.xTimerQueue
                0x0000000020000da0        0x4 Middlewares/Third_Party/FreeRTOS/Source/timers.o
 .bss.xTimerTaskHandle
                0x0000000020000da4        0x4 Middlewares/Third_Party/FreeRTOS/Source/timers.o
 .bss.xLastTime.5524
                0x0000000020000da8        0x4 Middlewares/Third_Party/FreeRTOS/Source/timers.o
 .bss.ucStaticTimerQueueStorage.5575
                0x0000000020000dac       0xa0 Middlewares/Third_Party/FreeRTOS/Source/timers.o
 .bss.xStaticTimerQueue.5574
                0x0000000020000e4c       0x50 Middlewares/Third_Party/FreeRTOS/Source/timers.o
 .bss.ucMaxSysCallPriority
                0x0000000020000e9c        0x1 Middlewares/Third_Party/FreeRTOS/Source/portable/GCC/ARM_CM3/port.o
 *fill*         0x0000000020000e9d        0x3 
 .bss.ulMaxPRIGROUPValue
                0x0000000020000ea0        0x4 Middlewares/Third_Party/FreeRTOS/Source/portable/GCC/ARM_CM3/port.o
 .bss.ucHeap    0x0000000020000ea4     0x139c Middlewares/Third_Party/FreeRTOS/Source/portable/MemMang/heap_4.o
 .bss.xStart    0x0000000020002240        0x8 Middlewares/Third_Party/FreeRTOS/Source/portable/MemMang/heap_4.o
 .bss.pxEnd     0x0000000020002248        0x4 Middlewares/Third_Party/FreeRTOS/Source/portable/MemMang/heap_4.o
 .bss.xFreeBytesRemaining
                0x000000002000224c        0x4 Middlewares/Third_Party/FreeRTOS/Source/portable/MemMang/heap_4.o
 .bss.xMinimumEverFreeBytesRemaining
                0x0000000020002250        0x4 Middlewares/Third_Party/FreeRTOS/Source/portable/MemMang/heap_4.o
 .bss.xBlockAllocatedBit
                0x0000000020002254        0x4 Middlewares/Third_Party/FreeRTOS/Source/portable/MemMang/heap_4.o
 .bss.mem.8581  0x0000000020002258      0x220 USB_DEVICE/Target/usbd_conf.o
 *(COMMON)
 COMMON         0x0000000020002478       0x20 Core/Src/freertos.o
                0x0000000020002478                defaultTaskHandle
                0x000000002000247c                LEDheartbeatHandle
                0x0000000020002480                UARTtaskHandle
                0x0000000020002484                taskUSB_rcvHandle
                0x0000000020002488                qUSB_rcvHandle
                0x000000002000248c                qVFDHandle
                0x0000000020002490                qUSB_rcvQueue
                0x0000000020002494                EncoderHandle
 COMMON         0x0000000020002498       0xe0 Core/Src/microrl_cmd.o
                0x0000000020002498                compl_word
                0x00000000200024d8                mcrl
 COMMON         0x0000000020002578       0x58 Core/Src/spi.o
                0x0000000020002578                hspi2
 COMMON         0x00000000200025d0       0x48 Core/Src/stm32f1xx_hal_timebase_tim.o
                0x00000000200025d0                htim1
 COMMON         0x0000000020002618       0x44 Core/Src/usart.o
                0x0000000020002618                huart2
 COMMON         0x000000002000265c        0x4 Drivers/STM32F1xx_HAL_Driver/Src/stm32f1xx_hal.o
                0x000000002000265c                uwTick
 COMMON         0x0000000020002660       0x40 Middlewares/Third_Party/FreeRTOS/Source/queue.o
                0x0000000020002660                xQueueRegistry
 COMMON         0x00000000200026a0      0x2c4 USB_DEVICE/App/usb_device.o
                0x00000000200026a0                hUsbDeviceFS
 COMMON         0x0000000020002964      0x7d0 USB_DEVICE/App/usbd_cdc_if.o
                0x0000000020002964                UserRxBufferFS
                0x0000000020002d4c                UserTxBufferFS
 COMMON         0x0000000020003134      0x200 USB_DEVICE/App/usbd_desc.o
                0x0000000020003134                USBD_StrDesc
 COMMON         0x0000000020003334      0x2ec USB_DEVICE/Target/usbd_conf.o
                0x0000000020003334                hpcd_USB_FS
                0x0000000020003620                . = ALIGN (0x4)
                0x0000000020003620                _ebss = .
                0x0000000020003620                __bss_end__ = _ebss

._user_heap_stack
                0x0000000020003620      0x600 load address 0x000000000800e8a0
                0x0000000020003620                . = ALIGN (0x8)
                [!provide]                        PROVIDE (end = .)
                0x0000000020003620                PROVIDE (_end = .)
                0x0000000020003820                . = (. + _Min_Heap_Size)
 *fill*         0x0000000020003620      0x200 
                0x0000000020003c20                . = (. + _Min_Stack_Size)
 *fill*         0x0000000020003820      0x400 
                0x0000000020003c20                . = ALIGN (0x8)

/DISCARD/
 libc.a(*)
 libm.a(*)
 libgcc.a(*)

.ARM.attributes
                0x0000000000000000       0x29
 *(.ARM.attributes)
 .ARM.attributes
                0x0000000000000000       0x1d c:/st/stm32cubeide_1.5.1/stm32cubeide/plugins/com.st.stm32cube.ide.mcu.externaltools.gnu-tools-for-stm32.9-2020-q2-update.win32_1.5.0.202011040924/tools/bin/../lib/gcc/arm-none-eabi/9.3.1/thumb/v7-m/nofp/crti.o
 .ARM.attributes
                0x000000000000001d       0x2d c:/st/stm32cubeide_1.5.1/stm32cubeide/plugins/com.st.stm32cube.ide.mcu.externaltools.gnu-tools-for-stm32.9-2020-q2-update.win32_1.5.0.202011040924/tools/bin/../lib/gcc/arm-none-eabi/9.3.1/thumb/v7-m/nofp/crtbegin.o
 .ARM.attributes
                0x000000000000004a       0x2d Core/Src/freertos.o
 .ARM.attributes
                0x0000000000000077       0x2d Core/Src/gpio.o
 .ARM.attributes
                0x00000000000000a4       0x2d Core/Src/main.o
 .ARM.attributes
                0x00000000000000d1       0x2d Core/Src/microrl.o
 .ARM.attributes
                0x00000000000000fe       0x2d Core/Src/microrl_cmd.o
 .ARM.attributes
                0x000000000000012b       0x2d Core/Src/spi.o
 .ARM.attributes
                0x0000000000000158       0x2d Core/Src/stm32f1xx_hal_msp.o
 .ARM.attributes
                0x0000000000000185       0x2d Core/Src/stm32f1xx_hal_timebase_tim.o
 .ARM.attributes
                0x00000000000001b2       0x2d Core/Src/stm32f1xx_it.o
 .ARM.attributes
                0x00000000000001df       0x2d Core/Src/system_stm32f1xx.o
 .ARM.attributes
                0x000000000000020c       0x2d Core/Src/usart.o
 .ARM.attributes
                0x0000000000000239       0x2d Core/Src/vfd.o
 .ARM.attributes
                0x0000000000000266       0x21 Core/Startup/startup_stm32f103c8tx.o
 .ARM.attributes
                0x0000000000000287       0x2d Drivers/STM32F1xx_HAL_Driver/Src/stm32f1xx_hal.o
 .ARM.attributes
                0x00000000000002b4       0x2d Drivers/STM32F1xx_HAL_Driver/Src/stm32f1xx_hal_cortex.o
 .ARM.attributes
                0x00000000000002e1       0x2d Drivers/STM32F1xx_HAL_Driver/Src/stm32f1xx_hal_dma.o
 .ARM.attributes
                0x000000000000030e       0x2d Drivers/STM32F1xx_HAL_Driver/Src/stm32f1xx_hal_gpio.o
 .ARM.attributes
                0x000000000000033b       0x2d Drivers/STM32F1xx_HAL_Driver/Src/stm32f1xx_hal_pcd.o
 .ARM.attributes
                0x0000000000000368       0x2d Drivers/STM32F1xx_HAL_Driver/Src/stm32f1xx_hal_pcd_ex.o
 .ARM.attributes
                0x0000000000000395       0x2d Drivers/STM32F1xx_HAL_Driver/Src/stm32f1xx_hal_rcc.o
 .ARM.attributes
                0x00000000000003c2       0x2d Drivers/STM32F1xx_HAL_Driver/Src/stm32f1xx_hal_rcc_ex.o
 .ARM.attributes
                0x00000000000003ef       0x2d Drivers/STM32F1xx_HAL_Driver/Src/stm32f1xx_hal_spi.o
 .ARM.attributes
                0x000000000000041c       0x2d Drivers/STM32F1xx_HAL_Driver/Src/stm32f1xx_hal_tim.o
 .ARM.attributes
                0x0000000000000449       0x2d Drivers/STM32F1xx_HAL_Driver/Src/stm32f1xx_hal_tim_ex.o
 .ARM.attributes