microrl_cmd.c:148:6:microrl_print_char	16	static
microrl_cmd.c:153:6:print	24	static
microrl_cmd.c:168:5:find_color_by_name	24	static
microrl_cmd.c:180:5:print_color	16	static
microrl_cmd.c:188:5:str_length	24	static
microrl_cmd.c:197:5:print_help	40	static
microrl_cmd.c:247:5:execute	48	static
microrl_cmd.c:320:9:complet	56	static
microrl_cmd.c:391:6:sigint	16	static
microrl_cmd.c:404:6:init_microrl	8	static
microrl_cmd.c:419:5:clear_screen	16	static
microrl_cmd.c:427:6:set_CDC_ready	4	static
microrl_cmd.c:433:5:color_toggle	16	static
microrl_cmd.c:439:5:color_on	16	static
microrl_cmd.c:447:5:color_off	16	static
microrl_cmd.c:455:5:color_show	16	static
microrl_cmd.c:466:5:nema_toggle	16	static
microrl_cmd.c:472:5:nema_on	16	static
microrl_cmd.c:479:5:nema_off	16	static
microrl_cmd.c:486:5:vfd_text	32	static
microrl_cmd.c:504:5:show_encoder	32	static
microrl_cmd.c:523:6:get_nema	4	static
microrl_cmd.c:529:5:leds_toggle	16	static
microrl_cmd.c:539:5:set_td	24	static
microrl_cmd.c:556:5:get_td	40	static
microrl_cmd.c:575:5:get_temp	48	static
microrl_cmd.c:611:5:clock	16	static
