microrl_cmd.c:149:6:microrl_print_char	16	static
microrl_cmd.c:154:6:print	24	static
microrl_cmd.c:169:5:find_color_by_name	24	static
microrl_cmd.c:181:5:print_color	16	static
microrl_cmd.c:189:5:str_length	24	static
microrl_cmd.c:198:5:print_help	40	static
microrl_cmd.c:248:5:execute	48	static
microrl_cmd.c:321:9:complet	56	static
microrl_cmd.c:392:6:sigint	16	static
microrl_cmd.c:405:6:init_microrl	8	static
microrl_cmd.c:420:5:clear_screen	16	static
microrl_cmd.c:428:6:set_CDC_ready	4	static
microrl_cmd.c:434:5:color_toggle	16	static
microrl_cmd.c:440:5:color_on	16	static
microrl_cmd.c:448:5:color_off	16	static
microrl_cmd.c:456:5:color_show	16	static
microrl_cmd.c:467:5:nema_toggle	16	static
microrl_cmd.c:473:5:nema_on	16	static
microrl_cmd.c:480:5:nema_off	16	static
microrl_cmd.c:487:5:vfd	32	static
microrl_cmd.c:505:5:show_encoder	32	static
microrl_cmd.c:524:6:get_nema	4	static
microrl_cmd.c:530:5:leds_toggle	16	static
microrl_cmd.c:540:5:set_td	24	static
microrl_cmd.c:557:5:get_td	40	static
microrl_cmd.c:576:5:get_temp	48	static
microrl_cmd.c:612:5:clock	16	static
