microrl_cmd.c:143:6:microrl_print_char	16	static
microrl_cmd.c:148:6:print	24	static
microrl_cmd.c:163:5:find_color_by_name	24	static
microrl_cmd.c:175:5:print_color	16	static
microrl_cmd.c:183:5:str_length	24	static
microrl_cmd.c:192:5:print_help	40	static
microrl_cmd.c:242:5:execute	48	static
microrl_cmd.c:386:6:sigint	16	static
microrl_cmd.c:399:6:init_microrl	8	static
microrl_cmd.c:414:5:clear_screen	16	static
microrl_cmd.c:422:6:set_CDC_ready	4	static
microrl_cmd.c:428:5:color_toggle	16	static
microrl_cmd.c:434:5:color_on	16	static
microrl_cmd.c:442:5:color_off	16	static
microrl_cmd.c:450:5:color_show	16	static
microrl_cmd.c:461:5:nema_toggle	16	static
microrl_cmd.c:467:5:nema_on	16	static
microrl_cmd.c:474:5:nema_off	16	static
microrl_cmd.c:481:5:vfd	32	static
microrl_cmd.c:499:5:show_encoder	32	static
microrl_cmd.c:518:6:get_nema	4	static
microrl_cmd.c:525:5:set_td	32	static
