microrl_cmd.c:138:6:microrl_print_char	16	static
microrl_cmd.c:143:6:print	24	static
microrl_cmd.c:158:5:find_color_by_name	24	static
microrl_cmd.c:170:5:print_color	16	static
microrl_cmd.c:178:5:str_length	24	static
microrl_cmd.c:187:5:print_help	40	static
microrl_cmd.c:237:5:execute	48	static
microrl_cmd.c:310:9:complet	56	static
microrl_cmd.c:381:6:sigint	16	static
microrl_cmd.c:394:6:init_microrl	8	static
microrl_cmd.c:409:5:clear_screen	16	static
microrl_cmd.c:417:6:set_CDC_ready	4	static
microrl_cmd.c:423:5:color_toggle	16	static
microrl_cmd.c:429:5:color_on	16	static
microrl_cmd.c:437:5:color_off	16	static
microrl_cmd.c:445:5:color_show	16	static
microrl_cmd.c:456:5:nema_toggle	16	static
microrl_cmd.c:462:5:nema_on	16	static
microrl_cmd.c:470:5:nema_off	16	static
microrl_cmd.c:479:5:show_encoder	32	static
microrl_cmd.c:498:6:get_nema	4	static
