microrl_cmd.c:141:6:microrl_print_char	16	static
microrl_cmd.c:146:6:print	24	static
microrl_cmd.c:161:5:find_color_by_name	24	static
microrl_cmd.c:173:5:print_color	16	static
microrl_cmd.c:181:5:str_length	24	static
microrl_cmd.c:190:5:print_help	40	static
microrl_cmd.c:240:5:execute	48	static
microrl_cmd.c:313:9:complet	56	static
microrl_cmd.c:384:6:sigint	16	static
microrl_cmd.c:397:6:init_microrl	8	static
microrl_cmd.c:412:5:clear_screen	16	static
microrl_cmd.c:420:6:set_CDC_ready	4	static
microrl_cmd.c:426:5:color_toggle	16	static
microrl_cmd.c:432:5:color_on	16	static
microrl_cmd.c:440:5:color_off	16	static
microrl_cmd.c:448:5:color_show	16	static
microrl_cmd.c:459:5:nema_toggle	16	static
microrl_cmd.c:465:5:nema_on	16	static
microrl_cmd.c:473:5:nema_off	16	static
microrl_cmd.c:481:5:vfd	32	static
microrl_cmd.c:498:5:show_encoder	32	static
microrl_cmd.c:517:6:get_nema	4	static
