microrl_cmd.c:139:6:microrl_print_char	16	static
microrl_cmd.c:144:6:print	24	static
microrl_cmd.c:159:5:find_color_by_name	24	static
microrl_cmd.c:171:5:print_color	16	static
microrl_cmd.c:179:5:str_length	24	static
microrl_cmd.c:188:5:print_help	40	static
microrl_cmd.c:238:5:execute	48	static
microrl_cmd.c:311:9:complet	56	static
microrl_cmd.c:382:6:sigint	16	static
microrl_cmd.c:395:6:init_microrl	8	static
microrl_cmd.c:410:5:clear_screen	16	static
microrl_cmd.c:418:6:set_CDC_ready	4	static
microrl_cmd.c:424:5:color_toggle	16	static
microrl_cmd.c:430:5:color_on	16	static
microrl_cmd.c:438:5:color_off	16	static
microrl_cmd.c:446:5:color_show	16	static
microrl_cmd.c:457:5:nema_toggle	16	static
microrl_cmd.c:463:5:nema_on	16	static
microrl_cmd.c:471:5:nema_off	16	static
microrl_cmd.c:479:5:vfd	24	static
microrl_cmd.c:494:5:show_encoder	32	static
microrl_cmd.c:513:6:get_nema	4	static
