microrl_cmd.c:142:6:microrl_print_char	16	static
microrl_cmd.c:147:6:print	24	static
microrl_cmd.c:162:5:find_color_by_name	24	static
microrl_cmd.c:174:5:print_color	16	static
microrl_cmd.c:182:5:str_length	24	static
microrl_cmd.c:191:5:print_help	40	static
microrl_cmd.c:241:5:execute	48	static
microrl_cmd.c:314:9:complet	56	static
microrl_cmd.c:385:6:sigint	16	static
microrl_cmd.c:398:6:init_microrl	8	static
microrl_cmd.c:413:5:clear_screen	16	static
microrl_cmd.c:421:6:set_CDC_ready	4	static
microrl_cmd.c:427:5:color_toggle	16	static
microrl_cmd.c:433:5:color_on	16	static
microrl_cmd.c:441:5:color_off	16	static
microrl_cmd.c:449:5:color_show	16	static
microrl_cmd.c:460:5:nema_toggle	16	static
microrl_cmd.c:466:5:nema_on	16	static
microrl_cmd.c:474:5:nema_off	16	static
microrl_cmd.c:482:5:vfd	32	static
microrl_cmd.c:499:5:show_encoder	32	static
microrl_cmd.c:518:6:get_nema	4	static
