microrl_cmd.c:138:6:microrl_print_char	16	static
microrl_cmd.c:143:6:print	24	static
microrl_cmd.c:172:5:find_color_by_name	24	static
microrl_cmd.c:184:5:print_color	16	static
microrl_cmd.c:192:5:str_length	24	static
microrl_cmd.c:201:5:print_help	40	static
microrl_cmd.c:251:5:execute	48	static
microrl_cmd.c:324:9:complet	56	static
microrl_cmd.c:395:6:sigint	16	static
microrl_cmd.c:408:6:init_microrl	8	static
microrl_cmd.c:423:5:clear_screen	16	static
microrl_cmd.c:431:6:set_CDC_ready	4	static
microrl_cmd.c:437:5:color_toggle	16	static
microrl_cmd.c:443:5:color_on	16	static
microrl_cmd.c:451:5:color_off	16	static
microrl_cmd.c:459:5:color_show	16	static
microrl_cmd.c:470:5:nema_toggle	16	static
microrl_cmd.c:476:5:nema_on	16	static
microrl_cmd.c:484:5:nema_off	16	static
microrl_cmd.c:493:5:show_encoder	32	static
microrl_cmd.c:511:6:get_nema	4	static
