microrl_cmd.c:136:6:microrl_print_char	16	static
microrl_cmd.c:141:6:print	24	static
microrl_cmd.c:170:5:find_color_by_name	24	static
microrl_cmd.c:182:5:print_color	16	static
microrl_cmd.c:190:5:str_length	24	static
microrl_cmd.c:199:5:print_help	40	static
microrl_cmd.c:249:5:execute	48	static
microrl_cmd.c:322:9:complet	56	static
microrl_cmd.c:393:6:sigint	16	static
microrl_cmd.c:406:6:init_microrl	8	static
microrl_cmd.c:421:5:clear_screen	16	static
microrl_cmd.c:429:6:set_CDC_ready	4	static
microrl_cmd.c:435:5:color_toggle	16	static
microrl_cmd.c:441:5:color_on	16	static
microrl_cmd.c:449:5:color_off	16	static
microrl_cmd.c:457:5:color_show	16	static
microrl_cmd.c:468:5:nema_toggle	16	static
microrl_cmd.c:474:5:nema_on	16	static
microrl_cmd.c:482:5:nema_off	16	static
microrl_cmd.c:490:6:get_nema	4	static
