SEGGER_RTT.c:264:13:_DoInit	16	static
SEGGER_RTT.c:319:17:_WriteBlocking	40	static
SEGGER_RTT.c:383:13:_WriteNoCheck	40	static
SEGGER_RTT.c:447:13:_PostTerminalSwitch	24	static
SEGGER_RTT.c:469:17:_GetAvailWriteSpace	32	static
SEGGER_RTT.c:510:10:SEGGER_RTT_ReadNoLock	48	static
SEGGER_RTT.c:600:10:SEGGER_RTT_Read	32	static,ignoring_inline_asm
SEGGER_RTT.c:639:6:SEGGER_RTT_WriteWithOverwriteNoLock	40	static
SEGGER_RTT.c:735:10:SEGGER_RTT_WriteSkipNoLock	48	static
SEGGER_RTT.c:879:10:SEGGER_RTT_WriteNoLock	40	static
SEGGER_RTT.c:950:10:SEGGER_RTT_Write	32	static,ignoring_inline_asm
SEGGER_RTT.c:987:10:SEGGER_RTT_WriteString	24	static
SEGGER_RTT.c:1017:10:SEGGER_RTT_PutCharSkipNoLock	32	static
SEGGER_RTT.c:1064:10:SEGGER_RTT_PutCharSkip	32	static,ignoring_inline_asm
SEGGER_RTT.c:1120:10:SEGGER_RTT_PutChar	32	static,ignoring_inline_asm
SEGGER_RTT.c:1181:5:SEGGER_RTT_GetKey	16	static
SEGGER_RTT.c:1209:5:SEGGER_RTT_WaitKey	16	static
SEGGER_RTT.c:1232:5:SEGGER_RTT_HasKey	16	static
SEGGER_RTT.c:1258:10:SEGGER_RTT_HasData	24	static
SEGGER_RTT.c:1279:10:SEGGER_RTT_HasDataUp	24	static
SEGGER_RTT.c:1307:5:SEGGER_RTT_AllocDownBuffer	32	static,ignoring_inline_asm
SEGGER_RTT.c:1352:5:SEGGER_RTT_AllocUpBuffer	32	static,ignoring_inline_asm
SEGGER_RTT.c:1403:5:SEGGER_RTT_ConfigUpBuffer	32	static,ignoring_inline_asm
SEGGER_RTT.c:1450:5:SEGGER_RTT_ConfigDownBuffer	32	static,ignoring_inline_asm
SEGGER_RTT.c:1488:5:SEGGER_RTT_SetNameUpBuffer	24	static,ignoring_inline_asm
SEGGER_RTT.c:1519:5:SEGGER_RTT_SetNameDownBuffer	24	static,ignoring_inline_asm
SEGGER_RTT.c:1550:5:SEGGER_RTT_SetFlagsUpBuffer	24	static,ignoring_inline_asm
SEGGER_RTT.c:1581:5:SEGGER_RTT_SetFlagsDownBuffer	24	static,ignoring_inline_asm
SEGGER_RTT.c:1605:6:SEGGER_RTT_Init	8	static
SEGGER_RTT.c:1623:5:SEGGER_RTT_SetTerminal	40	static,ignoring_inline_asm
SEGGER_RTT.c:1673:5:SEGGER_RTT_TerminalOut	40	static,ignoring_inline_asm
